Component: ARM Compiler 5.06 update 1 (build 61) Tool: armlink [4d35a8]

==============================================================================

Section Cross References

    main.o(i.main) refers to main.o(i.PLL_Init) for PLL_Init
    main.o(i.main) refers to uart.o(i.Uart0_Init) for Uart0_Init
    main.o(i.main) refers to uart.o(i.UART_MessageParser) for UART_MessageParser
    startup_rvmdk.o(RESET) refers to startup_rvmdk.o(STACK) for StackMem
    startup_rvmdk.o(RESET) refers to interface.o(i.GPIOA_intHandler) for GPIOA_intHandler
    startup_rvmdk.o(RESET) refers to uart.o(i.UARTIntHandler) for UARTIntHandler
    startup_rvmdk.o(RESET) refers to entry.o(.ARM.Collect$$$$00000000) for __main
    ustdlib.o(i.ulocaltime) refers to ustdlib.o(.constdata) for .constdata
    ustdlib.o(i.umktime) refers to ustdlib.o(i.ulocaltime) for ulocaltime
    ustdlib.o(i.umktime) refers to ustdlib.o(i.ucmptime) for ucmptime
    ustdlib.o(i.urand) refers to ustdlib.o(.data) for .data
    ustdlib.o(i.usnprintf) refers to ustdlib.o(i.uvsnprintf) for uvsnprintf
    ustdlib.o(i.usprintf) refers to ustdlib.o(i.uvsnprintf) for uvsnprintf
    ustdlib.o(i.usrand) refers to ustdlib.o(.data) for .data
    ustdlib.o(i.ustrcasecmp) refers to ustdlib.o(i.ustrncasecmp) for ustrncasecmp
    ustdlib.o(i.ustrcmp) refers to ustdlib.o(i.ustrncmp) for ustrncmp
    ustdlib.o(i.ustrstr) refers to ustdlib.o(i.ustrlen) for ustrlen
    ustdlib.o(i.ustrstr) refers to ustdlib.o(i.ustrncmp) for ustrncmp
    ustdlib.o(i.ustrtof) refers to ustdlib.o(.constdata) for .constdata
    ustdlib.o(i.uvsnprintf) refers to ustdlib.o(i.ustrncpy) for ustrncpy
    ustdlib.o(i.uvsnprintf) refers to ustdlib.o(.constdata) for .constdata
    ustdlib.o(.constdata) refers to ustdlib.o(.conststring) for .conststring
    timer.o(i.Disable_Interrupts) refers to timer.o(i.Timer0A_Stop) for Timer0A_Stop
    timer.o(i.Enable_Interrupts) refers to timer.o(i.Timer0A_Start) for Timer0A_Start
    random.o(i.Random) refers to random.o(.data) for .data
    random.o(i.RandomX) refers to random.o(i.Random) for Random
    random.o(i.Random_Init) refers to random.o(.data) for .data
    interface.o(i.GPIOA_intHandler) refers to timer.o(i.TimerValueGet) for TimerValueGet
    interface.o(i.GPIOA_intHandler) refers to dfltui.o(.text) for __aeabi_ui2d
    interface.o(i.GPIOA_intHandler) refers to dadd.o(.text) for __aeabi_drsub
    interface.o(i.GPIOA_intHandler) refers to dfixui.o(.text) for __aeabi_d2uiz
    interface.o(i.GPIOA_intHandler) refers to dmul.o(.text) for __aeabi_dmul
    interface.o(i.GPIOA_intHandler) refers to d2f.o(.text) for __aeabi_d2f
    interface.o(i.GPIOA_intHandler) refers to roundf.o(i.__hardfp_roundf) for __hardfp_roundf
    interface.o(i.GPIOA_intHandler) refers to interface.o(.data) for .data
    interface.o(i.GPIOA_intHandler) refers to interface.o(.bss) for .bss
    interface.o(i.Get_Switch_Action) refers to interface.o(.bss) for .bss
    interface.o(i.Sw_Ack) refers to interface.o(.bss) for .bss
    uart.o(i.UARTIntHandler) refers to uart.o(i.UART_Send) for UART_Send
    uart.o(i.UARTIntHandler) refers to uart.o(i.UART_CalcChkSum) for UART_CalcChkSum
    uart.o(i.UARTIntHandler) refers to uart.o(.bss) for .bss
    uart.o(i.UARTIntHandler) refers to uart.o(.data) for .data
    uart.o(i.UART_CalcChkSum) refers to uart.o(.data) for .data
    uart.o(i.UART_MessageParser) refers to uart.o(i.UART_Send) for UART_Send
    uart.o(i.UART_MessageParser) refers to memseta.o(.text) for __aeabi_memclr
    uart.o(i.UART_MessageParser) refers to uart.o(.data) for .data
    uart.o(i.UART_MessageParser) refers to uart.o(.bss) for .bss
    uart.o(i.UART_Send) refers to uart.o(i.UART_CalcChkSum) for UART_CalcChkSum
    timer.o(i.TimerIntRegister) refers to interrupt.o(i.IntRegister) for IntRegister
    timer.o(i.TimerIntRegister) refers to interrupt.o(i.IntEnable) for IntEnable
    timer.o(i.TimerIntRegister) refers to timer.o(.constdata) for .constdata
    timer.o(i.TimerIntUnregister) refers to interrupt.o(i.IntDisable) for IntDisable
    timer.o(i.TimerIntUnregister) refers to interrupt.o(i.IntUnregister) for IntUnregister
    timer.o(i.TimerIntUnregister) refers to timer.o(.constdata) for .constdata
    interrupt.o(i.IntDisable) refers to interrupt.o(.constdata) for .constdata
    interrupt.o(i.IntEnable) refers to interrupt.o(.constdata) for .constdata
    interrupt.o(i.IntIsEnabled) refers to interrupt.o(.constdata) for .constdata
    interrupt.o(i.IntMasterDisable) refers to cpu.o(.emb_text) for CPUcpsid
    interrupt.o(i.IntMasterEnable) refers to cpu.o(.emb_text) for CPUcpsie
    interrupt.o(i.IntPendClear) refers to interrupt.o(.constdata) for .constdata
    interrupt.o(i.IntPendSet) refers to interrupt.o(.constdata) for .constdata
    interrupt.o(i.IntPriorityGet) refers to interrupt.o(.constdata) for .constdata
    interrupt.o(i.IntPriorityGroupingGet) refers to interrupt.o(.constdata) for .constdata
    interrupt.o(i.IntPriorityGroupingSet) refers to interrupt.o(.constdata) for .constdata
    interrupt.o(i.IntPriorityMaskGet) refers to cpu.o(.emb_text) for CPUbasepriGet
    interrupt.o(i.IntPriorityMaskSet) refers to cpu.o(.emb_text) for CPUbasepriSet
    interrupt.o(i.IntPrioritySet) refers to interrupt.o(.constdata) for .constdata
    interrupt.o(i.IntRegister) refers to interrupt.o(vtable) for vtable
    interrupt.o(i.IntUnregister) refers to interrupt.o(i._IntDefaultHandler) for _IntDefaultHandler
    interrupt.o(i.IntUnregister) refers to interrupt.o(vtable) for vtable
    roundf.o(i.__hardfp_roundf) refers (Special) to iusefp.o(.text) for __I$use$fp
    roundf.o(i.__hardfp_roundf) refers to frnd.o(.text) for _frnd
    roundf.o(i.roundf) refers (Special) to iusefp.o(.text) for __I$use$fp
    roundf.o(i.roundf) refers to roundf.o(i.__hardfp_roundf) for __hardfp_roundf
    entry.o(.ARM.Collect$$$$00000000) refers (Special) to entry10a.o(.ARM.Collect$$$$0000000D) for __rt_final_cpp
    entry.o(.ARM.Collect$$$$00000000) refers (Special) to entry11a.o(.ARM.Collect$$$$0000000F) for __rt_final_exit
    entry.o(.ARM.Collect$$$$00000000) refers (Special) to entry7b.o(.ARM.Collect$$$$00000008) for _main_clock
    entry.o(.ARM.Collect$$$$00000000) refers (Special) to entry8b.o(.ARM.Collect$$$$0000000A) for _main_cpp_init
    entry.o(.ARM.Collect$$$$00000000) refers (Special) to entry9a.o(.ARM.Collect$$$$0000000B) for _main_init
    entry.o(.ARM.Collect$$$$00000000) refers (Special) to entry5.o(.ARM.Collect$$$$00000004) for _main_scatterload
    entry.o(.ARM.Collect$$$$00000000) refers (Special) to entry2.o(.ARM.Collect$$$$00000001) for _main_stk
    dadd.o(.text) refers (Special) to iusefp.o(.text) for __I$use$fp
    dadd.o(.text) refers to llshl.o(.text) for __aeabi_llsl
    dadd.o(.text) refers to llsshr.o(.text) for __aeabi_lasr
    dadd.o(.text) refers to depilogue.o(.text) for _double_epilogue
    dmul.o(.text) refers (Special) to iusefp.o(.text) for __I$use$fp
    dmul.o(.text) refers to depilogue.o(.text) for _double_epilogue
    dfltui.o(.text) refers (Special) to iusefp.o(.text) for __I$use$fp
    dfltui.o(.text) refers to depilogue.o(.text) for _double_epilogue
    dfixui.o(.text) refers (Special) to iusefp.o(.text) for __I$use$fp
    dfixui.o(.text) refers to llushr.o(.text) for __aeabi_llsr
    d2f.o(.text) refers (Special) to iusefp.o(.text) for __I$use$fp
    d2f.o(.text) refers to fepilogue.o(.text) for _float_round
    entry2.o(.ARM.Collect$$$$00000001) refers to entry2.o(.ARM.Collect$$$$00002712) for __lit__00000000
    entry2.o(.ARM.Collect$$$$00002712) refers to startup_rvmdk.o(STACK) for __initial_sp
    entry2.o(__vectab_stack_and_reset_area) refers to startup_rvmdk.o(STACK) for __initial_sp
    entry2.o(__vectab_stack_and_reset_area) refers to entry.o(.ARM.Collect$$$$00000000) for __main
    entry5.o(.ARM.Collect$$$$00000004) refers to init.o(.text) for __scatterload
    entry9a.o(.ARM.Collect$$$$0000000B) refers to main.o(i.main) for main
    entry9b.o(.ARM.Collect$$$$0000000C) refers to main.o(i.main) for main
    frnd.o(.text) refers to fepilogue.o(.text) for _float_round
    depilogue.o(.text) refers to llshl.o(.text) for __aeabi_llsl
    depilogue.o(.text) refers to llushr.o(.text) for __aeabi_llsr
    init.o(.text) refers to entry5.o(.ARM.Collect$$$$00000004) for __main_after_scatterload


==============================================================================

Removing Unused input sections from the image.

    Removing main.o(.data), (3 bytes).
    Removing startup_rvmdk.o(HEAP), (0 bytes).
    Removing startup_rvmdk.o(.text), (0 bytes).
    Removing delay.o(i.Delay_100ms), (28 bytes).
    Removing delay.o(i.Delay_12ns), (10 bytes).
    Removing delay.o(i.Delay_1ms), (28 bytes).
    Removing ustdlib.o(i.ucmptime), (82 bytes).
    Removing ustdlib.o(i.ulocaltime), (164 bytes).
    Removing ustdlib.o(i.umktime), (58 bytes).
    Removing ustdlib.o(i.urand), (28 bytes).
    Removing ustdlib.o(i.usnprintf), (18 bytes).
    Removing ustdlib.o(i.usprintf), (22 bytes).
    Removing ustdlib.o(i.usrand), (12 bytes).
    Removing ustdlib.o(i.ustrcasecmp), (8 bytes).
    Removing ustdlib.o(i.ustrcmp), (8 bytes).
    Removing ustdlib.o(i.ustrlen), (16 bytes).
    Removing ustdlib.o(i.ustrncasecmp), (70 bytes).
    Removing ustdlib.o(i.ustrncmp), (46 bytes).
    Removing ustdlib.o(i.ustrncpy), (36 bytes).
    Removing ustdlib.o(i.ustrstr), (42 bytes).
    Removing ustdlib.o(i.ustrtof), (316 bytes).
    Removing ustdlib.o(i.ustrtoul), (158 bytes).
    Removing ustdlib.o(i.uvsnprintf), (592 bytes).
    Removing ustdlib.o(.constdata), (76 bytes).
    Removing ustdlib.o(.conststring), (17 bytes).
    Removing ustdlib.o(.data), (4 bytes).
    Removing timer.o(i.Disable_Interrupts), (4 bytes).
    Removing timer.o(i.Enable_Interrupts), (4 bytes).
    Removing timer.o(i.Timer0A_Init), (60 bytes).
    Removing timer.o(i.Timer0A_Start), (16 bytes).
    Removing timer.o(i.Timer0A_Stop), (16 bytes).
    Removing random.o(i.Random), (28 bytes).
    Removing random.o(i.RandomX), (20 bytes).
    Removing random.o(i.Random_Init), (12 bytes).
    Removing random.o(.data), (4 bytes).
    Removing interface.o(i.Buttons_Init), (172 bytes).
    Removing interface.o(i.Get_Switch_Action), (12 bytes).
    Removing interface.o(i.Sw_Ack), (12 bytes).
    Removing timer.o(i.TimerADCEventGet), (4 bytes).
    Removing timer.o(i.TimerADCEventSet), (4 bytes).
    Removing timer.o(i.TimerClockSourceGet), (6 bytes).
    Removing timer.o(i.TimerClockSourceSet), (6 bytes).
    Removing timer.o(i.TimerConfigure), (96 bytes).
    Removing timer.o(i.TimerControlEvent), (18 bytes).
    Removing timer.o(i.TimerControlLevel), (22 bytes).
    Removing timer.o(i.TimerControlStall), (22 bytes).
    Removing timer.o(i.TimerControlTrigger), (76 bytes).
    Removing timer.o(i.TimerControlWaitOnTrigger), (48 bytes).
    Removing timer.o(i.TimerDMAEventGet), (4 bytes).
    Removing timer.o(i.TimerDMAEventSet), (4 bytes).
    Removing timer.o(i.TimerDisable), (16 bytes).
    Removing timer.o(i.TimerEnable), (14 bytes).
    Removing timer.o(i.TimerIntClear), (4 bytes).
    Removing timer.o(i.TimerIntDisable), (10 bytes).
    Removing timer.o(i.TimerIntEnable), (8 bytes).
    Removing timer.o(i.TimerIntRegister), (104 bytes).
    Removing timer.o(i.TimerIntStatus), (10 bytes).
    Removing timer.o(i.TimerIntUnregister), (104 bytes).
    Removing timer.o(i.TimerLoadGet), (10 bytes).
    Removing timer.o(i.TimerLoadGet64), (14 bytes).
    Removing timer.o(i.TimerLoadSet), (18 bytes).
    Removing timer.o(i.TimerLoadSet64), (6 bytes).
    Removing timer.o(i.TimerMatchGet), (10 bytes).
    Removing timer.o(i.TimerMatchGet64), (14 bytes).
    Removing timer.o(i.TimerMatchSet), (18 bytes).
    Removing timer.o(i.TimerMatchSet64), (6 bytes).
    Removing timer.o(i.TimerPrescaleGet), (10 bytes).
    Removing timer.o(i.TimerPrescaleMatchGet), (10 bytes).
    Removing timer.o(i.TimerPrescaleMatchSet), (18 bytes).
    Removing timer.o(i.TimerPrescaleSet), (18 bytes).
    Removing timer.o(i.TimerRTCDisable), (10 bytes).
    Removing timer.o(i.TimerRTCEnable), (10 bytes).
    Removing timer.o(i.TimerSynchronize), (4 bytes).
    Removing timer.o(i.TimerUpdateMode), (42 bytes).
    Removing timer.o(i.TimerValueGet64), (14 bytes).
    Removing timer.o(.constdata), (160 bytes).
    Removing interrupt.o(i.IntDisable), (100 bytes).
    Removing interrupt.o(i.IntEnable), (100 bytes).
    Removing interrupt.o(i.IntIsEnabled), (96 bytes).
    Removing interrupt.o(i.IntMasterDisable), (14 bytes).
    Removing interrupt.o(i.IntMasterEnable), (14 bytes).
    Removing interrupt.o(i.IntPendClear), (68 bytes).
    Removing interrupt.o(i.IntPendSet), (84 bytes).
    Removing interrupt.o(i.IntPriorityGet), (28 bytes).
    Removing interrupt.o(i.IntPriorityGroupingGet), (36 bytes).
    Removing interrupt.o(i.IntPriorityGroupingSet), (28 bytes).
    Removing interrupt.o(i.IntPriorityMaskGet), (4 bytes).
    Removing interrupt.o(i.IntPriorityMaskSet), (4 bytes).
    Removing interrupt.o(i.IntPrioritySet), (40 bytes).
    Removing interrupt.o(i.IntRegister), (52 bytes).
    Removing interrupt.o(i.IntTrigger), (12 bytes).
    Removing interrupt.o(i.IntUnregister), (20 bytes).
    Removing interrupt.o(i._IntDefaultHandler), (2 bytes).
    Removing interrupt.o(.constdata), (268 bytes).
    Removing interrupt.o(vtable), (620 bytes).
    Removing cpu.o(.emb_text), (38 bytes).

96 unused section(s) (total 4802 bytes) removed from the image.

==============================================================================

Image Symbol Table

    Local Symbols

    Symbol Name                              Value     Ov Type        Size  Object(Section)

    RESET                                    0x00000000   Section      648  startup_rvmdk.o(RESET)
    ../clib/microlib/init/entry.s            0x00000000   Number         0  entry11b.o ABSOLUTE
    ../clib/microlib/init/entry.s            0x00000000   Number         0  entry11a.o ABSOLUTE
    ../clib/microlib/init/entry.s            0x00000000   Number         0  entry10b.o ABSOLUTE
    ../clib/microlib/init/entry.s            0x00000000   Number         0  entry10a.o ABSOLUTE
    ../clib/microlib/init/entry.s            0x00000000   Number         0  entry9b.o ABSOLUTE
    ../clib/microlib/init/entry.s            0x00000000   Number         0  entry9a.o ABSOLUTE
    ../clib/microlib/init/entry.s            0x00000000   Number         0  entry8b.o ABSOLUTE
    ../clib/microlib/init/entry.s            0x00000000   Number         0  entry8a.o ABSOLUTE
    ../clib/microlib/init/entry.s            0x00000000   Number         0  entry7b.o ABSOLUTE
    ../clib/microlib/init/entry.s            0x00000000   Number         0  entry.o ABSOLUTE
    ../clib/microlib/init/entry.s            0x00000000   Number         0  entry7a.o ABSOLUTE
    ../clib/microlib/init/entry.s            0x00000000   Number         0  entry5.o ABSOLUTE
    ../clib/microlib/init/entry.s            0x00000000   Number         0  entry2.o ABSOLUTE
    ../clib/microlib/longlong.c              0x00000000   Number         0  llsshr.o ABSOLUTE
    ../clib/microlib/longlong.c              0x00000000   Number         0  llushr.o ABSOLUTE
    ../clib/microlib/longlong.c              0x00000000   Number         0  llshl.o ABSOLUTE
    ../clib/microlib/string/memset.c         0x00000000   Number         0  memseta.o ABSOLUTE
    ../clib/microlib/stubs.s                 0x00000000   Number         0  iusefp.o ABSOLUTE
    ../fplib/microlib/d2f.c                  0x00000000   Number         0  d2f.o ABSOLUTE
    ../fplib/microlib/fpadd.c                0x00000000   Number         0  dadd.o ABSOLUTE
    ../fplib/microlib/fpepilogue.c           0x00000000   Number         0  fepilogue.o ABSOLUTE
    ../fplib/microlib/fpepilogue.c           0x00000000   Number         0  depilogue.o ABSOLUTE
    ../fplib/microlib/fpfix.c                0x00000000   Number         0  dfixui.o ABSOLUTE
    ../fplib/microlib/fpflt.c                0x00000000   Number         0  dfltui.o ABSOLUTE
    ../fplib/microlib/fpmul.c                0x00000000   Number         0  dmul.o ABSOLUTE
    ../fplib/microlib/fprnd.c                0x00000000   Number         0  frnd.o ABSOLUTE
    ../mathlib/round.c                       0x00000000   Number         0  roundf.o ABSOLUTE
    ..\utils\ustdlib.c                       0x00000000   Number         0  ustdlib.o ABSOLUTE
    Delay.c                                  0x00000000   Number         0  delay.o ABSOLUTE
    Interface.c                              0x00000000   Number         0  interface.o ABSOLUTE
    Random.c                                 0x00000000   Number         0  random.o ABSOLUTE
    Timer.c                                  0x00000000   Number         0  timer.o ABSOLUTE
    Uart.c                                   0x00000000   Number         0  uart.o ABSOLUTE
    cpu.c                                    0x00000000   Number         0  cpu.o ABSOLUTE
    cpu.c                                    0x00000000   Number         0  cpu.o ABSOLUTE
    dc.s                                     0x00000000   Number         0  dc.o ABSOLUTE
    handlers.s                               0x00000000   Number         0  handlers.o ABSOLUTE
    init.s                                   0x00000000   Number         0  init.o ABSOLUTE
    interrupt.c                              0x00000000   Number         0  interrupt.o ABSOLUTE
    main.c                                   0x00000000   Number         0  main.o ABSOLUTE
    startup_rvmdk.S                          0x00000000   Number         0  startup_rvmdk.o ABSOLUTE
    timer.c                                  0x00000000   Number         0  timer.o ABSOLUTE
    $v0                                      0x0000026c   Number         0  startup_rvmdk.o(RESET)
    NmiSR                                    0x00000281   Thumb Code     0  startup_rvmdk.o(RESET)
    FaultISR                                 0x00000283   Thumb Code     0  startup_rvmdk.o(RESET)
    IntDefaultHandler                        0x00000285   Thumb Code     0  startup_rvmdk.o(RESET)
    .ARM.Collect$$$$00000000                 0x00000288   Section        0  entry.o(.ARM.Collect$$$$00000000)
    .ARM.Collect$$$$00000001                 0x00000288   Section        4  entry2.o(.ARM.Collect$$$$00000001)
    .ARM.Collect$$$$00000004                 0x0000028c   Section        4  entry5.o(.ARM.Collect$$$$00000004)
    .ARM.Collect$$$$00000008                 0x00000290   Section        0  entry7b.o(.ARM.Collect$$$$00000008)
    .ARM.Collect$$$$0000000A                 0x00000290   Section        0  entry8b.o(.ARM.Collect$$$$0000000A)
    .ARM.Collect$$$$0000000B                 0x00000290   Section        8  entry9a.o(.ARM.Collect$$$$0000000B)
    .ARM.Collect$$$$0000000D                 0x00000298   Section        0  entry10a.o(.ARM.Collect$$$$0000000D)
    .ARM.Collect$$$$0000000F                 0x00000298   Section        0  entry11a.o(.ARM.Collect$$$$0000000F)
    .ARM.Collect$$$$00002712                 0x00000298   Section        4  entry2.o(.ARM.Collect$$$$00002712)
    __lit__00000000                          0x00000298   Data           4  entry2.o(.ARM.Collect$$$$00002712)
    .text                                    0x0000029c   Section        0  memseta.o(.text)
    .text                                    0x000002c0   Section        0  dadd.o(.text)
    .text                                    0x0000040e   Section        0  dmul.o(.text)
    .text                                    0x000004f2   Section        0  dfltui.o(.text)
    .text                                    0x0000050c   Section        0  dfixui.o(.text)
    .text                                    0x0000053e   Section        0  d2f.o(.text)
    .text                                    0x00000576   Section        0  llshl.o(.text)
    .text                                    0x00000594   Section        0  llushr.o(.text)
    .text                                    0x000005b4   Section        0  llsshr.o(.text)
    .text                                    0x000005d8   Section        0  iusefp.o(.text)
    .text                                    0x000005d8   Section        0  fepilogue.o(.text)
    .text                                    0x00000646   Section        0  frnd.o(.text)
    .text                                    0x00000682   Section        0  depilogue.o(.text)
    .text                                    0x0000073c   Section       36  init.o(.text)
    i.GPIOA_intHandler                       0x00000760   Section        0  interface.o(i.GPIOA_intHandler)
    i.PLL_Init                               0x00000910   Section        0  main.o(i.PLL_Init)
    i.TimerValueGet                          0x00000970   Section        0  timer.o(i.TimerValueGet)
    i.UARTIntHandler                         0x0000097c   Section        0  uart.o(i.UARTIntHandler)
    i.UART_CalcChkSum                        0x00000a58   Section        0  uart.o(i.UART_CalcChkSum)
    UART_CalcChkSum                          0x00000a59   Thumb Code    34  uart.o(i.UART_CalcChkSum)
    i.UART_MessageParser                     0x00000a80   Section        0  uart.o(i.UART_MessageParser)
    i.UART_Send                              0x00000b20   Section        0  uart.o(i.UART_Send)
    i.Uart0_Init                             0x00000b68   Section        0  uart.o(i.Uart0_Init)
    i.__hardfp_roundf                        0x00000bcc   Section        0  roundf.o(i.__hardfp_roundf)
    i.__scatterload_copy                     0x00000c66   Section       14  handlers.o(i.__scatterload_copy)
    i.__scatterload_null                     0x00000c74   Section        2  handlers.o(i.__scatterload_null)
    i.__scatterload_zeroinit                 0x00000c76   Section       14  handlers.o(i.__scatterload_zeroinit)
    i.main                                   0x00000c84   Section        0  main.o(i.main)
    .data                                    0x20000000   Section       12  interface.o(.data)
    .data                                    0x2000000c   Section        2  uart.o(.data)
    bDisableChkSum                           0x2000000c   Data           1  uart.o(.data)
    bUartMailBox                             0x2000000d   Data           1  uart.o(.data)
    .bss                                     0x20000010   Section       16  interface.o(.bss)
    .bss                                     0x20000020   Section       44  uart.o(.bss)
    STACK                                    0x20000050   Section    16384  startup_rvmdk.o(STACK)
    StackMem                                 0x20000050   Data           0  startup_rvmdk.o(STACK)

    Global Symbols

    Symbol Name                              Value     Ov Type        Size  Object(Section)

    BuildAttributes$$THM_ISAv4$E$P$D$K$B$S$7EM$VFPi3$EXTD16$VFPS$VFMA$PE$A:L22UL41UL21$X:L11$S22US41US21$IEEE1$IW$USESV6$~STKCKD$USESV7$~SHL$OTIME$ROPI$IEEEJ$EBA8$MICROLIB$REQ8$PRES8$EABIv2 0x00000000   Number         0  anon$$obj.o ABSOLUTE
    __ARM_use_no_argv                        0x00000000   Number         0  main.o ABSOLUTE
    __Vectors                                0x00000000   Data           0  startup_rvmdk.o(RESET)
    __cpp_initialize__aeabi_                  - Undefined Weak Reference
    __cxa_finalize                            - Undefined Weak Reference
    __decompress                              - Undefined Weak Reference
    _clock_init                               - Undefined Weak Reference
    _microlib_exit                            - Undefined Weak Reference
    Reset_Handler                            0x0000026d   Thumb Code     0  startup_rvmdk.o(RESET)
    __main                                   0x00000289   Thumb Code     0  entry.o(.ARM.Collect$$$$00000000)
    _main_stk                                0x00000289   Thumb Code     0  entry2.o(.ARM.Collect$$$$00000001)
    _main_scatterload                        0x0000028d   Thumb Code     0  entry5.o(.ARM.Collect$$$$00000004)
    __main_after_scatterload                 0x00000291   Thumb Code     0  entry5.o(.ARM.Collect$$$$00000004)
    _main_clock                              0x00000291   Thumb Code     0  entry7b.o(.ARM.Collect$$$$00000008)
    _main_cpp_init                           0x00000291   Thumb Code     0  entry8b.o(.ARM.Collect$$$$0000000A)
    _main_init                               0x00000291   Thumb Code     0  entry9a.o(.ARM.Collect$$$$0000000B)
    __rt_final_cpp                           0x00000299   Thumb Code     0  entry10a.o(.ARM.Collect$$$$0000000D)
    __rt_final_exit                          0x00000299   Thumb Code     0  entry11a.o(.ARM.Collect$$$$0000000F)
    __aeabi_memset                           0x0000029d   Thumb Code    14  memseta.o(.text)
    __aeabi_memset4                          0x0000029d   Thumb Code     0  memseta.o(.text)
    __aeabi_memset8                          0x0000029d   Thumb Code     0  memseta.o(.text)
    __aeabi_memclr                           0x000002ab   Thumb Code     4  memseta.o(.text)
    __aeabi_memclr4                          0x000002ab   Thumb Code     0  memseta.o(.text)
    __aeabi_memclr8                          0x000002ab   Thumb Code     0  memseta.o(.text)
    _memset$wrapper                          0x000002af   Thumb Code    18  memseta.o(.text)
    __aeabi_dadd                             0x000002c1   Thumb Code   322  dadd.o(.text)
    __aeabi_dsub                             0x00000403   Thumb Code     6  dadd.o(.text)
    __aeabi_drsub                            0x00000409   Thumb Code     6  dadd.o(.text)
    __aeabi_dmul                             0x0000040f   Thumb Code   228  dmul.o(.text)
    __aeabi_ui2d                             0x000004f3   Thumb Code    26  dfltui.o(.text)
    __aeabi_d2uiz                            0x0000050d   Thumb Code    50  dfixui.o(.text)
    __aeabi_d2f                              0x0000053f   Thumb Code    56  d2f.o(.text)
    __aeabi_llsl                             0x00000577   Thumb Code    30  llshl.o(.text)
    _ll_shift_l                              0x00000577   Thumb Code     0  llshl.o(.text)
    __aeabi_llsr                             0x00000595   Thumb Code    32  llushr.o(.text)
    _ll_ushift_r                             0x00000595   Thumb Code     0  llushr.o(.text)
    __aeabi_lasr                             0x000005b5   Thumb Code    36  llsshr.o(.text)
    _ll_sshift_r                             0x000005b5   Thumb Code     0  llsshr.o(.text)
    __I$use$fp                               0x000005d9   Thumb Code     0  iusefp.o(.text)
    _float_round                             0x000005d9   Thumb Code    18  fepilogue.o(.text)
    _float_epilogue                          0x000005eb   Thumb Code    92  fepilogue.o(.text)
    _frnd                                    0x00000647   Thumb Code    60  frnd.o(.text)
    _double_round                            0x00000683   Thumb Code    30  depilogue.o(.text)
    _double_epilogue                         0x000006a1   Thumb Code   156  depilogue.o(.text)
    __scatterload                            0x0000073d   Thumb Code    28  init.o(.text)
    __scatterload_rt2                        0x0000073d   Thumb Code     0  init.o(.text)
    GPIOA_intHandler                         0x00000761   Thumb Code   392  interface.o(i.GPIOA_intHandler)
    PLL_Init                                 0x00000911   Thumb Code    90  main.o(i.PLL_Init)
    TimerValueGet                            0x00000971   Thumb Code    10  timer.o(i.TimerValueGet)
    UARTIntHandler                           0x0000097d   Thumb Code   206  uart.o(i.UARTIntHandler)
    UART_MessageParser                       0x00000a81   Thumb Code   150  uart.o(i.UART_MessageParser)
    UART_Send                                0x00000b21   Thumb Code    68  uart.o(i.UART_Send)
    Uart0_Init                               0x00000b69   Thumb Code    86  uart.o(i.Uart0_Init)
    __hardfp_roundf                          0x00000bcd   Thumb Code   154  roundf.o(i.__hardfp_roundf)
    __scatterload_copy                       0x00000c67   Thumb Code    14  handlers.o(i.__scatterload_copy)
    __scatterload_null                       0x00000c75   Thumb Code     2  handlers.o(i.__scatterload_null)
    __scatterload_zeroinit                   0x00000c77   Thumb Code    14  handlers.o(i.__scatterload_zeroinit)
    main                                     0x00000c85   Thumb Code    90  main.o(i.main)
    Region$$Table$$Base                      0x00000cec   Number         0  anon$$obj.o(Region$$Table)
    Region$$Table$$Limit                     0x00000d0c   Number         0  anon$$obj.o(Region$$Table)
    New_Count                                0x20000000   Data           4  interface.o(.data)
    Last_Count                               0x20000004   Data           4  interface.o(.data)
    Diff_Count                               0x20000008   Data           4  interface.o(.data)
    Switch                                   0x20000010   Data          16  interface.o(.bss)
    UartRcvBuffer                            0x20000020   Data          20  uart.o(.bss)
    UartSndBuffer                            0x20000034   Data          24  uart.o(.bss)
    __initial_sp                             0x20004050   Data           0  startup_rvmdk.o(STACK)



==============================================================================

Memory Map of the image

  Image Entry point : 0x0000026d

  Load Region LR_IROM (Base: 0x00000000, Size: 0x00000d1c, Max: 0x00040000, ABSOLUTE)

    Execution Region ER_IROM (Base: 0x00000000, Size: 0x00000d0c, Max: 0x00040000, ABSOLUTE)

    Base Addr    Size         Type   Attr      Idx    E Section Name        Object

    0x00000000   0x00000288   Code   RO           99  * RESET               startup_rvmdk.o
    0x00000288   0x00000000   Code   RO          868  * .ARM.Collect$$$$00000000  mc_w.l(entry.o)
    0x00000288   0x00000004   Code   RO          883    .ARM.Collect$$$$00000001  mc_w.l(entry2.o)
    0x0000028c   0x00000004   Code   RO          886    .ARM.Collect$$$$00000004  mc_w.l(entry5.o)
    0x00000290   0x00000000   Code   RO          888    .ARM.Collect$$$$00000008  mc_w.l(entry7b.o)
    0x00000290   0x00000000   Code   RO          890    .ARM.Collect$$$$0000000A  mc_w.l(entry8b.o)
    0x00000290   0x00000008   Code   RO          891    .ARM.Collect$$$$0000000B  mc_w.l(entry9a.o)
    0x00000298   0x00000000   Code   RO          893    .ARM.Collect$$$$0000000D  mc_w.l(entry10a.o)
    0x00000298   0x00000000   Code   RO          895    .ARM.Collect$$$$0000000F  mc_w.l(entry11a.o)
    0x00000298   0x00000004   Code   RO          884    .ARM.Collect$$$$00002712  mc_w.l(entry2.o)
    0x0000029c   0x00000024   Code   RO          871    .text               mc_w.l(memseta.o)
    0x000002c0   0x0000014e   Code   RO          873    .text               mf_w.l(dadd.o)
    0x0000040e   0x000000e4   Code   RO          875    .text               mf_w.l(dmul.o)
    0x000004f2   0x0000001a   Code   RO          877    .text               mf_w.l(dfltui.o)
    0x0000050c   0x00000032   Code   RO          879    .text               mf_w.l(dfixui.o)
    0x0000053e   0x00000038   Code   RO          881    .text               mf_w.l(d2f.o)
    0x00000576   0x0000001e   Code   RO          897    .text               mc_w.l(llshl.o)
    0x00000594   0x00000020   Code   RO          899    .text               mc_w.l(llushr.o)
    0x000005b4   0x00000024   Code   RO          901    .text               mc_w.l(llsshr.o)
    0x000005d8   0x00000000   Code   RO          903    .text               mc_w.l(iusefp.o)
    0x000005d8   0x0000006e   Code   RO          904    .text               mf_w.l(fepilogue.o)
    0x00000646   0x0000003c   Code   RO          906    .text               mf_w.l(frnd.o)
    0x00000682   0x000000ba   Code   RO          908    .text               mf_w.l(depilogue.o)
    0x0000073c   0x00000024   Code   RO          910    .text               mc_w.l(init.o)
    0x00000760   0x000001b0   Code   RO          359    i.GPIOA_intHandler  interface.o
    0x00000910   0x00000060   Code   RO            1    i.PLL_Init          main.o
    0x00000970   0x0000000a   Code   RO          508    i.TimerValueGet     driverlib.lib(timer.o)
    0x0000097a   0x00000002   PAD
    0x0000097c   0x000000dc   Code   RO          421    i.UARTIntHandler    uart.o
    0x00000a58   0x00000028   Code   RO          422    i.UART_CalcChkSum   uart.o
    0x00000a80   0x000000a0   Code   RO          423    i.UART_MessageParser  uart.o
    0x00000b20   0x00000048   Code   RO          424    i.UART_Send         uart.o
    0x00000b68   0x00000064   Code   RO          425    i.Uart0_Init        uart.o
    0x00000bcc   0x0000009a   Code   RO          864    i.__hardfp_roundf   m_wm.l(roundf.o)
    0x00000c66   0x0000000e   Code   RO          914    i.__scatterload_copy  mc_w.l(handlers.o)
    0x00000c74   0x00000002   Code   RO          915    i.__scatterload_null  mc_w.l(handlers.o)
    0x00000c76   0x0000000e   Code   RO          916    i.__scatterload_zeroinit  mc_w.l(handlers.o)
    0x00000c84   0x00000068   Code   RO            2    i.main              main.o
    0x00000cec   0x00000020   Data   RO          912    Region$$Table       anon$$obj.o


    Execution Region RW_IRAM (Base: 0x20000000, Size: 0x00004050, Max: 0x00008000, ABSOLUTE)

    Base Addr    Size         Type   Attr      Idx    E Section Name        Object

    0x20000000   0x0000000c   Data   RW          363    .data               interface.o
    0x2000000c   0x00000002   Data   RW          427    .data               uart.o
    0x2000000e   0x00000002   PAD
    0x20000010   0x00000010   Zero   RW          362    .bss                interface.o
    0x20000020   0x0000002c   Zero   RW          426    .bss                uart.o
    0x2000004c   0x00000004   PAD
    0x20000050   0x00004000   Zero   RW           97    STACK               startup_rvmdk.o


==============================================================================

Image component sizes


      Code (inc. data)   RO Data    RW Data    ZI Data      Debug   Object Name

       432         40          0         12         16       1788   interface.o
       200         20          0          0          0       6338   main.o
       648        622          0          0      16384        264   startup_rvmdk.o
       592         48          0          2         44       4829   uart.o

    ----------------------------------------------------------------------
      1872        730         32         16      16448      13219   Object Totals
         0          0         32          0          0          0   (incl. Generated)
         0          0          0          2          4          0   (incl. Padding)

    ----------------------------------------------------------------------

      Code (inc. data)   RO Data    RW Data    ZI Data      Debug   Library Member Name

        10          0          0          0          0       3272   timer.o
       154          0          0          0          0        140   roundf.o
         0          0          0          0          0          0   entry.o
         0          0          0          0          0          0   entry10a.o
         0          0          0          0          0          0   entry11a.o
         8          4          0          0          0          0   entry2.o
         4          0          0          0          0          0   entry5.o
         0          0          0          0          0          0   entry7b.o
         0          0          0          0          0          0   entry8b.o
         8          4          0          0          0          0   entry9a.o
        30          0          0          0          0          0   handlers.o
        36          8          0          0          0         68   init.o
         0          0          0          0          0          0   iusefp.o
        30          0          0          0          0         68   llshl.o
        36          0          0          0          0         68   llsshr.o
        32          0          0          0          0         68   llushr.o
        36          0          0          0          0        108   memseta.o
        56          0          0          0          0         88   d2f.o
       334          0          0          0          0        148   dadd.o
       186          0          0          0          0        176   depilogue.o
        50          0          0          0          0         76   dfixui.o
        26          0          0          0          0         76   dfltui.o
       228          0          0          0          0         96   dmul.o
       110          0          0          0          0        168   fepilogue.o
        60          0          0          0          0         76   frnd.o

    ----------------------------------------------------------------------
      1436         16          0          0          0       4696   Library Totals
         2          0          0          0          0          0   (incl. Padding)

    ----------------------------------------------------------------------

      Code (inc. data)   RO Data    RW Data    ZI Data      Debug   Library Name

        10          0          0          0          0       3272   driverlib.lib
       154          0          0          0          0        140   m_wm.l
       220         16          0          0          0        380   mc_w.l
      1050          0          0          0          0        904   mf_w.l

    ----------------------------------------------------------------------
      1436         16          0          0          0       4696   Library Totals

    ----------------------------------------------------------------------

==============================================================================


      Code (inc. data)   RO Data    RW Data    ZI Data      Debug   

      3308        746         32         16      16448      16747   Grand Totals
      3308        746         32         16      16448      16747   ELF Image Totals
      3308        746         32         16          0          0   ROM Totals

==============================================================================

    Total RO  Size (Code + RO Data)                 3340 (   3.26kB)
    Total RW  Size (RW Data + ZI Data)             16464 (  16.08kB)
    Total ROM Size (Code + RO Data + RW Data)       3356 (   3.28kB)

==============================================================================

