Component: ARM Compiler 5.06 update 1 (build 61) Tool: armlink [4d35a8]

==============================================================================

Section Cross References

    main.o(i.Uart_Init) refers to sysctl.o(i.SysCtlPeripheralEnable) for SysCtlPeripheralEnable
    main.o(i.Uart_Init) refers to gpio.o(i.GPIOPinConfigure) for GPIOPinConfigure
    main.o(i.Uart_Init) refers to uartstdio.o(i.UARTStdioConfig) for UARTStdioConfig
    main.o(i.main) refers to board.o(i.stopWDT) for stopWDT
    main.o(i.main) refers to board.o(i.initClk) for initClk
    main.o(i.main) refers to interface.o(i.Buttons_Init) for Buttons_Init
    main.o(i.main) refers to main.o(i.Uart_Init) for Uart_Init
    main.o(i.main) refers to rgb.o(i.ColorWheel_Init) for ColorWheel_Init
    main.o(i.main) refers to clock.o(i.Clock_Init) for Clock_Init
    main.o(i.main) refers to uartstdio.o(i.UARTprintf) for UARTprintf
    main.o(i.main) refers to nixie.o(i.NixiePower_Set) for NixiePower_Set
    main.o(i.main) refers to wifi.o(i.WlanConnect) for WlanConnect
    main.o(i.main) refers to clock.o(i.GetTimeUpdateRTC) for GetTimeUpdateRTC
    main.o(i.main) refers to flashprogram.o(i.Flash_ReadCity) for Flash_ReadCity
    main.o(i.main) refers to webservices.o(i.BuildGetRequest) for BuildGetRequest
    main.o(i.main) refers to clock.o(i.SetSunRiseSunSet) for SetSunRiseSunSet
    main.o(i.main) refers to random.o(i.Random_Init) for Random_Init
    main.o(i.main) refers to clock.o(i.Clock_Start) for Clock_Start
    main.o(i.main) refers to udp.o(i.OpenUdpServer) for OpenUdpServer
    main.o(i.main) refers to udp.o(i.ReciveFromUdp) for ReciveFromUdp
    main.o(i.main) refers to rgb.o(i.ColorWheel_Set) for ColorWheel_Set
    main.o(i.main) refers to memcpya.o(.text) for __aeabi_memcpy4
    main.o(i.main) refers to interface.o(i.Debounce_Buttons) for Debounce_Buttons
    main.o(i.main) refers to rtc.o(i.GetRtcTimeDate) for GetRtcTimeDate
    main.o(i.main) refers to nixie.o(i.NixieDisplay_Time) for NixieDisplay_Time
    main.o(i.main) refers to difftime.o(i.__hardfp_difftime) for __hardfp_difftime
    main.o(i.main) refers to cdcmple.o(.text) for __aeabi_cdcmpeq
    main.o(i.main) refers to nixie.o(i.NixieDots_toggle) for NixieDots_toggle
    main.o(i.main) refers to clock.o(i.TurnOffClock) for TurnOffClock
    main.o(i.main) refers to clock.o(i.CheckSunSet) for CheckSunSet
    main.o(i.main) refers to clock.o(i.CheckSunRise) for CheckSunRise
    main.o(i.main) refers to alarm.o(i.AlarmClock_Check) for AlarmClock_Check
    main.o(i.main) refers to random.o(i.RandomX) for RandomX
    main.o(i.main) refers to nixie.o(i.NixieDisplay_Effects) for NixieDisplay_Effects
    main.o(i.main) refers to clock.o(i.AdjustRTCDrift) for AdjustRTCDrift
    main.o(i.main) refers to interface.o(i.Switch_Ack) for Switch_Ack
    main.o(i.main) refers to uartstdio.o(i.UARTPeek) for UARTPeek
    main.o(i.main) refers to uartstdio.o(i.UARTgets) for UARTgets
    main.o(i.main) refers to commandline.o(i.CmdLineProcess) for CmdLineProcess
    main.o(i.main) refers to alarm.o(i.AlarmClock_IsRing) for AlarmClock_IsRing
    main.o(i.main) refers to alarm.o(i.AlarmClock_Snooze) for AlarmClock_Snooze
    main.o(i.main) refers to webservices.o(i.getWeather) for getWeather
    main.o(i.main) refers to nixie.o(i.NixieDisplay_Date) for NixieDisplay_Date
    main.o(i.main) refers to delay.o(i.Delay_100ms) for Delay_100ms
    main.o(i.main) refers to nixie.o(i.NixieDisplay_Weather) for NixieDisplay_Weather
    main.o(i.main) refers to main.o(.data) for .data
    main.o(i.main) refers to main.o(.bss) for .bss
    main.o(i.main) refers to clock.o(.data) for MailBox_SysTick
    main.o(i.main) refers to interface.o(.data) for Switch
    board.o(i.CC3100_InterruptDisable) refers to gpio.o(i.GPIOIntDisable) for GPIOIntDisable
    board.o(i.CC3100_InterruptEnable) refers to gpio.o(i.GPIOIntEnable) for GPIOIntEnable
    board.o(i.GPIOB_intHandler) refers to gpio.o(i.GPIOIntStatus) for GPIOIntStatus
    board.o(i.GPIOB_intHandler) refers to gpio.o(i.GPIOIntClear) for GPIOIntClear
    board.o(i.GPIOB_intHandler) refers to board.o(.data) for .data
    board.o(i.MaskIntHdlr) refers to board.o(.data) for .data
    board.o(i.UART1_intHandler) refers to uart.o(i.UARTIntStatus) for UARTIntStatus
    board.o(i.UART1_intHandler) refers to uart.o(i.UARTIntClear) for UARTIntClear
    board.o(i.UnMaskIntHdlr) refers to board.o(.data) for .data
    board.o(i.initClk) refers to fpu.o(i.FPUEnable) for FPUEnable
    board.o(i.initClk) refers to fpu.o(i.FPULazyStackingEnable) for FPULazyStackingEnable
    board.o(i.registerInterruptHandler) refers to board.o(.data) for .data
    device.o(i._SlDrvDeviceEventHandler) refers to device.o(i._sl_HandleAsync_InitComplete) for _sl_HandleAsync_InitComplete
    device.o(i._SlDrvDeviceEventHandler) refers to device.o(i._sl_HandleAsync_Stop) for _sl_HandleAsync_Stop
    device.o(i._sl_HandleAsync_InitComplete) refers to nonos.o(i._SlNonOsSemGet) for _SlNonOsSemGet
[...]
    i.sl_Bind                                0x00006740   Section        0  socket.o(i.sl_Bind)
    i.sl_Close                               0x000067a0   Section        0  socket.o(i.sl_Close)
    i.sl_Connect                             0x000067c0   Section        0  socket.o(i.sl_Connect)
    i.sl_DevGet                              0x000068ac   Section        0  device.o(i.sl_DevGet)
    i.sl_Htonl                               0x0000691c   Section        0  socket.o(i.sl_Htonl)
    i.sl_Htons                               0x00006944   Section        0  socket.o(i.sl_Htons)
    i.sl_NetAppDnsGetHostByName              0x00006974   Section        0  netapp.o(i.sl_NetAppDnsGetHostByName)
    i.sl_NetAppMDNSRegisterUnregisterService 0x00006a4c   Section        0  netapp.o(i.sl_NetAppMDNSRegisterUnregisterService)
    i.sl_NetAppMDNSUnRegisterService         0x00006ac8   Section        0  netapp.o(i.sl_NetAppMDNSUnRegisterService)
    i.sl_NetAppSendTokenValue                0x00006adc   Section        0  netapp.o(i.sl_NetAppSendTokenValue)
    i.sl_NetCfgGet                           0x00006b2c   Section        0  netcfg.o(i.sl_NetCfgGet)
    i.sl_NetCfgSet                           0x00006b98   Section        0  netcfg.o(i.sl_NetCfgSet)
    i.sl_Recv                                0x00006bd8   Section        0  socket.o(i.sl_Recv)
    i.sl_RecvFrom                            0x00006c18   Section        0  socket.o(i.sl_RecvFrom)
    i.sl_Send                                0x00006cbc   Section        0  socket.o(i.sl_Send)
    i.sl_SendTo                              0x00006d68   Section        0  socket.o(i.sl_SendTo)
    i.sl_SetSockOpt                          0x00006e18   Section        0  socket.o(i.sl_SetSockOpt)
    i.sl_Socket                              0x00006e58   Section        0  socket.o(i.sl_Socket)
    i.sl_Start                               0x00006e88   Section        0  device.o(i.sl_Start)
    i.sl_Stop                                0x00006f40   Section        0  device.o(i.sl_Stop)
    i.sl_WlanConnect                         0x00007008   Section        0  wlan.o(i.sl_WlanConnect)
    i.sl_WlanDisconnect                      0x000071ac   Section        0  wlan.o(i.sl_WlanDisconnect)
    i.sl_WlanPolicySet                       0x000071b4   Section        0  wlan.o(i.sl_WlanPolicySet)
    i.sl_WlanProfileDel                      0x000071ec   Section        0  wlan.o(i.sl_WlanProfileDel)
    i.sl_WlanSet                             0x0000720c   Section        0  wlan.o(i.sl_WlanSet)
    i.sl_WlanSetMode                         0x0000724c   Section        0  wlan.o(i.sl_WlanSetMode)
    i.spi_Close                              0x0000726c   Section        0  spi.o(i.spi_Close)
    i.spi_Open                               0x00007278   Section        0  spi.o(i.spi_Open)
    i.spi_Read                               0x00007378   Section        0  spi.o(i.spi_Read)
    i.spi_Write                              0x000073d0   Section        0  spi.o(i.spi_Write)
    i.stopWDT                                0x00007424   Section        0  board.o(i.stopWDT)
    i.ustrtoul                               0x00007426   Section        0  ustdlib.o(i.ustrtoul)
    .constdata                               0x000074c4   Section       20  device.o(.constdata)
    .constdata                               0x000074d8   Section       72  driver.o(.constdata)
    .constdata                               0x00007520   Section       40  netapp.o(.constdata)
    .constdata                               0x00007548   Section        8  netcfg.o(.constdata)
    .constdata                               0x00007550   Section       48  socket.o(.constdata)
    .constdata                               0x00007580   Section       52  wlan.o(.constdata)
    .constdata                               0x000075b4   Section       40  uartstdio.o(.constdata)
    g_pcHex                                  0x000075b4   Data           4  uartstdio.o(.constdata)
    g_ui32UARTBase                           0x000075b8   Data          12  uartstdio.o(.constdata)
    g_ui32UARTInt                            0x000075c4   Data          12  uartstdio.o(.constdata)
    g_ui32UARTPeriph                         0x000075d0   Data          12  uartstdio.o(.constdata)
    .constdata                               0x000075dc   Section    41367  sound.o(.constdata)
    .constdata                               0x00011774   Section       32  rgb.o(.constdata)
    .constdata                               0x00011794   Section      528  gpio.o(.constdata)
    g_ppui32GPIOIntMapBlizzard               0x00011794   Data         192  gpio.o(.constdata)
    g_ppui32GPIOIntMapSnowflake              0x00011854   Data         192  gpio.o(.constdata)
    g_pui32GPIOBaseAddrs                     0x00011914   Data         144  gpio.o(.constdata)
    .constdata                               0x000119a4   Section      268  interrupt.o(.constdata)
    g_pui32Priority                          0x000119a4   Data          32  interrupt.o(.constdata)
    g_pui32Regs                              0x000119c4   Data         156  interrupt.o(.constdata)
    g_pui32EnRegs                            0x00011a60   Data          20  interrupt.o(.constdata)
    g_pui32Dii16Regs                         0x00011a74   Data          20  interrupt.o(.constdata)
    g_pui32PendRegs                          0x00011a88   Data          20  interrupt.o(.constdata)
    g_pui32UnpendRegs                        0x00011a9c   Data          20  interrupt.o(.constdata)
    .constdata                               0x00011ab0   Section      452  sysctl.o(.constdata)
    g_pui32VCOFrequencies                    0x00011ab0   Data           8  sysctl.o(.constdata)
    g_pui32Xtals                             0x00011ab8   Data         108  sysctl.o(.constdata)
    g_pppui32XTALtoVCO                       0x00011b24   Data         288  sysctl.o(.constdata)
    g_sXTALtoMEMTIM                          0x00011c44   Data          48  sysctl.o(.constdata)
    .constdata                               0x00011c74   Section       12  localtime.o(.constdata)
    monlen                                   0x00011c74   Data          12  localtime.o(.constdata)
    .constdata                               0x00011c80   Section       86  strftime.o(.constdata)
    .constdata                               0x00011cd6   Section      129  ctype_o.o(.constdata)
    .constdata                               0x00011d58   Section        4  ctype_o.o(.constdata)
    table                                    0x00011d58   Data           4  ctype_o.o(.constdata)
    .conststring                             0x00011d5c   Section       17  uartstdio.o(.conststring)
    .conststring                             0x00011d70   Section      568  nixiecommands.o(.conststring)
    .conststring                             0x00011fa8   Section      275  webservices.o(.conststring)
    .data                                    0x20000000   Section        7  main.o(.data)
    .data                                    0x20000008   Section        8  board.o(.data)
    .data                                    0x20000010   Section        4  driver.o(.data)
    .data                                    0x20000014   Section        4  driver.o(.data)
    .data                                    0x20000018   Section       28  uartstdio.o(.data)
    bLastWasCR                               0x20000018   Data           1  uartstdio.o(.data)
    g_bDisableEcho                           0x20000019   Data           1  uartstdio.o(.data)
    g_ui32UARTTxWriteIndex                   0x2000001c   Data           4  uartstdio.o(.data)
    g_ui32UARTTxReadIndex                    0x20000020   Data           4  uartstdio.o(.data)
    g_ui32UARTRxWriteIndex                   0x20000024   Data           4  uartstdio.o(.data)
    g_ui32UARTRxReadIndex                    0x20000028   Data           4  uartstdio.o(.data)
    g_ui32Base                               0x2000002c   Data           4  uartstdio.o(.data)
    g_ui32PortNum                            0x20000030   Data           4  uartstdio.o(.data)
    .data                                    0x20000034   Section        4  shiftregister.o(.data)
    .data                                    0x20000038   Section        1  timer.o(.data)
    .data                                    0x2000003c   Section       12  sound.o(.data)
    .data                                    0x20000048   Section      132  nixiecommands.o(.data)
    .data                                    0x200000cc   Section        4  wifi.o(.data)
    .data                                    0x200000d0   Section        4  webservices.o(.data)
    .data                                    0x200000d4   Section        4  random.o(.data)
    .data                                    0x200000d8   Section        8  interface.o(.data)
    .data                                    0x200000e0   Section        1  clock.o(.data)
    .data                                    0x200000e4   Section        4  errno.o(.data)
    _errno                                   0x200000e4   Data           4  errno.o(.data)
    .bss                                     0x200000e8   Section     1584  main.o(.bss)
    .bss                                     0x20000718   Section      360  main.o(.bss)
    g_cInput                                 0x20000800   Data         128  main.o(.bss)
    .bss                                     0x20000880   Section      356  driver.o(.bss)
    .bss                                     0x200009e4   Section       40  nonos.o(.bss)
    .bss                                     0x20000a0c   Section     1152  uartstdio.o(.bss)
    g_pcUARTTxBuffer                         0x20000a0c   Data        1024  uartstdio.o(.bss)
    g_pcUARTRxBuffer                         0x20000e0c   Data         128  uartstdio.o(.bss)
    .bss                                     0x20000e8c   Section       36  commandline.o(.bss)
    g_ppcArgv                                0x20000e8c   Data          36  commandline.o(.bss)
    .bss                                     0x20000eb0   Section      185  webservices.o(.bss)
    .bss                                     0x20000f6c   Section       12  alarm.o(.bss)
    .bss                                     0x20000f78   Section       44  localtime.o(.bss)
    _tms                                     0x20000f78   Data          44  localtime.o(.bss)
    STACK                                    0x20000fa8   Section    16384  startup_rvmdk.o(STACK)
    StackMem                                 0x20000fa8   Data           0  startup_rvmdk.o(STACK)

    Global Symbols

    Symbol Name                              Value     Ov Type        Size  Object(Section)

    BuildAttributes$$THM_ISAv4$E$P$D$K$B$S$7EM$VFPi3$EXTD16$VFPS$VFMA$PE$A:L22UL41UL21$X:L11$S22US41US21$IEEE1$IW$USESV6$~STKCKD$USESV7$~SHL$OTIME$ROPI$IEEEJ$EBA8$MICROLIB$REQ8$PRES8$EABIv2 0x00000000   Number         0  anon$$obj.o ABSOLUTE
    __ARM_use_no_argv                        0x00000000   Number         0  main.o ABSOLUTE
    __Vectors                                0x00000000   Data           0  startup_rvmdk.o(RESET)
    _printf_a                                0x00000000   Number         0  stubs.o ABSOLUTE
    _printf_c                                0x00000000   Number         0  stubs.o ABSOLUTE
    _printf_charcount                        0x00000000   Number         0  stubs.o ABSOLUTE
    _printf_d                                0x00000000   Number         0  stubs.o ABSOLUTE
    _printf_e                                0x00000000   Number         0  stubs.o ABSOLUTE
    _printf_f                                0x00000000   Number         0  stubs.o ABSOLUTE
    _printf_flags                            0x00000000   Number         0  stubs.o ABSOLUTE
    _printf_fp_dec                           0x00000000   Number         0  stubs.o ABSOLUTE
    _printf_fp_hex                           0x00000000   Number         0  stubs.o ABSOLUTE
    _printf_g                                0x00000000   Number         0  stubs.o ABSOLUTE
    _printf_i                                0x00000000   Number         0  stubs.o ABSOLUTE
    _printf_int_dec                          0x00000000   Number         0  stubs.o ABSOLUTE
    _printf_l                                0x00000000   Number         0  stubs.o ABSOLUTE
    _printf_lc                               0x00000000   Number         0  stubs.o ABSOLUTE
    _printf_ll                               0x00000000   Number         0  stubs.o ABSOLUTE
    _printf_lld                              0x00000000   Number         0  stubs.o ABSOLUTE
    _printf_lli                              0x00000000   Number         0  stubs.o ABSOLUTE
    _printf_llo                              0x00000000   Number         0  stubs.o ABSOLUTE
    _printf_llu                              0x00000000   Number         0  stubs.o ABSOLUTE
    _printf_llx                              0x00000000   Number         0  stubs.o ABSOLUTE
    _printf_longlong_dec                     0x00000000   Number         0  stubs.o ABSOLUTE
    _printf_longlong_hex                     0x00000000   Number         0  stubs.o ABSOLUTE
    _printf_longlong_oct                     0x00000000   Number         0  stubs.o ABSOLUTE
    _printf_ls                               0x00000000   Number         0  stubs.o ABSOLUTE
    _printf_mbtowc                           0x00000000   Number         0  stubs.o ABSOLUTE
    _printf_n                                0x00000000   Number         0  stubs.o ABSOLUTE
    _printf_o                                0x00000000   Number         0  stubs.o ABSOLUTE
    _printf_p                                0x00000000   Number         0  stubs.o ABSOLUTE
    _printf_percent                          0x00000000   Number         0  stubs.o ABSOLUTE
    _printf_pre_padding                      0x00000000   Number         0  stubs.o ABSOLUTE
    _printf_return_value                     0x00000000   Number         0  stubs.o ABSOLUTE
    _printf_s                                0x00000000   Number         0  stubs.o ABSOLUTE
    _printf_sizespec                         0x00000000   Number         0  stubs.o ABSOLUTE
    _printf_str                              0x00000000   Number         0  stubs.o ABSOLUTE
    _printf_truncate_signed                  0x00000000   Number         0  stubs.o ABSOLUTE
    _printf_truncate_unsigned                0x00000000   Number         0  stubs.o ABSOLUTE
    _printf_u                                0x00000000   Number         0  stubs.o ABSOLUTE
    _printf_wc                               0x00000000   Number         0  stubs.o ABSOLUTE
    _printf_wctomb                           0x00000000   Number         0  stubs.o ABSOLUTE
    _printf_widthprec                        0x00000000   Number         0  stubs.o ABSOLUTE
    _printf_x                                0x00000000   Number         0  stubs.o ABSOLUTE
    __cpp_initialize__aeabi_                  - Undefined Weak Reference
    __cxa_finalize                            - Undefined Weak Reference
    __decompress                              - Undefined Weak Reference
    _clock_init                               - Undefined Weak Reference
    _microlib_exit                            - Undefined Weak Reference
    Reset_Handler                            0x0000026d   Thumb Code     0  startup_rvmdk.o(RESET)
    __main                                   0x00000289   Thumb Code     0  entry.o(.ARM.Collect$$$$00000000)
    _main_stk                                0x00000289   Thumb Code     0  entry2.o(.ARM.Collect$$$$00000001)
    _main_scatterload                        0x0000028d   Thumb Code     0  entry5.o(.ARM.Collect$$$$00000004)
    __main_after_scatterload                 0x00000291   Thumb Code     0  entry5.o(.ARM.Collect$$$$00000004)
    _main_clock                              0x00000291   Thumb Code     0  entry7b.o(.ARM.Collect$$$$00000008)
    _main_cpp_init                           0x00000291   Thumb Code     0  entry8b.o(.ARM.Collect$$$$0000000A)
    _main_init                               0x00000291   Thumb Code     0  entry9a.o(.ARM.Collect$$$$0000000B)
    __rt_final_cpp                           0x00000299   Thumb Code     0  entry10a.o(.ARM.Collect$$$$0000000D)
    __rt_final_exit                          0x00000299   Thumb Code     0  entry11a.o(.ARM.Collect$$$$0000000F)
    CPUcpsid                                 0x0000029d   Thumb Code     8  cpu.o(.emb_text)
    CPUprimask                               0x000002a5   Thumb Code     6  cpu.o(.emb_text)
    CPUcpsie                                 0x000002ab   Thumb Code     8  cpu.o(.emb_text)
    CPUwfi                                   0x000002b3   Thumb Code     4  cpu.o(.emb_text)
    CPUbasepriSet                            0x000002b7   Thumb Code     6  cpu.o(.emb_text)
    CPUbasepriGet                            0x000002bd   Thumb Code     6  cpu.o(.emb_text)
    localtime                                0x000002c5   Thumb Code   138  localtime.o(.text)
    strftime                                 0x00000399   Thumb Code   580  strftime.o(.text)
    __aeabi_memcpy                           0x000006ed   Thumb Code    36  memcpya.o(.text)
    __aeabi_memcpy4                          0x000006ed   Thumb Code     0  memcpya.o(.text)
    __aeabi_memcpy8                          0x000006ed   Thumb Code     0  memcpya.o(.text)
    __aeabi_memset                           0x00000711   Thumb Code    14  memseta.o(.text)
    __aeabi_memset4                          0x00000711   Thumb Code     0  memseta.o(.text)
    __aeabi_memset8                          0x00000711   Thumb Code     0  memseta.o(.text)
    __aeabi_memclr                           0x0000071f   Thumb Code     4  memseta.o(.text)
    __aeabi_memclr4                          0x0000071f   Thumb Code     0  memseta.o(.text)
    __aeabi_memclr8                          0x0000071f   Thumb Code     0  memseta.o(.text)
    _memset$wrapper                          0x00000723   Thumb Code    18  memseta.o(.text)
    strcat                                   0x00000735   Thumb Code    24  strcat.o(.text)
    strstr                                   0x0000074d   Thumb Code    36  strstr.o(.text)
    strlen                                   0x00000771   Thumb Code    14  strlen.o(.text)
    strcmp                                   0x0000077f   Thumb Code    28  strcmp.o(.text)
    strcpy                                   0x0000079b   Thumb Code    18  strcpy.o(.text)
    atoi                                     0x000007ad   Thumb Code    26  atoi.o(.text)
    __aeabi_cdcmpeq                          0x000007c9   Thumb Code     0  cdcmple.o(.text)
    __aeabi_cdcmple                          0x000007c9   Thumb Code    48  cdcmple.o(.text)
    __aeabi_d2f                              0x000007f9   Thumb Code    56  d2f.o(.text)
    __aeabi_uidiv                            0x00000831   Thumb Code     0  uidiv.o(.text)
    __aeabi_uidivmod                         0x00000831   Thumb Code    44  uidiv.o(.text)
    __strtod_int                             0x00000893   Thumb Code    88  strtod.o(.text)
    strtol                                   0x000008f9   Thumb Code   112  strtol.o(.text)
    __I$use$fp                               0x00000969   Thumb Code     0  iusefp.o(.text)
    _float_round                             0x00000969   Thumb Code    18  fepilogue.o(.text)
    _float_epilogue                          0x0000097b   Thumb Code    92  fepilogue.o(.text)
    _frnd                                    0x000009d7   Thumb Code    60  frnd.o(.text)
    __aeabi_dadd                             0x00000a13   Thumb Code   322  dadd.o(.text)
    __aeabi_dsub                             0x00000b55   Thumb Code     6  dadd.o(.text)
    __aeabi_drsub                            0x00000b5b   Thumb Code     6  dadd.o(.text)
    __aeabi_dmul                             0x00000b61   Thumb Code   228  dmul.o(.text)
    __aeabi_ddiv                             0x00000c45   Thumb Code   222  ddiv.o(.text)
    __aeabi_ui2d                             0x00000d23   Thumb Code    26  dfltui.o(.text)
    _ffix_r                                  0x00000d3d   Thumb Code    76  ffixir.o(.text)
    __scatterload                            0x00000d89   Thumb Code    28  init.o(.text)
    __scatterload_rt2                        0x00000d89   Thumb Code     0  init.o(.text)
    __aeabi_llsl                             0x00000dad   Thumb Code    30  llshl.o(.text)
    _ll_shift_l                              0x00000dad   Thumb Code     0  llshl.o(.text)
    __aeabi_llsr                             0x00000dcb   Thumb Code    32  llushr.o(.text)
    _ll_ushift_r                             0x00000dcb   Thumb Code     0  llushr.o(.text)
    __aeabi_lasr                             0x00000deb   Thumb Code    36  llsshr.o(.text)
    _ll_sshift_r                             0x00000deb   Thumb Code     0  llsshr.o(.text)
    __rt_ctype_table                         0x00000e11   Thumb Code     4  ctype_o.o(.text)
    isspace                                  0x00000e19   Thumb Code    18  isspace_o.o(.text)
    _scanf_real                              0x00000f2d   Thumb Code     0  scanf_fp.o(.text)
    _scanf_really_real                       0x00000f2d   Thumb Code   556  scanf_fp.o(.text)
    _sgetc                                   0x00001165   Thumb Code    30  _sgetc.o(.text)
    _sbackspace                              0x00001183   Thumb Code    34  _sgetc.o(.text)
    _strtoul                                 0x000011a5   Thumb Code   158  _strtoul.o(.text)
    _double_round                            0x00001243   Thumb Code    30  depilogue.o(.text)
    _double_epilogue                         0x00001261   Thumb Code   156  depilogue.o(.text)
    _chval                                   0x000012fd   Thumb Code    28  _chval.o(.text)
    __aeabi_ul2d                             0x00001319   Thumb Code    24  dfltul.o(.text)
    AdjustRTCDrift                           0x00001331   Thumb Code   202  clock.o(i.AdjustRTCDrift)
    AlarmClock_Check                         0x00001409   Thumb Code   196  alarm.o(i.AlarmClock_Check)
    AlarmClock_HourMin                       0x000014d9   Thumb Code    12  alarm.o(i.AlarmClock_HourMin)
    AlarmClock_Init                          0x000014e9   Thumb Code    26  alarm.o(i.AlarmClock_Init)
    AlarmClock_IsRing                        0x0000150d   Thumb Code     6  alarm.o(i.AlarmClock_IsRing)
    AlarmClock_IsSet                         0x00001519   Thumb Code     6  alarm.o(i.AlarmClock_IsSet)
    AlarmClock_Set                           0x00001525   Thumb Code    12  alarm.o(i.AlarmClock_Set)
    AlarmClock_Snooze                        0x00001535   Thumb Code    14  alarm.o(i.AlarmClock_Snooze)
    BuildGetRequest                          0x00001549   Thumb Code    52  webservices.o(i.BuildGetRequest)
    Buttons_Init                             0x000015a9   Thumb Code   164  interface.o(i.Buttons_Init)
    CC3100_InterruptDisable                  0x0000165d   Thumb Code     8  board.o(i.CC3100_InterruptDisable)
    CC3100_InterruptEnable                   0x00001669   Thumb Code     8  board.o(i.CC3100_InterruptEnable)
    CC3100_disable                           0x00001675   Thumb Code    16  board.o(i.CC3100_disable)
    CC3100_enable                            0x00001689   Thumb Code    16  board.o(i.CC3100_enable)
    CMD_GetWeather                           0x0000169d   Thumb Code   302  nixiecommands.o(i.CMD_GetWeather)
    CMD_Help                                 0x000018ad   Thumb Code    50  nixiecommands.o(i.CMD_Help)
    CMD_NodeIP                               0x0000191d   Thumb Code    58  nixiecommands.o(i.CMD_NodeIP)
    CMD_ReadConfigs                          0x0000197d   Thumb Code   136  nixiecommands.o(i.CMD_ReadConfigs)
    CMD_SetAlarm                             0x00001a4d   Thumb Code    82  nixiecommands.o(i.CMD_SetAlarm)
    CMD_SetCity                              0x00001ab9   Thumb Code   154  nixiecommands.o(i.CMD_SetCity)
    CMD_SetColorWheel                        0x00001c29   Thumb Code    76  nixiecommands.o(i.CMD_SetColorWheel)
    CMD_SetNixiePower                        0x00001c91   Thumb Code    66  nixiecommands.o(i.CMD_SetNixiePower)
    CMD_SetTime                              0x00001ced   Thumb Code   220  nixiecommands.o(i.CMD_SetTime)
    CMD_Snooze                               0x00001e89   Thumb Code    46  nixiecommands.o(i.CMD_Snooze)
    CheckSunRise                             0x00001ec1   Thumb Code   100  clock.o(i.CheckSunRise)
    CheckSunSet                              0x00001f2d   Thumb Code   108  clock.o(i.CheckSunSet)
    Clock_Init                               0x00001fa1   Thumb Code    30  clock.o(i.Clock_Init)
    Clock_Start                              0x00001fc9   Thumb Code     4  clock.o(i.Clock_Start)
    CmdLineProcess                           0x00001fcd   Thumb Code    90  commandline.o(i.CmdLineProcess)
    ColorWheel_Init                          0x00002031   Thumb Code    82  rgb.o(i.ColorWheel_Init)
    ColorWheel_Set                           0x00002095   Thumb Code    38  rgb.o(i.ColorWheel_Set)
    CopyPingResultsToReport                  0x000020c9   Thumb Code    26  netapp.o(i.CopyPingResultsToReport)
    Crash                                    0x000020e3   Thumb Code    12  wifi.o(i.Crash)
    CreateConnection                         0x000020f1   Thumb Code    82  wifi.o(i.CreateConnection)
    DAC_Init                                 0x00002181   Thumb Code    84  dac.o(i.DAC_Init)
    DAC_Out                                  0x000021e1   Thumb Code     8  dac.o(i.DAC_Out)
    Debounce_Buttons                         0x000021ed   Thumb Code    30  interface.o(i.Debounce_Buttons)
    Delay_100ms                              0x00002211   Thumb Code    24  delay.o(i.Delay_100ms)
    Delay_12ns                               0x0000222d   Thumb Code    10  delay.o(i.Delay_12ns)
    Delay_1ms                                0x00002239   Thumb Code    24  delay.o(i.Delay_1ms)
    Disable_GPIOA_Interrupts                 0x00002255   Thumb Code    10  interface.o(i.Disable_GPIOA_Interrupts)
    Disable_Interrupts                       0x0000225f   Thumb Code     4  timer.o(i.Disable_Interrupts)
    Enable_GPIOA_Interrupts                  0x00002263   Thumb Code    26  interface.o(i.Enable_GPIOA_Interrupts)
    Enable_Interrupts                        0x0000227d   Thumb Code    10  timer.o(i.Enable_Interrupts)
    FPUEnable                                0x00002289   Thumb Code    12  fpu.o(i.FPUEnable)
    FPULazyStackingEnable                    0x00002299   Thumb Code    12  fpu.o(i.FPULazyStackingEnable)
    Flash_Erase                              0x000022a9   Thumb Code    70  flashprogram.o(i.Flash_Erase)
    Flash_ReadCity                           0x00002301   Thumb Code    48  flashprogram.o(i.Flash_ReadCity)
    Flash_Write                              0x00002331   Thumb Code    78  flashprogram.o(i.Flash_Write)
    Flash_WriteCity                          0x00002391   Thumb Code    74  flashprogram.o(i.Flash_WriteCity)
    GPIOA_intHandler                         0x000023e1   Thumb Code    56  interface.o(i.GPIOA_intHandler)
    GPIOB_intHandler                         0x00002425   Thumb Code    44  board.o(i.GPIOB_intHandler)
    GPIODirModeSet                           0x00002459   Thumb Code    40  gpio.o(i.GPIODirModeSet)
    GPIOIntClear                             0x00002481   Thumb Code     6  gpio.o(i.GPIOIntClear)
    GPIOIntDisable                           0x00002487   Thumb Code    14  gpio.o(i.GPIOIntDisable)
    GPIOIntEnable                            0x00002495   Thumb Code    14  gpio.o(i.GPIOIntEnable)
    GPIOIntStatus                            0x000024a3   Thumb Code    14  gpio.o(i.GPIOIntStatus)
    GPIOIntTypeSet                           0x000024b1   Thumb Code    80  gpio.o(i.GPIOIntTypeSet)
    GPIOPadConfigSet                         0x00002501   Thumb Code   314  gpio.o(i.GPIOPadConfigSet)
    GPIOPinConfigure                         0x0000263d   Thumb Code    64  gpio.o(i.GPIOPinConfigure)
    GPIOPinTypeGPIOInput                     0x00002685   Thumb Code    28  gpio.o(i.GPIOPinTypeGPIOInput)
    GPIOPinTypeI2C                           0x000026a1   Thumb Code    28  gpio.o(i.GPIOPinTypeI2C)
    GPIOPinTypeI2CSCL                        0x000026bd   Thumb Code    28  gpio.o(i.GPIOPinTypeI2CSCL)
    GPIOPinTypeSSI                           0x000026d9   Thumb Code    28  gpio.o(i.GPIOPinTypeSSI)
    GPIOPinWrite                             0x000026f5   Thumb Code     6  gpio.o(i.GPIOPinWrite)
    GetHostIP                                0x0000270d   Thumb Code    46  wifi.o(i.GetHostIP)
    GetRtcTimeDate                           0x00002761   Thumb Code   244  rtc.o(i.GetRtcTimeDate)
    GetStartResponseConvert                  0x00002855   Thumb Code    68  device.o(i.GetStartResponseConvert)
    GetTimeUpdateRTC                         0x00002899   Thumb Code    88  clock.o(i.GetTimeUpdateRTC)
    I2CMasterBusy                            0x000028f5   Thumb Code    12  i2c.o(i.I2CMasterBusy)
    I2CMasterControl                         0x00002901   Thumb Code     4  i2c.o(i.I2CMasterControl)
    I2CMasterDataGet                         0x00002905   Thumb Code     4  i2c.o(i.I2CMasterDataGet)
    I2CMasterDataPut                         0x00002909   Thumb Code     4  i2c.o(i.I2CMasterDataPut)
    I2CMasterInitExpClk                      0x0000290d   Thumb Code    72  i2c.o(i.I2CMasterInitExpClk)
    I2CMasterSlaveAddrSet                    0x00002961   Thumb Code     8  i2c.o(i.I2CMasterSlaveAddrSet)
    IntEnable                                0x00002a5d   Thumb Code    92  interrupt.o(i.IntEnable)
    IntMasterEnable                          0x00002ac1   Thumb Code    14  interrupt.o(i.IntMasterEnable)
    IntSysTick_Handler                       0x00002ad1   Thumb Code     8  clock.o(i.IntSysTick_Handler)
    NixieClock_Init                          0x00002b09   Thumb Code    82  nixie.o(i.NixieClock_Init)
    NixieDisplay_Date                        0x00002ced   Thumb Code     4  nixie.o(i.NixieDisplay_Date)
    NixieDisplay_Effects                     0x00002cf1   Thumb Code    24  nixie.o(i.NixieDisplay_Effects)
    NixieDisplay_Time                        0x00002d09   Thumb Code     4  nixie.o(i.NixieDisplay_Time)
    NixieDisplay_Weather                     0x00002d0d   Thumb Code     6  nixie.o(i.NixieDisplay_Weather)
    NixieDots_toggle                         0x00002d15   Thumb Code    36  nixie.o(i.NixieDots_toggle)
    NixiePower_IsOn                          0x00003035   Thumb Code    26  nixie.o(i.NixiePower_IsOn)
    NixiePower_Set                           0x00003055   Thumb Code    42  nixie.o(i.NixiePower_Set)
    OpenUdpServer                            0x00003085   Thumb Code   122  udp.o(i.OpenUdpServer)
    RTCInit                                  0x00003119   Thumb Code    80  rtc.o(i.RTCInit)
    Random                                   0x0000317d   Thumb Code    16  random.o(i.Random)
    RandomX                                  0x00003199   Thumb Code    20  random.o(i.RandomX)
    Random_Init                              0x000031ad   Thumb Code     6  random.o(i.Random_Init)
    ReciveFromUdp                            0x000031b9   Thumb Code   100  udp.o(i.ReciveFromUdp)
    SSIConfigSetExpClk                       0x00003231   Thumb Code    58  ssi.o(i.SSIConfigSetExpClk)
    SSIDataGetNonBlocking                    0x0000326b   Thumb Code    20  ssi.o(i.SSIDataGetNonBlocking)
    SSIDataPutNonBlocking                    0x0000327f   Thumb Code    16  ssi.o(i.SSIDataPutNonBlocking)
    SSIEnable                                0x0000328f   Thumb Code    10  ssi.o(i.SSIEnable)
    SendUdpDatagram                          0x00003299   Thumb Code    94  udp.o(i.SendUdpDatagram)
    SetRtcTimeDate                           0x00003319   Thumb Code   142  rtc.o(i.SetRtcTimeDate)
    SetSunRiseSunSet                         0x000033a9   Thumb Code   106  clock.o(i.SetSunRiseSunSet)
    ShiftRegister_Init                       0x0000341d   Thumb Code    78  shiftregister.o(i.ShiftRegister_Init)
    ShiftRegister_Output                     0x00003479   Thumb Code    60  shiftregister.o(i.ShiftRegister_Output)
    SimpleLinkHttpServerCallback             0x000034b5   Thumb Code     6  wifi.o(i.SimpleLinkHttpServerCallback)
    SimpleLinkNetAppEventHandler             0x000034e1   Thumb Code    24  wifi.o(i.SimpleLinkNetAppEventHandler)
    SimpleLinkWlanEventHandler               0x00003521   Thumb Code    50  wifi.o(i.SimpleLinkWlanEventHandler)
    Sound_Highpitch                          0x000035f1   Thumb Code    10  sound.o(i.Sound_Highpitch)
    Sound_Init                               0x00003601   Thumb Code    24  sound.o(i.Sound_Init)
    Switch_Ack                               0x00003631   Thumb Code     6  interface.o(i.Switch_Ack)
    SysCtlClockGet                           0x0000363d   Thumb Code   304  sysctl.o(i.SysCtlClockGet)
    SysCtlPeripheralEnable                   0x00003791   Thumb Code    36  sysctl.o(i.SysCtlPeripheralEnable)
    SysCtlPeripheralReset                    0x000037b9   Thumb Code    56  sysctl.o(i.SysCtlPeripheralReset)
    SysTick_Init                             0x000037f5   Thumb Code    34  timer.o(i.SysTick_Init)
    Systick_Start                            0x0000381d   Thumb Code    10  timer.o(i.Systick_Start)
    Systick_Stop                             0x00003827   Thumb Code    14  timer.o(i.Systick_Stop)
    Timer0A_Init                             0x00003835   Thumb Code    74  timer.o(i.Timer0A_Init)
    Timer0A_Start                            0x0000388d   Thumb Code    18  timer.o(i.Timer0A_Start)
    Timer0A_Stop                             0x000038a9   Thumb Code    18  timer.o(i.Timer0A_Stop)
    Timer0IntHandler                         0x000038c5   Thumb Code    12  timer.o(i.Timer0IntHandler)
    Timer1A_Init                             0x000038d9   Thumb Code    74  timer.o(i.Timer1A_Init)
    Timer1A_Start                            0x00003931   Thumb Code    12  timer.o(i.Timer1A_Start)
    Timer1A_Stop                             0x00003941   Thumb Code    12  timer.o(i.Timer1A_Stop)
    Timer1IntHandler                         0x00003951   Thumb Code    10  alarm.o(i.Timer1IntHandler)
    Timer2A_Init                             0x00003961   Thumb Code    74  timer.o(i.Timer2A_Init)
    Timer2A_Start                            0x000039b9   Thumb Code    12  timer.o(i.Timer2A_Start)
    Timer2A_Stop                             0x000039c9   Thumb Code    12  timer.o(i.Timer2A_Stop)
    Timer2IntHandler                         0x000039d9   Thumb Code    48  sound.o(i.Timer2IntHandler)
    TurnOffClock                             0x00003a11   Thumb Code    86  clock.o(i.TurnOffClock)
    UARTFlushRx                              0x00003a71   Thumb Code    36  uartstdio.o(i.UARTFlushRx)
    UARTFlushTx                              0x00003a99   Thumb Code    52  uartstdio.o(i.UARTFlushTx)
    UARTPeek                                 0x00003ad1   Thumb Code    52  uartstdio.o(i.UARTPeek)
    UARTStdioConfig                          0x00003b85   Thumb Code   142  uartstdio.o(i.UARTStdioConfig)
    UARTStdioIntHandler                      0x00003c1d   Thumb Code   248  uartstdio.o(i.UARTStdioIntHandler)
    UARTgets                                 0x00003d25   Thumb Code    90  uartstdio.o(i.UARTgets)
    UARTprintf                               0x00003d89   Thumb Code    18  uartstdio.o(i.UARTprintf)
    UARTvprintf                              0x00003d9d   Thumb Code   420  uartstdio.o(i.UARTvprintf)
    UARTwrite                                0x00003f51   Thumb Code   134  uartstdio.o(i.UARTwrite)
    Uart_Init                                0x00003fe1   Thumb Code    84  main.o(i.Uart_Init)
    WlanConnect                              0x00004045   Thumb Code   138  wifi.o(i.WlanConnect)
    _SlAsyncEventGenericHandler              0x00004155   Thumb Code   746  driver.o(i._SlAsyncEventGenericHandler)
    _SlDrvBasicCmd                           0x00004445   Thumb Code    40  driver.o(i._SlDrvBasicCmd)
    _SlDrvClassifyRxMsg                      0x0000446d   Thumb Code   114  driver.o(i._SlDrvClassifyRxMsg)
    _SlDrvCmdOp                              0x000044f5   Thumb Code    80  driver.o(i._SlDrvCmdOp)
    _SlDrvCmdSend                            0x00004549   Thumb Code    24  driver.o(i._SlDrvCmdSend)
    _SlDrvDataReadOp                         0x00004565   Thumb Code   324  driver.o(i._SlDrvDataReadOp)
    _SlDrvDataWriteOp                        0x000046b1   Thumb Code   272  driver.o(i._SlDrvDataWriteOp)
    _SlDrvDeviceEventHandler                 0x000047c5   Thumb Code    26  device.o(i._SlDrvDeviceEventHandler)
    _SlDrvDriverCBDeinit                     0x000047e1   Thumb Code    92  driver.o(i._SlDrvDriverCBDeinit)
    _SlDrvDriverCBInit                       0x00004841   Thumb Code   134  driver.o(i._SlDrvDriverCBInit)
    _SlDrvFlowContDeinit                     0x000048d1   Thumb Code    40  flowcont.o(i._SlDrvFlowContDeinit)
    _SlDrvFlowContInit                       0x000048fd   Thumb Code    42  flowcont.o(i._SlDrvFlowContInit)
    _SlDrvMsgRead                            0x0000492d   Thumb Code   838  driver.o(i._SlDrvMsgRead)
    _SlDrvMsgReadCmdCtx                      0x00004c7d   Thumb Code   158  driver.o(i._SlDrvMsgReadCmdCtx)
    _SlDrvMsgReadSpawnCtx                    0x00004d25   Thumb Code   138  driver.o(i._SlDrvMsgReadSpawnCtx)
    _SlDrvMsgWrite                           0x00004db5   Thumb Code   232  driver.o(i._SlDrvMsgWrite)
    _SlDrvNetAppEventHandler                 0x00004ea5   Thumb Code   202  netapp.o(i._SlDrvNetAppEventHandler)
    _SlDrvObjDeInit                          0x00004f71   Thumb Code    18  driver.o(i._SlDrvObjDeInit)
    _SlDrvObjInit                            0x00004f89   Thumb Code    56  driver.o(i._SlDrvObjInit)
    _SlDrvReleasePoolObj                     0x00004fc5   Thumb Code   222  driver.o(i._SlDrvReleasePoolObj)
    _SlDrvRxHdrRead                          0x000050a9   Thumb Code   280  driver.o(i._SlDrvRxHdrRead)
    _SlDrvRxIrqHandler                       0x000051d1   Thumb Code    54  driver.o(i._SlDrvRxIrqHandler)
    _SlDrvShiftDWord                         0x00005211   Thumb Code    22  driver.o(i._SlDrvShiftDWord)
    _SlDrvWaitForPoolObj                     0x00005229   Thumb Code   254  driver.o(i._SlDrvWaitForPoolObj)
    _SlFindAndSetActiveObj                   0x0000532d   Thumb Code   136  driver.o(i._SlFindAndSetActiveObj)
    _SlNonOsMainLoopTask                     0x000053bd   Thumb Code    54  nonos.o(i._SlNonOsMainLoopTask)
    _SlNonOsSemGet                           0x000053fd   Thumb Code    50  nonos.o(i._SlNonOsSemGet)
    _SlNonOsSemSet                           0x0000542f   Thumb Code     6  nonos.o(i._SlNonOsSemSet)
    _SlNonOsSpawn                            0x00005435   Thumb Code    30  nonos.o(i._SlNonOsSpawn)
    _SlRemoveFromList                        0x00005459   Thumb Code    84  driver.o(i._SlRemoveFromList)
    __0sprintf$1                             0x000054b1   Thumb Code    34  printf1.o(i.__0sprintf$1)
    __1sprintf$1                             0x000054b1   Thumb Code     0  printf1.o(i.__0sprintf$1)
    __2sprintf                               0x000054b1   Thumb Code     0  printf1.o(i.__0sprintf$1)
    __aeabi_errno_addr                       0x000054d9   Thumb Code     4  errno.o(i.__aeabi_errno_addr)
    __rt_errno_addr                          0x000054d9   Thumb Code     0  errno.o(i.__aeabi_errno_addr)
    __hardfp_atof                            0x000054e1   Thumb Code    44  atof.o(i.__hardfp_atof)
    __hardfp_difftime                        0x00005519   Thumb Code    42  difftime.o(i.__hardfp_difftime)
    __hardfp_lrintf                          0x00005543   Thumb Code    72  lrintf.o(i.__hardfp_lrintf)
    __read_errno                             0x0000558d   Thumb Code     6  errno.o(i.__read_errno)
    __scatterload_copy                       0x00005599   Thumb Code    14  handlers.o(i.__scatterload_copy)
    __scatterload_null                       0x000055a7   Thumb Code     2  handlers.o(i.__scatterload_null)
    __scatterload_zeroinit                   0x000055a9   Thumb Code    14  handlers.o(i.__scatterload_zeroinit)
    __set_errno                              0x000055b9   Thumb Code     6  errno.o(i.__set_errno)
    _is_digit                                0x000055c5   Thumb Code    14  scanf_fp.o(i._is_digit)
    _sl_BuildAddress                         0x00005729   Thumb Code    38  socket.o(i._sl_BuildAddress)
    _sl_HandleAsync_Accept                   0x00005751   Thumb Code   110  socket.o(i._sl_HandleAsync_Accept)
    _sl_HandleAsync_Connect                  0x000057c5   Thumb Code   120  socket.o(i._sl_HandleAsync_Connect)
    _sl_HandleAsync_DnsGetHostByName         0x00005841   Thumb Code   110  netapp.o(i._sl_HandleAsync_DnsGetHostByName)
    _sl_HandleAsync_DnsGetHostByService      0x000058b5   Thumb Code   100  netapp.o(i._sl_HandleAsync_DnsGetHostByService)
    _sl_HandleAsync_InitComplete             0x0000591d   Thumb Code   126  device.o(i._sl_HandleAsync_InitComplete)
    _sl_HandleAsync_PingResponse             0x000059a1   Thumb Code   120  netapp.o(i._sl_HandleAsync_PingResponse)
    _sl_HandleAsync_Select                   0x00005a21   Thumb Code    94  socket.o(i._sl_HandleAsync_Select)
    _sl_HandleAsync_Stop                     0x00005a85   Thumb Code    90  device.o(i._sl_HandleAsync_Stop)
    _sl_TruncatePayloadByProtocol            0x00005ae5   Thumb Code    84  socket.o(i._sl_TruncatePayloadByProtocol)
    configureSimpleLinkToDefaultState        0x00005b45   Thumb Code   216  wifi.o(i.configureSimpleLinkToDefaultState)
    getTime                                  0x00005c29   Thumb Code   462  webservices.o(i.getTime)
    getWeather                               0x00005e8d   Thumb Code   850  webservices.o(i.getWeather)
    initClk                                  0x0000629d   Thumb Code   100  board.o(i.initClk)
    initializeAppVariables                   0x00006305   Thumb Code    22  wifi.o(i.initializeAppVariables)
    main                                     0x00006325   Thumb Code   724  main.o(i.main)
    registerInterruptHandler                 0x00006735   Thumb Code     8  board.o(i.registerInterruptHandler)
    sl_Bind                                  0x00006741   Thumb Code    92  socket.o(i.sl_Bind)
    sl_Close                                 0x000067a1   Thumb Code    26  socket.o(i.sl_Close)
    sl_Connect                               0x000067c1   Thumb Code   224  socket.o(i.sl_Connect)
    sl_DevGet                                0x000068ad   Thumb Code   104  device.o(i.sl_DevGet)
    sl_Htonl                                 0x0000691d   Thumb Code    40  socket.o(i.sl_Htonl)
    sl_Htons                                 0x00006945   Thumb Code    48  socket.o(i.sl_Htons)
    sl_NetAppDnsGetHostByName                0x00006975   Thumb Code   202  netapp.o(i.sl_NetAppDnsGetHostByName)
    sl_NetAppMDNSRegisterUnregisterService   0x00006a4d   Thumb Code   120  netapp.o(i.sl_NetAppMDNSRegisterUnregisterService)
    sl_NetAppMDNSUnRegisterService           0x00006ac9   Thumb Code    18  netapp.o(i.sl_NetAppMDNSUnRegisterService)
    sl_NetAppSendTokenValue                  0x00006add   Thumb Code    74  netapp.o(i.sl_NetAppSendTokenValue)
    sl_NetCfgGet                             0x00006b2d   Thumb Code   100  netcfg.o(i.sl_NetCfgGet)
    sl_NetCfgSet                             0x00006b99   Thumb Code    58  netcfg.o(i.sl_NetCfgSet)
    sl_Recv                                  0x00006bd9   Thumb Code    58  socket.o(i.sl_Recv)
    sl_RecvFrom                              0x00006c19   Thumb Code   158  socket.o(i.sl_RecvFrom)
    sl_Send                                  0x00006cbd   Thumb Code   162  socket.o(i.sl_Send)
    sl_SendTo                                0x00006d69   Thumb Code   174  socket.o(i.sl_SendTo)
    sl_SetSockOpt                            0x00006e19   Thumb Code    58  socket.o(i.sl_SetSockOpt)
    sl_Socket                                0x00006e59   Thumb Code    42  socket.o(i.sl_Socket)
    sl_Start                                 0x00006e89   Thumb Code   170  device.o(i.sl_Start)
    sl_Stop                                  0x00006f41   Thumb Code   186  device.o(i.sl_Stop)
    sl_WlanConnect                           0x00007009   Thumb Code   414  wlan.o(i.sl_WlanConnect)
    sl_WlanDisconnect                        0x000071ad   Thumb Code     8  wlan.o(i.sl_WlanDisconnect)
    sl_WlanPolicySet                         0x000071b5   Thumb Code    52  wlan.o(i.sl_WlanPolicySet)
    sl_WlanProfileDel                        0x000071ed   Thumb Code    26  wlan.o(i.sl_WlanProfileDel)
    sl_WlanSet                               0x0000720d   Thumb Code    60  wlan.o(i.sl_WlanSet)
    sl_WlanSetMode                           0x0000724d   Thumb Code    26  wlan.o(i.sl_WlanSetMode)
    spi_Close                                0x0000726d   Thumb Code    10  spi.o(i.spi_Close)
    spi_Open                                 0x00007279   Thumb Code   214  spi.o(i.spi_Open)
    spi_Read                                 0x00007379   Thumb Code    78  spi.o(i.spi_Read)
    spi_Write                                0x000073d1   Thumb Code    76  spi.o(i.spi_Write)
    stopWDT                                  0x00007425   Thumb Code     2  board.o(i.stopWDT)
    ustrtoul                                 0x00007427   Thumb Code   158  ustdlib.o(i.ustrtoul)
    _SlStopCmdCtrl                           0x000074c4   Data           4  device.o(.constdata)
    _SlEventMaskSetCmdCtrl                   0x000074c8   Data           4  device.o(.constdata)
    _SlEventMaskGetCmdCtrl                   0x000074cc   Data           4  device.o(.constdata)
    _SlDeviceGetCmdCtrl                      0x000074d0   Data           4  device.o(.constdata)
    _SlDeviceSetCmdCtrl                      0x000074d4   Data           4  device.o(.constdata)
    g_H2NSyncPattern                         0x000074d8   Data           8  driver.o(.constdata)
    g_H2NCnysPattern                         0x000074e0   Data           8  driver.o(.constdata)
    _SlActionLookupTable                     0x000074e8   Data          56  driver.o(.constdata)
    _SlNetAppStartCtrl                       0x00007520   Data           4  netapp.o(.constdata)
    _SlNetAppStopCtrl                        0x00007524   Data           4  netapp.o(.constdata)
    _SlGetServiceListeCtrl                   0x00007528   Data           4  netapp.o(.constdata)
    _SlRegisterServiceCtrl                   0x0000752c   Data           4  netapp.o(.constdata)
    _SlGetHostByServiceCtrl                  0x00007530   Data           4  netapp.o(.constdata)
    _SlGetHostByNameCtrl                     0x00007534   Data           4  netapp.o(.constdata)
    _SlNetAppSetCmdCtrl                      0x00007538   Data           4  netapp.o(.constdata)
    _SlNetAppSendTokenValueCmdCtrl           0x0000753c   Data           4  netapp.o(.constdata)
    _SlNetAppGetCmdCtrl                      0x00007540   Data           4  netapp.o(.constdata)
    _SlNetCfgSetCmdCtrl                      0x00007548   Data           4  netcfg.o(.constdata)
    _SlNetCfgGetCmdCtrl                      0x0000754c   Data           4  netcfg.o(.constdata)
    _SlSockSocketCmdCtrl                     0x00007550   Data           4  socket.o(.constdata)
    _SlSockCloseCmdCtrl                      0x00007554   Data           4  socket.o(.constdata)
    _SlRecvfomCmdCtrl                        0x00007558   Data           4  socket.o(.constdata)
    _SlSendCmdCtrl                           0x0000755c   Data           4  socket.o(.constdata)
    _SlListenCmdCtrl                         0x00007560   Data           4  socket.o(.constdata)
    _SlAcceptCmdCtrl                         0x00007564   Data           4  socket.o(.constdata)
    _SlRecvCmdCtrl                           0x00007568   Data           4  socket.o(.constdata)
    _SlSetSockOptCmdCtrl                     0x0000756c   Data           4  socket.o(.constdata)
    _SlGetSockOptCmdCtrl                     0x00007570   Data           4  socket.o(.constdata)
    _SlSelectCmdCtrl                         0x00007574   Data           4  socket.o(.constdata)
    _SlPolicySetCmdCtrl                      0x00007580   Data           4  wlan.o(.constdata)
    _SlPolicyGetCmdCtrl                      0x00007584   Data           4  wlan.o(.constdata)
    _SlProfileGetCmdCtrl                     0x00007588   Data           4  wlan.o(.constdata)
    _SlProfileDelCmdCtrl                     0x0000758c   Data           4  wlan.o(.constdata)
    _SlWlanGetNetworkListCtrl                0x00007590   Data           4  wlan.o(.constdata)
    _SlRxFilterAddtCmdCtrl                   0x00007594   Data           4  wlan.o(.constdata)
    _SlRxFilterSetCmdCtrl                    0x00007598   Data           4  wlan.o(.constdata)
    _SlRxFilterGetCmdCtrl                    0x0000759c   Data           4  wlan.o(.constdata)
    _SlSmartConfigStartCmdCtrl               0x000075a0   Data           4  wlan.o(.constdata)
    _SlWlanSetModeCmdCtrl                    0x000075a4   Data           4  wlan.o(.constdata)
    _SlWlanCfgSetCmdCtrl                     0x000075a8   Data           4  wlan.o(.constdata)
    _SlWlanCfgGetCmdCtrl                     0x000075ac   Data           4  wlan.o(.constdata)
    shoot                                    0x000075dc   Data        4080  sound.o(.constdata)
    invaderkilled                            0x000085cc   Data        3377  sound.o(.constdata)
    explosion                                0x000092fd   Data        2000  sound.o(.constdata)
    fastinvader1                             0x00009acd   Data         982  sound.o(.constdata)
    fastinvader2                             0x00009ea3   Data        1042  sound.o(.constdata)
    fastinvader3                             0x0000a2b5   Data        1054  sound.o(.constdata)
    fastinvader4                             0x0000a6d3   Data        1098  sound.o(.constdata)
    highpitch                                0x0000ab1d   Data        1802  sound.o(.constdata)
    lowpitch                                 0x0000b227   Data       25932  sound.o(.constdata)
    ColorWheel                               0x00011774   Data          32  rgb.o(.constdata)
    __ctype_table                            0x00011cd6   Data         129  ctype_o.o(.constdata)
    Region$$Table$$Base                      0x000120bc   Number         0  anon$$obj.o(Region$$Table)
    Region$$Table$$Limit                     0x000120dc   Number         0  anon$$obj.o(Region$$Table)
    Color                                    0x20000000   Data           1  main.o(.data)
    WifiConnection                           0x20000001   Data           1  main.o(.data)
    SockID                                   0x20000002   Data           2  main.o(.data)
    version                                  0x20000004   Data           3  main.o(.data)
    IntIsMasked                              0x20000008   Data           1  board.o(.data)
    pIrqEventHandler                         0x2000000c   Data           4  board.o(.data)
    g_pCB                                    0x20000010   Data           4  driver.o(.data)
    pPingCallBackFunc                        0x20000014   Data           4  driver.o(.data)
    bitOrder                                 0x20000034   Data           4  shiftregister.o(.data)
    MailBox_WlanTimeOut                      0x20000038   Data           1  timer.o(.data)
    Index                                    0x2000003c   Data           4  sound.o(.data)
    Count                                    0x20000040   Data           4  sound.o(.data)
    Wave                                     0x20000044   Data           4  sound.o(.data)
    g_psCmdTable                             0x20000048   Data         132  nixiecommands.o(.data)
    g_Status                                 0x200000cc   Data           4  wifi.o(.data)
    pt                                       0x200000d0   Data           4  webservices.o(.data)
    M                                        0x200000d4   Data           4  random.o(.data)
    Switch                                   0x200000d8   Data           4  interface.o(.data)
    PreviousDebounceTime                     0x200000dc   Data           4  interface.o(.data)
    MailBox_SysTick                          0x200000e0   Data           1  clock.o(.data)
    appData                                  0x200000e8   Data        1584  main.o(.bss)
    TimeData                                 0x20000718   Data          32  main.o(.bss)
    WeatherData                              0x20000738   Data          68  main.o(.bss)
    psTime                                   0x2000077c   Data          44  main.o(.bss)
    SunRise                                  0x200007a8   Data          44  main.o(.bss)
    SunSet                                   0x200007d4   Data          44  main.o(.bss)
    g_StatMem                                0x20000880   Data         356  driver.o(.bss)
    g__SlNonOsCB                             0x200009e4   Data          40  nonos.o(.bss)
    WeatherREQUEST                           0x20000eb0   Data         185  webservices.o(.bss)
    Clock                                    0x20000f6c   Data          12  alarm.o(.bss)
    __initial_sp                             0x20004fa8   Data           0  startup_rvmdk.o(STACK)



==============================================================================

Memory Map of the image

  Image Entry point : 0x0000026d

  Load Region LR_IROM (Base: 0x00000000, Size: 0x000121c4, Max: 0x00040000, ABSOLUTE)

    Execution Region ER_IROM (Base: 0x00000000, Size: 0x000120dc, Max: 0x00040000, ABSOLUTE)

    Base Addr    Size         Type   Attr      Idx    E Section Name        Object

    0x00000000   0x00000288   Code   RO          985  * RESET               startup_rvmdk.o
    0x00000288   0x00000000   Code   RO         3925  * .ARM.Collect$$$$00000000  mc_w.l(entry.o)
    0x00000288   0x00000004   Code   RO         4221    .ARM.Collect$$$$00000001  mc_w.l(entry2.o)
    0x0000028c   0x00000004   Code   RO         4224    .ARM.Collect$$$$00000004  mc_w.l(entry5.o)
    0x00000290   0x00000000   Code   RO         4226    .ARM.Collect$$$$00000008  mc_w.l(entry7b.o)
    0x00000290   0x00000000   Code   RO         4228    .ARM.Collect$$$$0000000A  mc_w.l(entry8b.o)
    0x00000290   0x00000008   Code   RO         4229    .ARM.Collect$$$$0000000B  mc_w.l(entry9a.o)
    0x00000298   0x00000000   Code   RO         4231    .ARM.Collect$$$$0000000D  mc_w.l(entry10a.o)
    0x00000298   0x00000000   Code   RO         4233    .ARM.Collect$$$$0000000F  mc_w.l(entry11a.o)
    0x00000298   0x00000004   Code   RO         4222    .ARM.Collect$$$$00002712  mc_w.l(entry2.o)
    0x0000029c   0x00000026   Code   RO         3895    .emb_text           driverlib.lib(cpu.o)
    0x000002c2   0x00000002   PAD
    0x000002c4   0x00000094   Code   RO         3928    .text               mc_w.l(localtime.o)
    0x00000358   0x00000394   Code   RO         3932    .text               mc_w.l(strftime.o)
    0x000006ec   0x00000024   Code   RO         3938    .text               mc_w.l(memcpya.o)
    0x00000710   0x00000024   Code   RO         3940    .text               mc_w.l(memseta.o)
    0x00000734   0x00000018   Code   RO         3942    .text               mc_w.l(strcat.o)
    0x0000074c   0x00000024   Code   RO         3944    .text               mc_w.l(strstr.o)
    0x00000770   0x0000000e   Code   RO         3946    .text               mc_w.l(strlen.o)
    0x0000077e   0x0000001c   Code   RO         3948    .text               mc_w.l(strcmp.o)
    0x0000079a   0x00000012   Code   RO         3950    .text               mc_w.l(strcpy.o)
    0x000007ac   0x0000001a   Code   RO         4215    .text               mc_w.l(atoi.o)
    0x000007c6   0x00000002   PAD
    0x000007c8   0x00000030   Code   RO         4217    .text               mf_w.l(cdcmple.o)
    0x000007f8   0x00000038   Code   RO         4219    .text               mf_w.l(d2f.o)
    0x00000830   0x0000002c   Code   RO         4238    .text               mc_w.l(uidiv.o)
    0x0000085c   0x0000009c   Code   RO         4249    .text               mc_w.l(strtod.o)
    0x000008f8   0x00000070   Code   RO         4251    .text               mc_w.l(strtol.o)
    0x00000968   0x00000000   Code   RO         4253    .text               mc_w.l(iusefp.o)
    0x00000968   0x0000006e   Code   RO         4254    .text               mf_w.l(fepilogue.o)
    0x000009d6   0x0000003c   Code   RO         4256    .text               mf_w.l(frnd.o)
    0x00000a12   0x0000014e   Code   RO         4258    .text               mf_w.l(dadd.o)
    0x00000b60   0x000000e4   Code   RO         4260    .text               mf_w.l(dmul.o)
    0x00000c44   0x000000de   Code   RO         4262    .text               mf_w.l(ddiv.o)
    0x00000d22   0x0000001a   Code   RO         4264    .text               mf_w.l(dfltui.o)
    0x00000d3c   0x0000004c   Code   RO         4268    .text               mf_w.l(ffixir.o)
    0x00000d88   0x00000024   Code   RO         4272    .text               mc_w.l(init.o)
    0x00000dac   0x0000001e   Code   RO         4275    .text               mc_w.l(llshl.o)
    0x00000dca   0x00000020   Code   RO         4277    .text               mc_w.l(llushr.o)
    0x00000dea   0x00000024   Code   RO         4279    .text               mc_w.l(llsshr.o)
    0x00000e0e   0x00000002   PAD
    0x00000e10   0x00000008   Code   RO         4283    .text               mc_w.l(ctype_o.o)
    0x00000e18   0x00000012   Code   RO         4305    .text               mc_w.l(isspace_o.o)
    0x00000e2a   0x00000002   PAD
    0x00000e2c   0x00000338   Code   RO         4311    .text               mc_w.l(scanf_fp.o)
    0x00001164   0x00000040   Code   RO         4315    .text               mc_w.l(_sgetc.o)
    0x000011a4   0x0000009e   Code   RO         4317    .text               mc_w.l(_strtoul.o)
    0x00001242   0x000000ba   Code   RO         4320    .text               mf_w.l(depilogue.o)
    0x000012fc   0x0000001c   Code   RO         4325    .text               mc_w.l(_chval.o)
    0x00001318   0x00000018   Code   RO         4327    .text               mf_w.l(dfltul.o)
    0x00001330   0x000000d8   Code   RO         2149    i.AdjustRTCDrift    clock.o
    0x00001408   0x000000d0   Code   RO         2093    i.AlarmClock_Check  alarm.o
    0x000014d8   0x00000010   Code   RO         2094    i.AlarmClock_HourMin  alarm.o
    0x000014e8   0x00000024   Code   RO         2095    i.AlarmClock_Init   alarm.o
    0x0000150c   0x0000000c   Code   RO         2096    i.AlarmClock_IsRing  alarm.o
    0x00001518   0x0000000c   Code   RO         2097    i.AlarmClock_IsSet  alarm.o
    0x00001524   0x00000010   Code   RO         2098    i.AlarmClock_Set    alarm.o
    0x00001534   0x00000014   Code   RO         2099    i.AlarmClock_Snooze  alarm.o
    0x00001548   0x00000060   Code   RO         1950    i.BuildGetRequest   webservices.o
    0x000015a8   0x000000b4   Code   RO         2050    i.Buttons_Init      interface.o
    0x0000165c   0x0000000c   Code   RO          170    i.CC3100_InterruptDisable  board.o
    0x00001668   0x0000000c   Code   RO          171    i.CC3100_InterruptEnable  board.o
    0x00001674   0x00000014   Code   RO          172    i.CC3100_disable    board.o
    0x00001688   0x00000014   Code   RO          173    i.CC3100_enable     board.o
    0x0000169c   0x00000210   Code   RO         1762    i.CMD_GetWeather    nixiecommands.o
    0x000018ac   0x00000070   Code   RO         1763    i.CMD_Help          nixiecommands.o
    0x0000191c   0x00000060   Code   RO         1764    i.CMD_NodeIP        nixiecommands.o
    0x0000197c   0x000000d0   Code   RO         1765    i.CMD_ReadConfigs   nixiecommands.o
    0x00001a4c   0x0000006c   Code   RO         1766    i.CMD_SetAlarm      nixiecommands.o
    0x00001ab8   0x00000170   Code   RO         1767    i.CMD_SetCity       nixiecommands.o
    0x00001c28   0x00000068   Code   RO         1768    i.CMD_SetColorWheel  nixiecommands.o
    0x00001c90   0x0000005c   Code   RO         1769    i.CMD_SetNixiePower  nixiecommands.o
    0x00001cec   0x0000019c   Code   RO         1770    i.CMD_SetTime       nixiecommands.o
    0x00001e88   0x00000038   Code   RO         1771    i.CMD_Snooze        nixiecommands.o
    0x00001ec0   0x0000006c   Code   RO         2150    i.CheckSunRise      clock.o
    0x00001f2c   0x00000074   Code   RO         2151    i.CheckSunSet       clock.o
    0x00001fa0   0x00000028   Code   RO         2152    i.Clock_Init        clock.o
    0x00001fc8   0x00000004   Code   RO         2153    i.Clock_Start       clock.o
    0x00001fcc   0x00000064   Code   RO         1852    i.CmdLineProcess    commandline.o
    0x00002030   0x00000064   Code   RO         1701    i.ColorWheel_Init   rgb.o
    0x00002094   0x00000034   Code   RO         1702    i.ColorWheel_Set    rgb.o
    0x000020c8   0x0000001a   Code   RO          611    i.CopyPingResultsToReport  netapp.o
    0x000020e2   0x0000000c   Code   RO         1866    i.Crash             wifi.o
    0x000020ee   0x00000002   PAD
    0x000020f0   0x00000090   Code   RO         1867    i.CreateConnection  wifi.o
    0x00002180   0x00000060   Code   RO         1405    i.DAC_Init          dac.o
    0x000021e0   0x0000000c   Code   RO         1406    i.DAC_Out           dac.o
    0x000021ec   0x00000024   Code   RO         2051    i.Debounce_Buttons  interface.o
    0x00002210   0x0000001c   Code   RO         1240    i.Delay_100ms       delay.o
    0x0000222c   0x0000000a   Code   RO         1241    i.Delay_12ns        delay.o
    0x00002236   0x00000002   PAD
    0x00002238   0x0000001c   Code   RO         1242    i.Delay_1ms         delay.o
    0x00002254   0x0000000a   Code   RO         2052    i.Disable_GPIOA_Interrupts  interface.o
    0x0000225e   0x00000004   Code   RO         1426    i.Disable_Interrupts  timer.o
    0x00002262   0x0000001a   Code   RO         2053    i.Enable_GPIOA_Interrupts  interface.o
    0x0000227c   0x0000000a   Code   RO         1427    i.Enable_Interrupts  timer.o
    0x00002286   0x00000002   PAD
    0x00002288   0x00000010   Code   RO         2271    i.FPUEnable         driverlib.lib(fpu.o)
    0x00002298   0x00000010   Code   RO         2274    i.FPULazyStackingEnable  driverlib.lib(fpu.o)
    0x000022a8   0x00000058   Code   RO         2219    i.Flash_Erase       flashprogram.o
    0x00002300   0x00000030   Code   RO         2222    i.Flash_ReadCity    flashprogram.o
    0x00002330   0x00000060   Code   RO         2223    i.Flash_Write       flashprogram.o
    0x00002390   0x00000050   Code   RO         2225    i.Flash_WriteCity   flashprogram.o
    0x000023e0   0x00000044   Code   RO         2054    i.GPIOA_intHandler  interface.o
    0x00002424   0x00000034   Code   RO          175    i.GPIOB_intHandler  board.o
    0x00002458   0x00000028   Code   RO         2347    i.GPIODirModeSet    driverlib.lib(gpio.o)
    0x00002480   0x00000006   Code   RO         2348    i.GPIOIntClear      driverlib.lib(gpio.o)
    0x00002486   0x0000000e   Code   RO         2349    i.GPIOIntDisable    driverlib.lib(gpio.o)
    0x00002494   0x0000000e   Code   RO         2350    i.GPIOIntEnable     driverlib.lib(gpio.o)
    0x000024a2   0x0000000e   Code   RO         2352    i.GPIOIntStatus     driverlib.lib(gpio.o)
    0x000024b0   0x00000050   Code   RO         2354    i.GPIOIntTypeSet    driverlib.lib(gpio.o)
    0x00002500   0x0000013a   Code   RO         2357    i.GPIOPadConfigSet  driverlib.lib(gpio.o)
    0x0000263a   0x00000002   PAD
    0x0000263c   0x00000048   Code   RO         2358    i.GPIOPinConfigure  driverlib.lib(gpio.o)
    0x00002684   0x0000001c   Code   RO         2368    i.GPIOPinTypeGPIOInput  driverlib.lib(gpio.o)
    0x000026a0   0x0000001c   Code   RO         2371    i.GPIOPinTypeI2C    driverlib.lib(gpio.o)
    0x000026bc   0x0000001c   Code   RO         2372    i.GPIOPinTypeI2CSCL  driverlib.lib(gpio.o)
    0x000026d8   0x0000001c   Code   RO         2382    i.GPIOPinTypeSSI    driverlib.lib(gpio.o)
    0x000026f4   0x00000006   Code   RO         2390    i.GPIOPinWrite      driverlib.lib(gpio.o)
    0x000026fa   0x00000012   Code   RO         1116    i.GetBufferCount    uartstdio.o
    0x0000270c   0x00000054   Code   RO         1868    i.GetHostIP         wifi.o
    0x00002760   0x000000f4   Code   RO         1722    i.GetRtcTimeDate    rtc.o
    0x00002854   0x00000044   Code   RO          266    i.GetStartResponseConvert  device.o
    0x00002898   0x0000005c   Code   RO         2154    i.GetTimeUpdateRTC  clock.o
    0x000028f4   0x0000000c   Code   RO         2678    i.I2CMasterBusy     driverlib.lib(i2c.o)
    0x00002900   0x00000004   Code   RO         2679    i.I2CMasterControl  driverlib.lib(i2c.o)
    0x00002904   0x00000004   Code   RO         2680    i.I2CMasterDataGet  driverlib.lib(i2c.o)
    0x00002908   0x00000004   Code   RO         2681    i.I2CMasterDataPut  driverlib.lib(i2c.o)
    0x0000290c   0x00000054   Code   RO         2686    i.I2CMasterInitExpClk  driverlib.lib(i2c.o)
    0x00002960   0x00000008   Code   RO         2696    i.I2CMasterSlaveAddrSet  driverlib.lib(i2c.o)
    0x00002968   0x00000058   Code   RO         1723    i.I2CReceive        rtc.o
    0x000029c0   0x0000009c   Code   RO         1724    i.I2CSend           rtc.o
    0x00002a5c   0x00000064   Code   RO         3000    i.IntEnable         driverlib.lib(interrupt.o)
    0x00002ac0   0x0000000e   Code   RO         3003    i.IntMasterEnable   driverlib.lib(interrupt.o)
    0x00002ace   0x00000002   PAD
    0x00002ad0   0x0000000c   Code   RO         2155    i.IntSysTick_Handler  clock.o
    0x00002adc   0x00000010   Code   RO         1117    i.IsBufferEmpty     uartstdio.o
    0x00002aec   0x0000001a   Code   RO         1118    i.IsBufferFull      uartstdio.o
    0x00002b06   0x00000002   PAD
    0x00002b08   0x00000060   Code   RO         1617    i.NixieClock_Init   nixie.o
    0x00002b68   0x0000009c   Code   RO         1618    i.NixieDisplay      nixie.o
    0x00002c04   0x000000e8   Code   RO         1619    i.NixieDisplayDigitbyDigit  nixie.o
    0x00002cec   0x00000004   Code   RO         1620    i.NixieDisplay_Date  nixie.o
    0x00002cf0   0x00000018   Code   RO         1621    i.NixieDisplay_Effects  nixie.o
    0x00002d08   0x00000004   Code   RO         1622    i.NixieDisplay_Time  nixie.o
    0x00002d0c   0x00000006   Code   RO         1623    i.NixieDisplay_Weather  nixie.o
    0x00002d12   0x00000002   PAD
    0x00002d14   0x00000028   Code   RO         1624    i.NixieDots_toggle  nixie.o
    0x00002d3c   0x00000076   Code   RO         1625    i.NixieEffects_1    nixie.o
    0x00002db2   0x0000010a   Code   RO         1626    i.NixieEffects_2    nixie.o
    0x00002ebc   0x00000178   Code   RO         1627    i.NixieEffects_3    nixie.o
    0x00003034   0x00000020   Code   RO         1628    i.NixiePower_IsOn   nixie.o
    0x00003054   0x00000030   Code   RO         1629    i.NixiePower_Set    nixie.o
    0x00003084   0x00000094   Code   RO         1993    i.OpenUdpServer     udp.o
    0x00003118   0x00000064   Code   RO         1725    i.RTCInit           rtc.o
    0x0000317c   0x0000001c   Code   RO         2017    i.Random            random.o
    0x00003198   0x00000014   Code   RO         2018    i.RandomX           random.o
    0x000031ac   0x0000000c   Code   RO         2019    i.Random_Init       random.o
    0x000031b8   0x00000078   Code   RO         1994    i.ReciveFromUdp     udp.o
    0x00003230   0x0000003a   Code   RO         3120    i.SSIConfigSetExpClk  driverlib.lib(ssi.o)
    0x0000326a   0x00000014   Code   RO         3124    i.SSIDataGetNonBlocking  driverlib.lib(ssi.o)
    0x0000327e   0x00000010   Code   RO         3126    i.SSIDataPutNonBlocking  driverlib.lib(ssi.o)
    0x0000328e   0x0000000a   Code   RO         3128    i.SSIEnable         driverlib.lib(ssi.o)
    0x00003298   0x00000064   Code   RO         1995    i.SendUdpDatagram   udp.o
    0x000032fc   0x0000001c   Code   RO         1372    i.SetPin            shiftregister.o
    0x00003318   0x0000008e   Code   RO         1726    i.SetRtcTimeDate    rtc.o
    0x000033a6   0x00000002   PAD
    0x000033a8   0x00000074   Code   RO         2156    i.SetSunRiseSunSet  clock.o
    0x0000341c   0x0000005c   Code   RO         1373    i.ShiftRegister_Init  shiftregister.o
    0x00003478   0x0000003c   Code   RO         1374    i.ShiftRegister_Output  shiftregister.o
    0x000034b4   0x0000002c   Code   RO         1870    i.SimpleLinkHttpServerCallback  wifi.o
    0x000034e0   0x00000040   Code   RO         1871    i.SimpleLinkNetAppEventHandler  wifi.o
    0x00003520   0x000000d0   Code   RO         1873    i.SimpleLinkWlanEventHandler  wifi.o
    0x000035f0   0x00000010   Code   RO         1532    i.Sound_Highpitch   sound.o
    0x00003600   0x0000001c   Code   RO         1534    i.Sound_Init        sound.o
    0x0000361c   0x00000014   Code   RO         1537    i.Sound_Play        sound.o
    0x00003630   0x0000000c   Code   RO         2055    i.Switch_Ack        interface.o
    0x0000363c   0x00000154   Code   RO         3267    i.SysCtlClockGet    driverlib.lib(sysctl.o)
    0x00003790   0x00000028   Code   RO         3298    i.SysCtlPeripheralEnable  driverlib.lib(sysctl.o)
    0x000037b8   0x0000003c   Code   RO         3303    i.SysCtlPeripheralReset  driverlib.lib(sysctl.o)
    0x000037f4   0x00000028   Code   RO         1428    i.SysTick_Init      timer.o
    0x0000381c   0x0000000a   Code   RO         1429    i.Systick_Start     timer.o
    0x00003826   0x0000000e   Code   RO         1430    i.Systick_Stop      timer.o
    0x00003834   0x00000058   Code   RO         1431    i.Timer0A_Init      timer.o
    0x0000388c   0x0000001c   Code   RO         1432    i.Timer0A_Start     timer.o
    0x000038a8   0x0000001c   Code   RO         1433    i.Timer0A_Stop      timer.o
    0x000038c4   0x00000014   Code   RO         1434    i.Timer0IntHandler  timer.o
    0x000038d8   0x00000058   Code   RO         1435    i.Timer1A_Init      timer.o
    0x00003930   0x00000010   Code   RO         1436    i.Timer1A_Start     timer.o
    0x00003940   0x00000010   Code   RO         1437    i.Timer1A_Stop      timer.o
    0x00003950   0x00000010   Code   RO         2100    i.Timer1IntHandler  alarm.o
    0x00003960   0x00000058   Code   RO         1438    i.Timer2A_Init      timer.o
    0x000039b8   0x00000010   Code   RO         1439    i.Timer2A_Start     timer.o
    0x000039c8   0x00000010   Code   RO         1440    i.Timer2A_Stop      timer.o
    0x000039d8   0x00000038   Code   RO         1539    i.Timer2IntHandler  sound.o
    0x00003a10   0x00000060   Code   RO         2157    i.TurnOffClock      clock.o
    0x00003a70   0x00000028   Code   RO         1120    i.UARTFlushRx       uartstdio.o
    0x00003a98   0x00000038   Code   RO         1121    i.UARTFlushTx       uartstdio.o
    0x00003ad0   0x0000003c   Code   RO         1123    i.UARTPeek          uartstdio.o
    0x00003b0c   0x00000078   Code   RO         1124    i.UARTPrimeTransmit  uartstdio.o
    0x00003b84   0x00000098   Code   RO         1126    i.UARTStdioConfig   uartstdio.o
    0x00003c1c   0x00000108   Code   RO         1127    i.UARTStdioIntHandler  uartstdio.o
    0x00003d24   0x00000064   Code   RO         1130    i.UARTgets          uartstdio.o
    0x00003d88   0x00000012   Code   RO         1131    i.UARTprintf        uartstdio.o
    0x00003d9a   0x00000002   PAD
    0x00003d9c   0x000001b4   Code   RO         1132    i.UARTvprintf       uartstdio.o
    0x00003f50   0x00000090   Code   RO         1133    i.UARTwrite         uartstdio.o
    0x00003fe0   0x00000064   Code   RO            1    i.Uart_Init         main.o
    0x00004044   0x00000110   Code   RO         1874    i.WlanConnect       wifi.o
    0x00004154   0x000002f0   Code   RO          390    i._SlAsyncEventGenericHandler  driver.o
    0x00004444   0x00000028   Code   RO          391    i._SlDrvBasicCmd    driver.o
    0x0000446c   0x00000088   Code   RO          392    i._SlDrvClassifyRxMsg  driver.o
    0x000044f4   0x00000054   Code   RO          393    i._SlDrvCmdOp       driver.o
    0x00004548   0x0000001c   Code   RO          394    i._SlDrvCmdSend     driver.o
    0x00004564   0x0000014c   Code   RO          395    i._SlDrvDataReadOp  driver.o
    0x000046b0   0x00000114   Code   RO          396    i._SlDrvDataWriteOp  driver.o
    0x000047c4   0x0000001a   Code   RO          267    i._SlDrvDeviceEventHandler  device.o
    0x000047de   0x00000002   PAD
    0x000047e0   0x00000060   Code   RO          397    i._SlDrvDriverCBDeinit  driver.o
    0x00004840   0x00000090   Code   RO          398    i._SlDrvDriverCBInit  driver.o
    0x000048d0   0x0000002c   Code   RO          536    i._SlDrvFlowContDeinit  flowcont.o
    0x000048fc   0x00000030   Code   RO          537    i._SlDrvFlowContInit  flowcont.o
    0x0000492c   0x00000350   Code   RO          399    i._SlDrvMsgRead     driver.o
    0x00004c7c   0x000000a8   Code   RO          400    i._SlDrvMsgReadCmdCtx  driver.o
    0x00004d24   0x00000090   Code   RO          401    i._SlDrvMsgReadSpawnCtx  driver.o
    0x00004db4   0x000000f0   Code   RO          402    i._SlDrvMsgWrite    driver.o
    0x00004ea4   0x000000ca   Code   RO          612    i._SlDrvNetAppEventHandler  netapp.o
    0x00004f6e   0x00000002   PAD
    0x00004f70   0x00000018   Code   RO          403    i._SlDrvObjDeInit   driver.o
    0x00004f88   0x0000003c   Code   RO          404    i._SlDrvObjInit     driver.o
    0x00004fc4   0x000000e4   Code   RO          405    i._SlDrvReleasePoolObj  driver.o
    0x000050a8   0x00000128   Code   RO          406    i._SlDrvRxHdrRead   driver.o
    0x000051d0   0x00000040   Code   RO          407    i._SlDrvRxIrqHandler  driver.o
    0x00005210   0x00000016   Code   RO          408    i._SlDrvShiftDWord  driver.o
    0x00005226   0x00000002   PAD
    0x00005228   0x00000104   Code   RO          409    i._SlDrvWaitForPoolObj  driver.o
    0x0000532c   0x00000090   Code   RO          410    i._SlFindAndSetActiveObj  driver.o
    0x000053bc   0x00000040   Code   RO          749    i._SlNonOsMainLoopTask  nonos.o
    0x000053fc   0x00000032   Code   RO          750    i._SlNonOsSemGet    nonos.o
    0x0000542e   0x00000006   Code   RO          751    i._SlNonOsSemSet    nonos.o
    0x00005434   0x00000024   Code   RO          752    i._SlNonOsSpawn     nonos.o
    0x00005458   0x00000058   Code   RO          411    i._SlRemoveFromList  driver.o
    0x000054b0   0x00000028   Code   RO         4001    i.__0sprintf$1      mc_w.l(printf1.o)
    0x000054d8   0x00000008   Code   RO         4242    i.__aeabi_errno_addr  mc_w.l(errno.o)
    0x000054e0   0x00000038   Code   RO         3905    i.__hardfp_atof     m_wm.l(atof.o)
    0x00005518   0x0000002a   Code   RO         3911    i.__hardfp_difftime  m_wm.l(difftime.o)
    0x00005542   0x00000048   Code   RO         3917    i.__hardfp_lrintf   m_wm.l(lrintf.o)
    0x0000558a   0x00000002   PAD
    0x0000558c   0x0000000c   Code   RO         4243    i.__read_errno      mc_w.l(errno.o)
    0x00005598   0x0000000e   Code   RO         4331    i.__scatterload_copy  mc_w.l(handlers.o)
    0x000055a6   0x00000002   Code   RO         4332    i.__scatterload_null  mc_w.l(handlers.o)
    0x000055a8   0x0000000e   Code   RO         4333    i.__scatterload_zeroinit  mc_w.l(handlers.o)
    0x000055b6   0x00000002   PAD
    0x000055b8   0x0000000c   Code   RO         4244    i.__set_errno       mc_w.l(errno.o)
    0x000055c4   0x0000000e   Code   RO         4313    i._is_digit         mc_w.l(scanf_fp.o)
    0x000055d2   0x00000002   PAD
    0x000055d4   0x00000154   Code   RO         4006    i._printf_core      mc_w.l(printf1.o)
    0x00005728   0x00000026   Code   RO          786    i._sl_BuildAddress  socket.o
    0x0000574e   0x00000002   PAD
    0x00005750   0x00000074   Code   RO          787    i._sl_HandleAsync_Accept  socket.o
    0x000057c4   0x0000007c   Code   RO          788    i._sl_HandleAsync_Connect  socket.o
    0x00005840   0x00000074   Code   RO          614    i._sl_HandleAsync_DnsGetHostByName  netapp.o
    0x000058b4   0x00000068   Code   RO          615    i._sl_HandleAsync_DnsGetHostByService  netapp.o
    0x0000591c   0x00000084   Code   RO          268    i._sl_HandleAsync_InitComplete  device.o
    0x000059a0   0x00000080   Code   RO          616    i._sl_HandleAsync_PingResponse  netapp.o
    0x00005a20   0x00000064   Code   RO          789    i._sl_HandleAsync_Select  socket.o
    0x00005a84   0x00000060   Code   RO          269    i._sl_HandleAsync_Stop  device.o
    0x00005ae4   0x00000054   Code   RO          791    i._sl_TruncatePayloadByProtocol  socket.o
    0x00005b38   0x0000000a   Code   RO         4008    i._sputc            mc_w.l(printf1.o)
    0x00005b42   0x00000002   PAD
    0x00005b44   0x000000e4   Code   RO         1875    i.configureSimpleLinkToDefaultState  wifi.o
    0x00005c28   0x00000264   Code   RO         1951    i.getTime           webservices.o
    0x00005e8c   0x00000410   Code   RO         1952    i.getWeather        webservices.o
    0x0000629c   0x00000068   Code   RO          179    i.initClk           board.o
    0x00006304   0x00000020   Code   RO         1876    i.initializeAppVariables  wifi.o
    0x00006324   0x00000410   Code   RO            2    i.main              main.o
    0x00006734   0x0000000c   Code   RO          180    i.registerInterruptHandler  board.o
    0x00006740   0x00000060   Code   RO          793    i.sl_Bind           socket.o
    0x000067a0   0x00000020   Code   RO          794    i.sl_Close          socket.o
    0x000067c0   0x000000ec   Code   RO          795    i.sl_Connect        socket.o
    0x000068ac   0x00000070   Code   RO          270    i.sl_DevGet         device.o
    0x0000691c   0x00000028   Code   RO          797    i.sl_Htonl          socket.o
    0x00006944   0x00000030   Code   RO          798    i.sl_Htons          socket.o
    0x00006974   0x000000d8   Code   RO          617    i.sl_NetAppDnsGetHostByName  netapp.o
    0x00006a4c   0x0000007c   Code   RO          622    i.sl_NetAppMDNSRegisterUnregisterService  netapp.o
    0x00006ac8   0x00000012   Code   RO          623    i.sl_NetAppMDNSUnRegisterService  netapp.o
    0x00006ada   0x00000002   PAD
    0x00006adc   0x00000050   Code   RO          625    i.sl_NetAppSendTokenValue  netapp.o
    0x00006b2c   0x0000006c   Code   RO          728    i.sl_NetCfgGet      netcfg.o
    0x00006b98   0x00000040   Code   RO          729    i.sl_NetCfgSet      netcfg.o
    0x00006bd8   0x00000040   Code   RO          800    i.sl_Recv           socket.o
    0x00006c18   0x000000a4   Code   RO          801    i.sl_RecvFrom       socket.o
    0x00006cbc   0x000000ac   Code   RO          803    i.sl_Send           socket.o
    0x00006d68   0x000000ae   Code   RO          804    i.sl_SendTo         socket.o
    0x00006e16   0x00000002   PAD
    0x00006e18   0x00000040   Code   RO          805    i.sl_SetSockOpt     socket.o
    0x00006e58   0x00000030   Code   RO          806    i.sl_Socket         socket.o
    0x00006e88   0x000000b8   Code   RO          274    i.sl_Start          device.o
    0x00006f40   0x000000c8   Code   RO          275    i.sl_Stop           device.o
    0x00007008   0x000001a4   Code   RO          993    i.sl_WlanConnect    wlan.o
    0x000071ac   0x00000008   Code   RO          994    i.sl_WlanDisconnect  wlan.o
    0x000071b4   0x00000038   Code   RO          998    i.sl_WlanPolicySet  wlan.o
    0x000071ec   0x00000020   Code   RO         1000    i.sl_WlanProfileDel  wlan.o
    0x0000720c   0x00000040   Code   RO         1008    i.sl_WlanSet        wlan.o
    0x0000724c   0x00000020   Code   RO         1009    i.sl_WlanSetMode    wlan.o
    0x0000726c   0x0000000a   Code   RO          947    i.spi_Close         spi.o
    0x00007276   0x00000002   PAD
    0x00007278   0x00000100   Code   RO          948    i.spi_Open          spi.o
    0x00007378   0x00000058   Code   RO          949    i.spi_Read          spi.o
    0x000073d0   0x00000054   Code   RO          950    i.spi_Write         spi.o
    0x00007424   0x00000002   Code   RO          181    i.stopWDT           board.o
    0x00007426   0x0000009e   Code   RO         1277    i.ustrtoul          ustdlib.o
    0x000074c4   0x00000014   Data   RO          277    .constdata          device.o
    0x000074d8   0x00000048   Data   RO          413    .constdata          driver.o
    0x00007520   0x00000028   Data   RO          629    .constdata          netapp.o
    0x00007548   0x00000008   Data   RO          730    .constdata          netcfg.o
    0x00007550   0x00000030   Data   RO          807    .constdata          socket.o
    0x00007580   0x00000034   Data   RO         1012    .constdata          wlan.o
    0x000075b4   0x00000028   Data   RO         1135    .constdata          uartstdio.o
    0x000075dc   0x0000a197   Data   RO         1540    .constdata          sound.o
    0x00011773   0x00000001   PAD
    0x00011774   0x00000020   Data   RO         1703    .constdata          rgb.o
    0x00011794   0x00000210   Data   RO         2391    .constdata          driverlib.lib(gpio.o)
    0x000119a4   0x0000010c   Data   RO         3016    .constdata          driverlib.lib(interrupt.o)
    0x00011ab0   0x000001c4   Data   RO         3319    .constdata          driverlib.lib(sysctl.o)
    0x00011c74   0x0000000c   Data   RO         3930    .constdata          mc_w.l(localtime.o)
    0x00011c80   0x00000056   Data   RO         3933    .constdata          mc_w.l(strftime.o)
    0x00011cd6   0x00000081   Data   RO         4284    .constdata          mc_w.l(ctype_o.o)
    0x00011d57   0x00000001   PAD
    0x00011d58   0x00000004   Data   RO         4285    .constdata          mc_w.l(ctype_o.o)
    0x00011d5c   0x00000011   Data   RO         1136    .conststring        uartstdio.o
    0x00011d6d   0x00000003   PAD
    0x00011d70   0x00000238   Data   RO         1772    .conststring        nixiecommands.o
    0x00011fa8   0x00000113   Data   RO         1954    .conststring        webservices.o
    0x000120bb   0x00000001   PAD
    0x000120bc   0x00000020   Data   RO         4329    Region$$Table       anon$$obj.o


    Execution Region RW_IRAM (Base: 0x20000000, Size: 0x00004fa8, Max: 0x00008000, ABSOLUTE)

    Base Addr    Size         Type   Attr      Idx    E Section Name        Object

    0x20000000   0x00000007   Data   RW            5    .data               main.o
    0x20000007   0x00000001   PAD
    0x20000008   0x00000008   Data   RW          182    .data               board.o
    0x20000010   0x00000004   Data   RW          414    .data               driver.o
    0x20000014   0x00000004   Data   RW          415    .data               driver.o
    0x20000018   0x0000001c   Data   RW         1137    .data               uartstdio.o
    0x20000034   0x00000004   Data   RW         1375    .data               shiftregister.o
    0x20000038   0x00000001   Data   RW         1441    .data               timer.o
    0x20000039   0x00000003   PAD
    0x2000003c   0x0000000c   Data   RW         1541    .data               sound.o
    0x20000048   0x00000084   Data   RW         1773    .data               nixiecommands.o
    0x200000cc   0x00000004   Data   RW         1878    .data               wifi.o
    0x200000d0   0x00000004   Data   RW         1955    .data               webservices.o
    0x200000d4   0x00000004   Data   RW         2020    .data               random.o
    0x200000d8   0x00000008   Data   RW         2056    .data               interface.o
    0x200000e0   0x00000001   Data   RW         2158    .data               clock.o
    0x200000e1   0x00000003   PAD
    0x200000e4   0x00000004   Data   RW         4245    .data               mc_w.l(errno.o)
    0x200000e8   0x00000630   Zero   RW            3    .bss                main.o
    0x20000718   0x00000168   Zero   RW            4    .bss                main.o
    0x20000880   0x00000164   Zero   RW          412    .bss                driver.o
    0x200009e4   0x00000028   Zero   RW          753    .bss                nonos.o
    0x20000a0c   0x00000480   Zero   RW         1134    .bss                uartstdio.o
    0x20000e8c   0x00000024   Zero   RW         1853    .bss                commandline.o
    0x20000eb0   0x000000b9   Zero   RW         1953    .bss                webservices.o
    0x20000f69   0x00000003   PAD
    0x20000f6c   0x0000000c   Zero   RW         2101    .bss                alarm.o
    0x20000f78   0x0000002c   Zero   RW         3929    .bss                mc_w.l(localtime.o)
    0x20000fa4   0x00000004   PAD
    0x20000fa8   0x00004000   Zero   RW          983    STACK               startup_rvmdk.o


==============================================================================

Image component sizes


      Code (inc. data)   RO Data    RW Data    ZI Data      Debug   Object Name

       336         54          0          0         12       4615   alarm.o
       234         32          0          8          0       4497   board.o
       800         68          0          1          0       6980   clock.o
       100         10          0          0         36       1373   commandline.o
       108         16          0          0          0        957   dac.o
        66          8          0          0          0       1527   delay.o
       818         48         20          0          0      74833   device.o
      4474        156         72          8        356      24737   driver.o
       312         42          0          0          0       4155   flashprogram.o
        92         10          0          0          0       1156   flowcont.o
       332         40          0          8          0       3673   interface.o
      1140        332          0          7       1944      40013   main.o
      1014         42         40          0          0      10558   netapp.o
       172         14          8          0          0       2620   netcfg.o
      1402         64          0          0          0       9100   nixie.o
      2084        894        568        132          0      11180   nixiecommands.o
       156         16          0          0         40       3708   nonos.o
        60         18          0          4          0       2637   random.o
       152         32         32          0          0       1608   rgb.o
       730         28          0          0          0       3432   rtc.o
       180         20          0          4          0       2407   shiftregister.o
      1600         84         48          0          0      14941   socket.o
       120         24      41367         12          0       2838   sound.o
       438         60          0          0          0       2806   spi.o
       648        622          0          0      16384        264   startup_rvmdk.o
       482         92          0          1          0       7288   timer.o
      1450         90         57         28       1152      14721   uartstdio.o
       368         52          0          0          0       2746   udp.o
       158          0          0          0          0       1075   ustdlib.o
      1748        384        275          4        185       4807   webservices.o
      1088        492          0          4          0       8317   wifi.o
       612         26         52          0          0       7214   wlan.o

    ----------------------------------------------------------------------
     23502       3870      42576        228      20112     282783   Object Totals
         0          0         32          0          0          0   (incl. Generated)
        28          0          5          7          3          0   (incl. Padding)

    ----------------------------------------------------------------------

      Code (inc. data)   RO Data    RW Data    ZI Data      Debug   Library Member Name

        38          0          0          0          0        540   cpu.o
        32          8          0          0          0       3636   fpu.o
       672          8        528          0          0       7860   gpio.o
       116         12          0          0          0       3804   i2c.o
       114          8        268          0          0       1942   interrupt.o
       104          0          0          0          0       2929   ssi.o
       440         44        452          0          0       3534   sysctl.o
        56         12          0          0          0        132   atof.o
        42          0          0          0          0        136   difftime.o
        72          0          0          0          0        136   lrintf.o
        28          0          0          0          0         68   _chval.o
        64          0          0          0          0         84   _sgetc.o
       158          0          0          0          0         92   _strtoul.o
        26          0          0          0          0         80   atoi.o
         8          4        133          0          0         68   ctype_o.o
         0          0          0          0          0          0   entry.o
         0          0          0          0          0          0   entry10a.o
         0          0          0          0          0          0   entry11a.o
         8          4          0          0          0          0   entry2.o
         4          0          0          0          0          0   entry5.o
         0          0          0          0          0          0   entry7b.o
         0          0          0          0          0          0   entry8b.o
         8          4          0          0          0          0   entry9a.o
        32         16          0          4          0        204   errno.o
        30          0          0          0          0          0   handlers.o
        36          8          0          0          0         68   init.o
        18          0          0          0          0         76   isspace_o.o
         0          0          0          0          0          0   iusefp.o
        30          0          0          0          0         68   llshl.o
        36          0          0          0          0         68   llsshr.o
        32          0          0          0          0         68   llushr.o
       148         10         12          0         44         76   localtime.o
        36          0          0          0          0         68   memcpya.o
        36          0          0          0          0        108   memseta.o
       390         10          0          0          0        252   printf1.o
       838         12          0          0          0        216   scanf_fp.o
        24          0          0          0          0         68   strcat.o
        28          0          0          0          0         76   strcmp.o
        18          0          0          0          0         68   strcpy.o
       916        264         86          0          0        144   strftime.o
        14          0          0          0          0         68   strlen.o
        36          0          0          0          0         80   strstr.o
       156         14          0          0          0        120   strtod.o
       112          0          0          0          0         88   strtol.o
        44          0          0          0          0         80   uidiv.o
        48          0          0          0          0         68   cdcmple.o
        56          0          0          0          0         88   d2f.o
       334          0          0          0          0        148   dadd.o
       222          0          0          0          0        100   ddiv.o
       186          0          0          0          0        176   depilogue.o
        26          0          0          0          0         76   dfltui.o
        24          0          0          0          0         76   dfltul.o
       228          0          0          0          0         96   dmul.o
       110          0          0          0          0        168   fepilogue.o
        76          0          0          0          0         76   ffixir.o
        60          0          0          0          0         76   frnd.o

    ----------------------------------------------------------------------
      6390        438       1480          4         48      28253   Library Totals
        20          0          1          0          4          0   (incl. Padding)

    ----------------------------------------------------------------------

      Code (inc. data)   RO Data    RW Data    ZI Data      Debug   Library Name

      1516         80       1248          0          0      24245   driverlib.lib
       170         12          0          0          0        404   m_wm.l
      3314        346        231          4         44       2456   mc_w.l
      1370          0          0          0          0       1148   mf_w.l

    ----------------------------------------------------------------------
      6390        438       1480          4         48      28253   Library Totals

    ----------------------------------------------------------------------

==============================================================================


      Code (inc. data)   RO Data    RW Data    ZI Data      Debug   

     29892       4308      44056        232      20160     287116   Grand Totals
     29892       4308      44056        232      20160     287116   ELF Image Totals
     29892       4308      44056        232          0          0   ROM Totals

==============================================================================

    Total RO  Size (Code + RO Data)                73948 (  72.21kB)
    Total RW  Size (RW Data + ZI Data)             20392 (  19.91kB)
    Total ROM Size (Code + RO Data + RW Data)      74180 (  72.44kB)

==============================================================================

