<html>
<body>
<pre>
<h1>µVision Build Log</h1>
<h2>Tool Versions:</h2>
IDE-Version: µVision V5.18.0.0
Copyright (C) 2016 ARM Ltd and ARM Germany GmbH. All rights reserved.
License Information: costa icosta, cenas, LIC=4ZLZ9-4SNR9-UM69A-1FQFM-0EQBE-IDHHB
 
Tool Versions:
Toolchain:       MDK-ARM Professional  Version: 5.18
Toolchain Path:  C:\Keil\ARM\ARMCC\Bin
C Compiler:      Armcc.exe V5.06 update 1 (build 61)
Assembler:       Armasm.exe V5.06 update 1 (build 61)
Linker/Locator:  ArmLink.exe V5.06 update 1 (build 61)
Library Manager: ArmAr.exe V5.06 update 1 (build 61)
Hex Converter:   FromElf.exe V5.06 update 1 (build 61)
CPU DLL:         SARMCM3.DLL V5.18
Dialog DLL:      DCM.DLL V1.13.6.0
Target DLL:      UL2CM3.DLL V1.157.5.0
Dialog DLL:      TCM.DLL V1.14.8.0
 
<h2>Project:</h2>
C:\Keil\Texas_2015\Labware\AutoSpacer\AutoSpacer.uvprojx
Project File Date:  09/15/2017

<h2>Output:</h2>
*** Using Compiler 'V5.06 update 1 (build 61)', folder: 'C:\Keil\ARM\ARMCC\Bin'
Rebuild target 'AutoSpacer'
compiling uart.c...
assembling startup_rvmdk.S...
compiling Delay.c...
compiling main.c...
main.c(94): warning:  #177-D: variable "g_cInput" was declared but never referenced
  static char g_cInput[APP_INPUT_BUF_SIZE]; /** Input buffer for the command line interpreter. */
main.c: 1 warning, 0 errors
compiling uartstdio.c...
compiling ustdlib.c...
compiling ShiftRegister.c...
compiling Timer.c...
compiling NixieCommands.c...
compiling Rtc.c...
compiling Nixie.c...
compiling commandline.c...
compiling Random.c...
compiling Clock.c...
compiling Interface.c...
linking...
Program Size: Code=3468 RO-data=92 RW-data=40 ZI-data=17552  
After Build - User command #1: fromelf --bin --output .\rvmdk\cc31000_starter.bin .\rvmdk\cc31000_starter.axf
".\rvmdk\Nixie_IN1.axf" - 0 Error(s), 1 Warning(s).

<h2>Software Packages used:</h2>

Package Vendor: ARM
                http://www.keil.com/pack/ARM.CMSIS.5.0.0-Beta4.pack
                ARM::CMSIS:CORE:5.0.0
                CMSIS (Cortex Microcontroller Software Interface Standard)
   * Component: CORE Version: 5.0.0

<h2>Collection of Component include folders:</h2>
  C:\Keil\Texas_2015\Labware\AutoSpacer\RTE
  C:\Keil\ARM\PACK\ARM\CMSIS\5.0.0-Beta4\CMSIS\Include
  C:\Keil\ARM\PACK\Keil\TM4C_DFP\1.1.0\Device\Include\TM4C123

<h2>Collection of Component Files used:</h2>

   * Component: ARM::CMSIS:CORE:5.0.0
Build Time Elapsed:  00:00:05
</pre>
</body>
</html>
