Component: ARM Compiler 5.06 update 1 (build 61) Tool: armlink [4d35a8]

==============================================================================

Section Cross References

    main.o(i.Uart_Init) refers to sysctl.o(i.SysCtlPeripheralEnable) for SysCtlPeripheralEnable
    main.o(i.Uart_Init) refers to gpio.o(i.GPIOPinConfigure) for GPIOPinConfigure
    main.o(i.Uart_Init) refers to uartstdio.o(i.UARTStdioConfig) for UARTStdioConfig
    main.o(i.main) refers to main.o(i.PLL_Init) for PLL_Init
    main.o(i.main) refers to delay.o(i.Delay_12ns) for Delay_12ns
    main.o(i.main) refers to delay.o(i.Delay_100ms) for Delay_100ms
    main.o(.constdata) refers to clock.o(i.Clock_Show_Hour) for Clock_Show_Hour
    main.o(.constdata) refers to clock.o(i.Clock_Show_Date) for Clock_Show_Date
    main.o(.constdata) refers to clock.o(i.Clock_Hour_Blink_Dots_Left) for Clock_Hour_Blink_Dots_Left
    main.o(.constdata) refers to clock.o(i.Clock_Hour_Blink_Dots_Right) for Clock_Hour_Blink_Dots_Right
    main.o(.constdata) refers to clock.o(i.Clock_Date_Blink_Dots_Left) for Clock_Date_Blink_Dots_Left
    main.o(.constdata) refers to clock.o(i.Clock_Date_Blink_Dots_Right) for Clock_Date_Blink_Dots_Right
    main.o(.constdata) refers to clock.o(i.Clock_Date_No_Blink_Dots) for Clock_Date_No_Blink_Dots
    main.o(.constdata) refers to clock.o(i.Clock_Inc_Hour) for Clock_Inc_Hour
    main.o(.constdata) refers to clock.o(i.Clock_Dec_Hour) for Clock_Dec_Hour
    main.o(.constdata) refers to clock.o(i.Clock_Inc_Min) for Clock_Inc_Min
    main.o(.constdata) refers to clock.o(i.Clock_Dec_Min) for Clock_Dec_Min
    main.o(.constdata) refers to clock.o(i.Clock_Inc_Day) for Clock_Inc_Day
    main.o(.constdata) refers to clock.o(i.Clock_Dec_Day) for Clock_Dec_Day
    main.o(.constdata) refers to clock.o(i.Clock_Inc_Month) for Clock_Inc_Month
    main.o(.constdata) refers to clock.o(i.Clock_Dec_Month) for Clock_Dec_Month
    main.o(.constdata) refers to clock.o(i.Clock_Inc_Year) for Clock_Inc_Year
    main.o(.constdata) refers to clock.o(i.Clock_Dec_Year) for Clock_Dec_Year
    main.o(.constdata) refers to clock.o(i.Clock_SetTime) for Clock_SetTime
    main.o(.constdata) refers to clock.o(i.Clock_SetDate) for Clock_SetDate
    startup_rvmdk.o(RESET) refers to startup_rvmdk.o(STACK) for StackMem
    startup_rvmdk.o(RESET) refers to interface.o(i.GPIOA_intHandler) for GPIOA_intHandler
    startup_rvmdk.o(RESET) refers to uartstdio.o(i.UARTStdioIntHandler) for UARTStdioIntHandler
    startup_rvmdk.o(RESET) refers to entry.o(.ARM.Collect$$$$00000000) for __main
    uartstdio.o(i.UARTEchoSet) refers to uartstdio.o(.data) for .data
    uartstdio.o(i.UARTFlushRx) refers to uartstdio.o(.data) for .data
    uartstdio.o(i.UARTFlushTx) refers to uartstdio.o(i.IsBufferEmpty) for IsBufferEmpty
    uartstdio.o(i.UARTFlushTx) refers to uartstdio.o(.data) for .data
    uartstdio.o(i.UARTOutString) refers to uartstdio.o(.data) for .data
    uartstdio.o(i.UARTPeek) refers to uartstdio.o(i.GetBufferCount) for GetBufferCount
    uartstdio.o(i.UARTPeek) refers to uartstdio.o(.data) for .data
    uartstdio.o(i.UARTPeek) refers to uartstdio.o(.bss) for .bss
    uartstdio.o(i.UARTPrimeTransmit) refers to uartstdio.o(i.IsBufferEmpty) for IsBufferEmpty
    uartstdio.o(i.UARTPrimeTransmit) refers to uartstdio.o(.data) for .data
    uartstdio.o(i.UARTPrimeTransmit) refers to uartstdio.o(.constdata) for .constdata
    uartstdio.o(i.UARTPrimeTransmit) refers to uartstdio.o(.bss) for .bss
    uartstdio.o(i.UARTRxBytesAvail) refers to uartstdio.o(i.GetBufferCount) for GetBufferCount
    uartstdio.o(i.UARTRxBytesAvail) refers to uartstdio.o(.data) for .data
    uartstdio.o(i.UARTStdioConfig) refers to uartstdio.o(i.UARTFlushRx) for UARTFlushRx
    uartstdio.o(i.UARTStdioConfig) refers to uartstdio.o(i.UARTFlushTx) for UARTFlushTx
    uartstdio.o(i.UARTStdioConfig) refers to uartstdio.o(.constdata) for .constdata
    uartstdio.o(i.UARTStdioConfig) refers to uartstdio.o(.data) for .data
    uartstdio.o(i.UARTStdioIntHandler) refers to uartstdio.o(i.UARTPrimeTransmit) for UARTPrimeTransmit
    uartstdio.o(i.UARTStdioIntHandler) refers to uartstdio.o(i.IsBufferEmpty) for IsBufferEmpty
    uartstdio.o(i.UARTStdioIntHandler) refers to uartstdio.o(i.UARTwrite) for UARTwrite
    uartstdio.o(i.UARTStdioIntHandler) refers to uartstdio.o(i.IsBufferFull) for IsBufferFull
    uartstdio.o(i.UARTStdioIntHandler) refers to uartstdio.o(.data) for .data
    uartstdio.o(i.UARTStdioIntHandler) refers to uartstdio.o(.bss) for .bss
    uartstdio.o(i.UARTTxBytesFree) refers to uartstdio.o(i.GetBufferCount) for GetBufferCount
    uartstdio.o(i.UARTTxBytesFree) refers to uartstdio.o(.data) for .data
    uartstdio.o(i.UARTgetc) refers to uartstdio.o(i.IsBufferEmpty) for IsBufferEmpty
    uartstdio.o(i.UARTgetc) refers to uartstdio.o(.data) for .data
    uartstdio.o(i.UARTgetc) refers to uartstdio.o(.bss) for .bss
    uartstdio.o(i.UARTgets) refers to uartstdio.o(i.IsBufferEmpty) for IsBufferEmpty
    uartstdio.o(i.UARTgets) refers to uartstdio.o(.bss) for .bss
    uartstdio.o(i.UARTgets) refers to uartstdio.o(.data) for .data
    uartstdio.o(i.UARTprintf) refers to uartstdio.o(i.UARTvprintf) for UARTvprintf
    uartstdio.o(i.UARTvprintf) refers to uartstdio.o(i.UARTwrite) for UARTwrite
    uartstdio.o(i.UARTvprintf) refers to uartstdio.o(.constdata) for .constdata
    uartstdio.o(i.UARTwrite) refers to uartstdio.o(i.IsBufferFull) for IsBufferFull
    uartstdio.o(i.UARTwrite) refers to uartstdio.o(i.IsBufferEmpty) for IsBufferEmpty
    uartstdio.o(i.UARTwrite) refers to uartstdio.o(i.UARTPrimeTransmit) for UARTPrimeTransmit
    uartstdio.o(i.UARTwrite) refers to uartstdio.o(.bss) for .bss
    uartstdio.o(i.UARTwrite) refers to uartstdio.o(.data) for .data
    uartstdio.o(.constdata) refers to uartstdio.o(.conststring) for .conststring
    ustdlib.o(i.ulocaltime) refers to ustdlib.o(.constdata) for .constdata
    ustdlib.o(i.umktime) refers to ustdlib.o(i.ulocaltime) for ulocaltime
    ustdlib.o(i.umktime) refers to ustdlib.o(i.ucmptime) for ucmptime
    ustdlib.o(i.urand) refers to ustdlib.o(.data) for .data
    ustdlib.o(i.usnprintf) refers to ustdlib.o(i.uvsnprintf) for uvsnprintf
    ustdlib.o(i.usprintf) refers to ustdlib.o(i.uvsnprintf) for uvsnprintf
    ustdlib.o(i.usrand) refers to ustdlib.o(.data) for .data
    ustdlib.o(i.ustrcasecmp) refers to ustdlib.o(i.ustrncasecmp) for ustrncasecmp
    ustdlib.o(i.ustrcmp) refers to ustdlib.o(i.ustrncmp) for ustrncmp
    ustdlib.o(i.ustrstr) refers to ustdlib.o(i.ustrlen) for ustrlen
    ustdlib.o(i.ustrstr) refers to ustdlib.o(i.ustrncmp) for ustrncmp
    ustdlib.o(i.ustrtof) refers to ustdlib.o(.constdata) for .constdata
    ustdlib.o(i.uvsnprintf) refers to ustdlib.o(i.ustrncpy) for ustrncpy
    ustdlib.o(i.uvsnprintf) refers to ustdlib.o(.constdata) for .constdata
    ustdlib.o(.constdata) refers to ustdlib.o(.conststring) for .conststring
    shiftregister.o(i.ShiftRegister_Output) refers to shiftregister.o(i.SetPin) for SetPin
    shiftregister.o(i.ShiftRegister_Output) refers to delay.o(i.Delay_12ns) for Delay_12ns
    timer.o(i.Disable_Interrupts) refers to timer.o(i.Timer0A_Stop) for Timer0A_Stop
    timer.o(i.Enable_Interrupts) refers to timer.o(i.Timer0A_Start) for Timer0A_Start
    nixie.o(i.NixieClock_Init) refers to shiftregister.o(i.ShiftRegister_Init) for ShiftRegister_Init
    nixie.o(i.NixieDisplay) refers to shiftregister.o(i.ShiftRegister_Output) for ShiftRegister_Output
    nixie.o(i.NixieDisplay) refers to shiftregister.o(.data) for bitOrder
    nixie.o(i.NixieDisplayDigitbyDigit) refers to shiftregister.o(i.ShiftRegister_Output) for ShiftRegister_Output
    nixie.o(i.NixieDisplayDigitbyDigit) refers to shiftregister.o(.data) for bitOrder
    nixie.o(i.NixieDisplay_Date) refers to nixie.o(i.NixieDisplay) for NixieDisplay
    nixie.o(i.NixieDisplay_Effects) refers to nixie.o(i.NixieEffects_3) for NixieEffects_3
    nixie.o(i.NixieDisplay_Effects) refers to nixie.o(i.NixieEffects_1) for NixieEffects_1
    nixie.o(i.NixieDisplay_Effects) refers to nixie.o(i.NixieEffects_2) for NixieEffects_2
    nixie.o(i.NixieDisplay_Time) refers to nixie.o(i.NixieDisplay) for NixieDisplay
    nixie.o(i.NixieEffects_1) refers to nixie.o(i.NixieDisplay) for NixieDisplay
    nixie.o(i.NixieEffects_1) refers to nixie.o(i.NixieDots_toggle) for NixieDots_toggle
    nixie.o(i.NixieEffects_1) refers to delay.o(i.Delay_1ms) for Delay_1ms
    nixie.o(i.NixieEffects_2) refers to nixie.o(i.NixieDisplay) for NixieDisplay
    nixie.o(i.NixieEffects_2) refers to nixie.o(i.NixieDisplayDigitbyDigit) for NixieDisplayDigitbyDigit
    nixie.o(i.NixieEffects_2) refers to nixie.o(i.NixieDots_toggle) for NixieDots_toggle
    nixie.o(i.NixieEffects_2) refers to delay.o(i.Delay_1ms) for Delay_1ms
    nixie.o(i.NixieEffects_3) refers to nixie.o(i.NixieDisplay) for NixieDisplay
    nixie.o(i.NixieEffects_3) refers to random.o(i.RandomX) for RandomX
    nixie.o(i.NixieEffects_3) refers to nixie.o(i.NixieDisplayDigitbyDigit) for NixieDisplayDigitbyDigit
    nixie.o(i.NixieEffects_3) refers to nixie.o(i.NixieDots_toggle) for NixieDots_toggle
    nixie.o(i.NixieEffects_3) refers to delay.o(i.Delay_1ms) for Delay_1ms
    nixie.o(i.NixieEffects_3) refers to clock.o(.bss) for psTime
    rtc.o(i.GetRtcTimeDate) refers to rtc.o(i.I2CReceive) for I2CReceive
    rtc.o(i.I2CReceive) refers to i2c.o(i.I2CMasterSlaveAddrSet) for I2CMasterSlaveAddrSet
    rtc.o(i.I2CReceive) refers to i2c.o(i.I2CMasterDataPut) for I2CMasterDataPut
    rtc.o(i.I2CReceive) refers to i2c.o(i.I2CMasterControl) for I2CMasterControl
    rtc.o(i.I2CReceive) refers to i2c.o(i.I2CMasterBusy) for I2CMasterBusy
    rtc.o(i.I2CReceive) refers to i2c.o(i.I2CMasterDataGet) for I2CMasterDataGet
    rtc.o(i.I2CSend) refers to i2c.o(i.I2CMasterSlaveAddrSet) for I2CMasterSlaveAddrSet
    rtc.o(i.I2CSend) refers to i2c.o(i.I2CMasterDataPut) for I2CMasterDataPut
    rtc.o(i.I2CSend) refers to i2c.o(i.I2CMasterControl) for I2CMasterControl
    rtc.o(i.I2CSend) refers to i2c.o(i.I2CMasterBusy) for I2CMasterBusy
    rtc.o(i.RTCInit) refers to sysctl.o(i.SysCtlPeripheralEnable) for SysCtlPeripheralEnable
    rtc.o(i.RTCInit) refers to sysctl.o(i.SysCtlPeripheralReset) for SysCtlPeripheralReset
    rtc.o(i.RTCInit) refers to gpio.o(i.GPIOPinConfigure) for GPIOPinConfigure
    rtc.o(i.RTCInit) refers to gpio.o(i.GPIOPinTypeI2CSCL) for GPIOPinTypeI2CSCL
    rtc.o(i.RTCInit) refers to gpio.o(i.GPIOPinTypeI2C) for GPIOPinTypeI2C
    rtc.o(i.RTCInit) refers to sysctl.o(i.SysCtlClockGet) for SysCtlClockGet
    rtc.o(i.RTCInit) refers to i2c.o(i.I2CMasterInitExpClk) for I2CMasterInitExpClk
    rtc.o(i.SetRtcDate) refers to rtc.o(i.I2CSend) for I2CSend
    rtc.o(i.SetRtcTime) refers to rtc.o(i.I2CSend) for I2CSend
    nixiecommands.o(i.CMD_Help) refers to uartstdio.o(i.UARTprintf) for UARTprintf
    nixiecommands.o(i.CMD_Help) refers to nixiecommands.o(.data) for .data
    nixiecommands.o(i.CMD_SetDate) refers to ustdlib.o(i.ustrtoul) for ustrtoul
    nixiecommands.o(i.CMD_SetDate) refers to uartstdio.o(i.UARTprintf) for UARTprintf
    nixiecommands.o(i.CMD_SetDate) refers to memcpya.o(.text) for __aeabi_memcpy4
    nixiecommands.o(i.CMD_SetDate) refers to rtc.o(i.SetRtcDate) for SetRtcDate
    nixiecommands.o(i.CMD_SetDate) refers to clock.o(.bss) for psTime
    nixiecommands.o(i.CMD_SetTime) refers to uartstdio.o(i.UARTprintf) for UARTprintf
    nixiecommands.o(i.CMD_SetTime) refers to ustdlib.o(i.ustrtoul) for ustrtoul
    nixiecommands.o(i.CMD_SetTime) refers to delay.o(i.Delay_1ms) for Delay_1ms
    nixiecommands.o(i.CMD_SetTime) refers to memcpya.o(.text) for __aeabi_memcpy4
    nixiecommands.o(i.CMD_SetTime) refers to rtc.o(i.SetRtcTime) for SetRtcTime
    nixiecommands.o(i.CMD_SetTime) refers to clock.o(.bss) for psTime
    nixiecommands.o(.data) refers to nixiecommands.o(.conststring) for .conststring
    nixiecommands.o(.data) refers to nixiecommands.o(i.CMD_Help) for CMD_Help
    nixiecommands.o(.data) refers to nixiecommands.o(i.CMD_SetTime) for CMD_SetTime
    nixiecommands.o(.data) refers to nixiecommands.o(i.CMD_SetDate) for CMD_SetDate
    commandline.o(i.CmdLineProcess) refers to strcmp.o(.text) for strcmp
    commandline.o(i.CmdLineProcess) refers to commandline.o(.bss) for .bss
    commandline.o(i.CmdLineProcess) refers to nixiecommands.o(.data) for g_psCmdTable
    random.o(i.Random) refers to random.o(.data) for .data
    random.o(i.RandomX) refers to random.o(i.Random) for Random
    random.o(i.Random_Init) refers to random.o(.data) for .data
    interface.o(i.GPIOA_intHandler) refers to timer.o(i.TimerValueGet) for TimerValueGet
    interface.o(i.GPIOA_intHandler) refers to dfltui.o(.text) for __aeabi_ui2d
    interface.o(i.GPIOA_intHandler) refers to dadd.o(.text) for __aeabi_drsub
    interface.o(i.GPIOA_intHandler) refers to dfixui.o(.text) for __aeabi_d2uiz
    interface.o(i.GPIOA_intHandler) refers to dmul.o(.text) for __aeabi_dmul
    interface.o(i.GPIOA_intHandler) refers to d2f.o(.text) for __aeabi_d2f
    interface.o(i.GPIOA_intHandler) refers to roundf.o(i.__hardfp_roundf) for __hardfp_roundf
    interface.o(i.GPIOA_intHandler) refers to interface.o(.data) for .data
    interface.o(i.GPIOA_intHandler) refers to interface.o(.bss) for .bss
    interface.o(i.Get_Switch_Action) refers to interface.o(.bss) for .bss
    interface.o(i.Sw_Ack) refers to interface.o(.bss) for .bss
    clock.o(i.Clock_Date_Blink_Dots_Left) refers to interface.o(i.Sw_Ack) for Sw_Ack
    clock.o(i.Clock_Date_Blink_Dots_Left) refers to nixie.o(i.NixieDisplay_Date) for NixieDisplay_Date
    clock.o(i.Clock_Date_Blink_Dots_Left) refers to nixie.o(i.NixieDots_toggle) for NixieDots_toggle
    clock.o(i.Clock_Date_Blink_Dots_Left) refers to clock.o(.bss) for .bss
    clock.o(i.Clock_Date_Blink_Dots_Right) refers to interface.o(i.Sw_Ack) for Sw_Ack
    clock.o(i.Clock_Date_Blink_Dots_Right) refers to nixie.o(i.NixieDots_toggle) for NixieDots_toggle
    clock.o(i.Clock_Date_No_Blink_Dots) refers to interface.o(i.Sw_Ack) for Sw_Ack
    clock.o(i.Clock_Date_No_Blink_Dots) refers to nixie.o(i.NixieDots_toggle) for NixieDots_toggle
    clock.o(i.Clock_Dec_Day) refers to interface.o(i.Sw_Ack) for Sw_Ack
    clock.o(i.Clock_Dec_Day) refers to nixie.o(i.NixieDisplay_Date) for NixieDisplay_Date
    clock.o(i.Clock_Dec_Day) refers to clock.o(.bss) for .bss
    clock.o(i.Clock_Dec_Hour) refers to interface.o(i.Sw_Ack) for Sw_Ack
    clock.o(i.Clock_Dec_Hour) refers to nixie.o(i.NixieDisplay_Time) for NixieDisplay_Time
    clock.o(i.Clock_Dec_Hour) refers to clock.o(.bss) for .bss
    clock.o(i.Clock_Dec_Min) refers to interface.o(i.Sw_Ack) for Sw_Ack
    clock.o(i.Clock_Dec_Min) refers to nixie.o(i.NixieDisplay_Time) for NixieDisplay_Time
    clock.o(i.Clock_Dec_Min) refers to clock.o(.bss) for .bss
    clock.o(i.Clock_Dec_Month) refers to interface.o(i.Sw_Ack) for Sw_Ack
    clock.o(i.Clock_Dec_Month) refers to nixie.o(i.NixieDisplay_Date) for NixieDisplay_Date
    clock.o(i.Clock_Dec_Month) refers to clock.o(.bss) for .bss
    clock.o(i.Clock_Dec_Year) refers to interface.o(i.Sw_Ack) for Sw_Ack
    clock.o(i.Clock_Dec_Year) refers to nixie.o(i.NixieDisplay_Date) for NixieDisplay_Date
    clock.o(i.Clock_Dec_Year) refers to clock.o(.bss) for .bss
    clock.o(i.Clock_Hour_Blink_Dots_Left) refers to interface.o(i.Sw_Ack) for Sw_Ack
    clock.o(i.Clock_Hour_Blink_Dots_Left) refers to nixie.o(i.NixieDots_toggle) for NixieDots_toggle
    clock.o(i.Clock_Hour_Blink_Dots_Right) refers to interface.o(i.Sw_Ack) for Sw_Ack
    clock.o(i.Clock_Hour_Blink_Dots_Right) refers to nixie.o(i.NixieDots_toggle) for NixieDots_toggle
    clock.o(i.Clock_Inc_Day) refers to interface.o(i.Sw_Ack) for Sw_Ack
    clock.o(i.Clock_Inc_Day) refers to nixie.o(i.NixieDisplay_Date) for NixieDisplay_Date
    clock.o(i.Clock_Inc_Day) refers to clock.o(.bss) for .bss
    clock.o(i.Clock_Inc_Hour) refers to interface.o(i.Sw_Ack) for Sw_Ack
    clock.o(i.Clock_Inc_Hour) refers to nixie.o(i.NixieDisplay_Time) for NixieDisplay_Time
    clock.o(i.Clock_Inc_Hour) refers to clock.o(.bss) for .bss
    clock.o(i.Clock_Inc_Min) refers to interface.o(i.Sw_Ack) for Sw_Ack
    clock.o(i.Clock_Inc_Min) refers to nixie.o(i.NixieDisplay_Time) for NixieDisplay_Time
    clock.o(i.Clock_Inc_Min) refers to clock.o(.bss) for .bss
    clock.o(i.Clock_Inc_Month) refers to interface.o(i.Sw_Ack) for Sw_Ack
    clock.o(i.Clock_Inc_Month) refers to nixie.o(i.NixieDisplay_Date) for NixieDisplay_Date
    clock.o(i.Clock_Inc_Month) refers to clock.o(.bss) for .bss
    clock.o(i.Clock_Inc_Year) refers to interface.o(i.Sw_Ack) for Sw_Ack
    clock.o(i.Clock_Inc_Year) refers to nixie.o(i.NixieDisplay_Date) for NixieDisplay_Date
    clock.o(i.Clock_Inc_Year) refers to clock.o(.bss) for .bss
    clock.o(i.Clock_Init) refers to nixie.o(i.NixieClock_Init) for NixieClock_Init
    clock.o(i.Clock_Init) refers to rtc.o(i.RTCInit) for RTCInit
    clock.o(i.Clock_Init) refers to timer.o(i.Timer0A_Init) for Timer0A_Init
    clock.o(i.Clock_Init) refers to timer.o(i.TimerValueGet) for TimerValueGet
    clock.o(i.Clock_Init) refers to random.o(i.Random_Init) for Random_Init
    clock.o(i.Clock_SetDate) refers to interface.o(i.Sw_Ack) for Sw_Ack
    clock.o(i.Clock_SetDate) refers to nixie.o(i.NixieDots_toggle) for NixieDots_toggle
    clock.o(i.Clock_SetDate) refers to memcpya.o(.text) for __aeabi_memcpy4
    clock.o(i.Clock_SetDate) refers to rtc.o(i.SetRtcDate) for SetRtcDate
    clock.o(i.Clock_SetDate) refers to clock.o(.bss) for .bss
    clock.o(i.Clock_SetTime) refers to interface.o(i.Sw_Ack) for Sw_Ack
    clock.o(i.Clock_SetTime) refers to nixie.o(i.NixieDots_toggle) for NixieDots_toggle
    clock.o(i.Clock_SetTime) refers to memcpya.o(.text) for __aeabi_memcpy4
    clock.o(i.Clock_SetTime) refers to rtc.o(i.SetRtcTime) for SetRtcTime
    clock.o(i.Clock_SetTime) refers to clock.o(.bss) for .bss
    clock.o(i.Clock_Show_Date) refers to interface.o(i.Sw_Ack) for Sw_Ack
    clock.o(i.Clock_Show_Date) refers to rtc.o(i.GetRtcTimeDate) for GetRtcTimeDate
    clock.o(i.Clock_Show_Date) refers to nixie.o(i.NixieDisplay_Date) for NixieDisplay_Date
    clock.o(i.Clock_Show_Date) refers to clock.o(.bss) for .bss
    clock.o(i.Clock_Show_Hour) refers to interface.o(i.Sw_Ack) for Sw_Ack
    clock.o(i.Clock_Show_Hour) refers to rtc.o(i.GetRtcTimeDate) for GetRtcTimeDate
    clock.o(i.Clock_Show_Hour) refers to nixie.o(i.NixieDisplay_Time) for NixieDisplay_Time
    clock.o(i.Clock_Show_Hour) refers to difftime.o(i.__hardfp_difftime) for __hardfp_difftime
    clock.o(i.Clock_Show_Hour) refers to cdcmple.o(.text) for __aeabi_cdcmpeq
    clock.o(i.Clock_Show_Hour) refers to nixie.o(i.NixieDots_toggle) for NixieDots_toggle
    clock.o(i.Clock_Show_Hour) refers to random.o(i.RandomX) for RandomX
    clock.o(i.Clock_Show_Hour) refers to nixie.o(i.NixieDisplay_Effects) for NixieDisplay_Effects
    clock.o(i.Clock_Show_Hour) refers to clock.o(.bss) for .bss
    clock.o(i.Clock_Show_Hour) refers to clock.o(.data) for .data
    gpio.o(i.GPIOIntRegister) refers to interrupt.o(i.IntRegister) for IntRegister
    gpio.o(i.GPIOIntRegister) refers to interrupt.o(i.IntEnable) for IntEnable
    gpio.o(i.GPIOIntRegister) refers to gpio.o(.constdata) for .constdata
    gpio.o(i.GPIOIntUnregister) refers to interrupt.o(i.IntDisable) for IntDisable
    gpio.o(i.GPIOIntUnregister) refers to interrupt.o(i.IntUnregister) for IntUnregister
    gpio.o(i.GPIOIntUnregister) refers to gpio.o(.constdata) for .constdata
    gpio.o(i.GPIOPinConfigure) refers to gpio.o(.constdata) for .constdata
    gpio.o(i.GPIOPinTypeADC) refers to gpio.o(i.GPIODirModeSet) for GPIODirModeSet
    gpio.o(i.GPIOPinTypeADC) refers to gpio.o(i.GPIOPadConfigSet) for GPIOPadConfigSet
    gpio.o(i.GPIOPinTypeCAN) refers to gpio.o(i.GPIODirModeSet) for GPIODirModeSet
    gpio.o(i.GPIOPinTypeCAN) refers to gpio.o(i.GPIOPadConfigSet) for GPIOPadConfigSet
    gpio.o(i.GPIOPinTypeCIR) refers to gpio.o(i.GPIODirModeSet) for GPIODirModeSet
    gpio.o(i.GPIOPinTypeCIR) refers to gpio.o(i.GPIOPadConfigSet) for GPIOPadConfigSet
    gpio.o(i.GPIOPinTypeComparator) refers to gpio.o(i.GPIODirModeSet) for GPIODirModeSet
    gpio.o(i.GPIOPinTypeComparator) refers to gpio.o(i.GPIOPadConfigSet) for GPIOPadConfigSet
    gpio.o(i.GPIOPinTypeComparatorOutput) refers to gpio.o(i.GPIODirModeSet) for GPIODirModeSet
    gpio.o(i.GPIOPinTypeComparatorOutput) refers to gpio.o(i.GPIOPadConfigSet) for GPIOPadConfigSet
    gpio.o(i.GPIOPinTypeEPI) refers to gpio.o(i.GPIODirModeSet) for GPIODirModeSet
    gpio.o(i.GPIOPinTypeEPI) refers to gpio.o(i.GPIOPadConfigSet) for GPIOPadConfigSet
    gpio.o(i.GPIOPinTypeEthernetLED) refers to gpio.o(i.GPIODirModeSet) for GPIODirModeSet
    gpio.o(i.GPIOPinTypeEthernetLED) refers to gpio.o(i.GPIOPadConfigSet) for GPIOPadConfigSet
    gpio.o(i.GPIOPinTypeEthernetMII) refers to gpio.o(i.GPIODirModeSet) for GPIODirModeSet
    gpio.o(i.GPIOPinTypeEthernetMII) refers to gpio.o(i.GPIOPadConfigSet) for GPIOPadConfigSet
    gpio.o(i.GPIOPinTypeGPIOInput) refers to gpio.o(i.GPIODirModeSet) for GPIODirModeSet
    gpio.o(i.GPIOPinTypeGPIOInput) refers to gpio.o(i.GPIOPadConfigSet) for GPIOPadConfigSet
    gpio.o(i.GPIOPinTypeGPIOOutput) refers to gpio.o(i.GPIOPadConfigSet) for GPIOPadConfigSet
    gpio.o(i.GPIOPinTypeGPIOOutput) refers to gpio.o(i.GPIODirModeSet) for GPIODirModeSet
    gpio.o(i.GPIOPinTypeGPIOOutputOD) refers to gpio.o(i.GPIOPadConfigSet) for GPIOPadConfigSet
    gpio.o(i.GPIOPinTypeGPIOOutputOD) refers to gpio.o(i.GPIODirModeSet) for GPIODirModeSet
    gpio.o(i.GPIOPinTypeI2C) refers to gpio.o(i.GPIODirModeSet) for GPIODirModeSet
    gpio.o(i.GPIOPinTypeI2C) refers to gpio.o(i.GPIOPadConfigSet) for GPIOPadConfigSet
    gpio.o(i.GPIOPinTypeI2CSCL) refers to gpio.o(i.GPIODirModeSet) for GPIODirModeSet
    gpio.o(i.GPIOPinTypeI2CSCL) refers to gpio.o(i.GPIOPadConfigSet) for GPIOPadConfigSet
    gpio.o(i.GPIOPinTypeKBColumn) refers to gpio.o(i.GPIODirModeSet) for GPIODirModeSet
    gpio.o(i.GPIOPinTypeKBColumn) refers to gpio.o(i.GPIOPadConfigSet) for GPIOPadConfigSet
    gpio.o(i.GPIOPinTypeKBRow) refers to gpio.o(i.GPIODirModeSet) for GPIODirModeSet
    gpio.o(i.GPIOPinTypeKBRow) refers to gpio.o(i.GPIOPadConfigSet) for GPIOPadConfigSet
    gpio.o(i.GPIOPinTypeLCD) refers to gpio.o(i.GPIODirModeSet) for GPIODirModeSet
    gpio.o(i.GPIOPinTypeLCD) refers to gpio.o(i.GPIOPadConfigSet) for GPIOPadConfigSet
    gpio.o(i.GPIOPinTypeLEDSeq) refers to gpio.o(i.GPIODirModeSet) for GPIODirModeSet
    gpio.o(i.GPIOPinTypeLEDSeq) refers to gpio.o(i.GPIOPadConfigSet) for GPIOPadConfigSet
    gpio.o(i.GPIOPinTypeLPC) refers to gpio.o(i.GPIODirModeSet) for GPIODirModeSet
    gpio.o(i.GPIOPinTypeLPC) refers to gpio.o(i.GPIOPadConfigSet) for GPIOPadConfigSet
    gpio.o(i.GPIOPinTypePECIRx) refers to gpio.o(i.GPIODirModeSet) for GPIODirModeSet
    gpio.o(i.GPIOPinTypePECIRx) refers to gpio.o(i.GPIOPadConfigSet) for GPIOPadConfigSet
    gpio.o(i.GPIOPinTypePECITx) refers to gpio.o(i.GPIODirModeSet) for GPIODirModeSet
    gpio.o(i.GPIOPinTypePECITx) refers to gpio.o(i.GPIOPadConfigSet) for GPIOPadConfigSet
    gpio.o(i.GPIOPinTypePWM) refers to gpio.o(i.GPIODirModeSet) for GPIODirModeSet
    gpio.o(i.GPIOPinTypePWM) refers to gpio.o(i.GPIOPadConfigSet) for GPIOPadConfigSet
    gpio.o(i.GPIOPinTypeQEI) refers to gpio.o(i.GPIODirModeSet) for GPIODirModeSet
    gpio.o(i.GPIOPinTypeQEI) refers to gpio.o(i.GPIOPadConfigSet) for GPIOPadConfigSet
    gpio.o(i.GPIOPinTypeSSI) refers to gpio.o(i.GPIODirModeSet) for GPIODirModeSet
    gpio.o(i.GPIOPinTypeSSI) refers to gpio.o(i.GPIOPadConfigSet) for GPIOPadConfigSet
    gpio.o(i.GPIOPinTypeTimer) refers to gpio.o(i.GPIODirModeSet) for GPIODirModeSet
    gpio.o(i.GPIOPinTypeTimer) refers to gpio.o(i.GPIOPadConfigSet) for GPIOPadConfigSet
    gpio.o(i.GPIOPinTypeUART) refers to gpio.o(i.GPIODirModeSet) for GPIODirModeSet
    gpio.o(i.GPIOPinTypeUART) refers to gpio.o(i.GPIOPadConfigSet) for GPIOPadConfigSet
    gpio.o(i.GPIOPinTypeUSBAnalog) refers to gpio.o(i.GPIODirModeSet) for GPIODirModeSet
    gpio.o(i.GPIOPinTypeUSBAnalog) refers to gpio.o(i.GPIOPadConfigSet) for GPIOPadConfigSet
    gpio.o(i.GPIOPinTypeUSBDigital) refers to gpio.o(i.GPIODirModeSet) for GPIODirModeSet
    gpio.o(i.GPIOPinTypeUSBDigital) refers to gpio.o(i.GPIOPadConfigSet) for GPIOPadConfigSet
    gpio.o(i.GPIOPinTypeWakeHigh) refers to gpio.o(i.GPIODirModeSet) for GPIODirModeSet
    gpio.o(i.GPIOPinTypeWakeHigh) refers to gpio.o(i.GPIOPadConfigSet) for GPIOPadConfigSet
    gpio.o(i.GPIOPinTypeWakeLow) refers to gpio.o(i.GPIODirModeSet) for GPIODirModeSet
    gpio.o(i.GPIOPinTypeWakeLow) refers to gpio.o(i.GPIOPadConfigSet) for GPIOPadConfigSet
    i2c.o(i.I2CIntRegister) refers to interrupt.o(i.IntRegister) for IntRegister
    i2c.o(i.I2CIntRegister) refers to interrupt.o(i.IntEnable) for IntEnable
    i2c.o(i.I2CIntRegister) refers to i2c.o(.constdata) for .constdata
    i2c.o(i.I2CIntUnregister) refers to interrupt.o(i.IntDisable) for IntDisable
    i2c.o(i.I2CIntUnregister) refers to interrupt.o(i.IntUnregister) for IntUnregister
    i2c.o(i.I2CIntUnregister) refers to i2c.o(.constdata) for .constdata
    sysctl.o(i.SysCtlClockFreqSet) refers to sysctl.o(.constdata) for .constdata
    sysctl.o(i.SysCtlClockGet) refers to sysctl.o(.constdata) for .constdata
    sysctl.o(i.SysCtlClockSet) refers to sysctl.o(.emb_text) for SysCtlDelay
    sysctl.o(i.SysCtlDeepSleep) refers to cpu.o(.emb_text) for CPUwfi
    sysctl.o(i.SysCtlIntRegister) refers to interrupt.o(i.IntRegister) for IntRegister
    sysctl.o(i.SysCtlIntRegister) refers to interrupt.o(i.IntEnable) for IntEnable
    sysctl.o(i.SysCtlIntUnregister) refers to interrupt.o(i.IntDisable) for IntDisable
    sysctl.o(i.SysCtlIntUnregister) refers to interrupt.o(i.IntUnregister) for IntUnregister
    sysctl.o(i.SysCtlSleep) refers to cpu.o(.emb_text) for CPUwfi
    timer.o(i.TimerIntRegister) refers to interrupt.o(i.IntRegister) for IntRegister
    timer.o(i.TimerIntRegister) refers to interrupt.o(i.IntEnable) for IntEnable
    timer.o(i.TimerIntRegister) refers to timer.o(.constdata) for .constdata
    timer.o(i.TimerIntUnregister) refers to interrupt.o(i.IntDisable) for IntDisable
    timer.o(i.TimerIntUnregister) refers to interrupt.o(i.IntUnregister) for IntUnregister
    timer.o(i.TimerIntUnregister) refers to timer.o(.constdata) for .constdata
    interrupt.o(i.IntDisable) refers to interrupt.o(.constdata) for .constdata
    interrupt.o(i.IntEnable) refers to interrupt.o(.constdata) for .constdata
    interrupt.o(i.IntIsEnabled) refers to interrupt.o(.constdata) for .constdata
    interrupt.o(i.IntMasterDisable) refers to cpu.o(.emb_text) for CPUcpsid
    interrupt.o(i.IntMasterEnable) refers to cpu.o(.emb_text) for CPUcpsie
    interrupt.o(i.IntPendClear) refers to interrupt.o(.constdata) for .constdata
    interrupt.o(i.IntPendSet) refers to interrupt.o(.constdata) for .constdata
    interrupt.o(i.IntPriorityGet) refers to interrupt.o(.constdata) for .constdata
    interrupt.o(i.IntPriorityGroupingGet) refers to interrupt.o(.constdata) for .constdata
    interrupt.o(i.IntPriorityGroupingSet) refers to interrupt.o(.constdata) for .constdata
    interrupt.o(i.IntPriorityMaskGet) refers to cpu.o(.emb_text) for CPUbasepriGet
    interrupt.o(i.IntPriorityMaskSet) refers to cpu.o(.emb_text) for CPUbasepriSet
    interrupt.o(i.IntPrioritySet) refers to interrupt.o(.constdata) for .constdata
    interrupt.o(i.IntRegister) refers to interrupt.o(vtable) for vtable
    interrupt.o(i.IntUnregister) refers to interrupt.o(i._IntDefaultHandler) for _IntDefaultHandler
    interrupt.o(i.IntUnregister) refers to interrupt.o(vtable) for vtable
    difftime.o(i.__hardfp_difftime) refers (Special) to iusefp.o(.text) for __I$use$fp
    difftime.o(i.__hardfp_difftime) refers to dfltui.o(.text) for __aeabi_ui2d
    difftime.o(i.__hardfp_difftime) refers to dadd.o(.text) for __aeabi_dsub
    difftime.o(i.__softfp_difftime) refers (Special) to iusefp.o(.text) for __I$use$fp
    difftime.o(i.__softfp_difftime) refers to dfltui.o(.text) for __aeabi_ui2d
    difftime.o(i.__softfp_difftime) refers to dadd.o(.text) for __aeabi_dsub
    difftime.o(i.difftime) refers (Special) to iusefp.o(.text) for __I$use$fp
    difftime.o(i.difftime) refers to dfltui.o(.text) for __aeabi_ui2d
    difftime.o(i.difftime) refers to dadd.o(.text) for __aeabi_dsub
    roundf.o(i.__hardfp_roundf) refers (Special) to iusefp.o(.text) for __I$use$fp
    roundf.o(i.__hardfp_roundf) refers to frnd.o(.text) for _frnd
    roundf.o(i.roundf) refers (Special) to iusefp.o(.text) for __I$use$fp
    roundf.o(i.roundf) refers to roundf.o(i.__hardfp_roundf) for __hardfp_roundf
    entry.o(.ARM.Collect$$$$00000000) refers (Special) to entry10a.o(.ARM.Collect$$$$0000000D) for __rt_final_cpp
    entry.o(.ARM.Collect$$$$00000000) refers (Special) to entry11a.o(.ARM.Collect$$$$0000000F) for __rt_final_exit
    entry.o(.ARM.Collect$$$$00000000) refers (Special) to entry7b.o(.ARM.Collect$$$$00000008) for _main_clock
    entry.o(.ARM.Collect$$$$00000000) refers (Special) to entry8b.o(.ARM.Collect$$$$0000000A) for _main_cpp_init
    entry.o(.ARM.Collect$$$$00000000) refers (Special) to entry9a.o(.ARM.Collect$$$$0000000B) for _main_init
    entry.o(.ARM.Collect$$$$00000000) refers (Special) to entry5.o(.ARM.Collect$$$$00000004) for _main_scatterload
    entry.o(.ARM.Collect$$$$00000000) refers (Special) to entry2.o(.ARM.Collect$$$$00000001) for _main_stk
    dadd.o(.text) refers (Special) to iusefp.o(.text) for __I$use$fp
    dadd.o(.text) refers to llshl.o(.text) for __aeabi_llsl
    dadd.o(.text) refers to llsshr.o(.text) for __aeabi_lasr
    dadd.o(.text) refers to depilogue.o(.text) for _double_epilogue
    dmul.o(.text) refers (Special) to iusefp.o(.text) for __I$use$fp
    dmul.o(.text) refers to depilogue.o(.text) for _double_epilogue
    dfltui.o(.text) refers (Special) to iusefp.o(.text) for __I$use$fp
    dfltui.o(.text) refers to depilogue.o(.text) for _double_epilogue
    dfixui.o(.text) refers (Special) to iusefp.o(.text) for __I$use$fp
    dfixui.o(.text) refers to llushr.o(.text) for __aeabi_llsr
    cdcmple.o(.text) refers (Special) to iusefp.o(.text) for __I$use$fp
    d2f.o(.text) refers (Special) to iusefp.o(.text) for __I$use$fp
    d2f.o(.text) refers to fepilogue.o(.text) for _float_round
    entry2.o(.ARM.Collect$$$$00000001) refers to entry2.o(.ARM.Collect$$$$00002712) for __lit__00000000
    entry2.o(.ARM.Collect$$$$00002712) refers to startup_rvmdk.o(STACK) for __initial_sp
    entry2.o(__vectab_stack_and_reset_area) refers to startup_rvmdk.o(STACK) for __initial_sp
    entry2.o(__vectab_stack_and_reset_area) refers to entry.o(.ARM.Collect$$$$00000000) for __main
    entry5.o(.ARM.Collect$$$$00000004) refers to init.o(.text) for __scatterload
    entry9a.o(.ARM.Collect$$$$0000000B) refers to main.o(i.main) for main
    entry9b.o(.ARM.Collect$$$$0000000C) refers to main.o(i.main) for main
    frnd.o(.text) refers to fepilogue.o(.text) for _float_round
    depilogue.o(.text) refers to llshl.o(.text) for __aeabi_llsl
    depilogue.o(.text) refers to llushr.o(.text) for __aeabi_llsr
    init.o(.text) refers to entry5.o(.ARM.Collect$$$$00000004) for __main_after_scatterload


==============================================================================

Removing Unused input sections from the image.

    Removing main.o(i.Uart_Init), (100 bytes).
    Removing main.o(.constdata), (532 bytes).
    Removing main.o(.data), (3 bytes).
    Removing startup_rvmdk.o(HEAP), (0 bytes).
    Removing startup_rvmdk.o(.text), (0 bytes).
    Removing uartstdio.o(i.GetBufferCount), (18 bytes).
    Removing uartstdio.o(i.UARTEchoSet), (16 bytes).
    Removing uartstdio.o(i.UARTFlushRx), (40 bytes).
    Removing uartstdio.o(i.UARTFlushTx), (56 bytes).
    Removing uartstdio.o(i.UARTOutString), (52 bytes).
    Removing uartstdio.o(i.UARTPeek), (60 bytes).
    Removing uartstdio.o(i.UARTRxBytesAvail), (16 bytes).
    Removing uartstdio.o(i.UARTStdioConfig), (152 bytes).
    Removing uartstdio.o(i.UARTTxBytesFree), (24 bytes).
    Removing uartstdio.o(i.UARTgetc), (44 bytes).
    Removing uartstdio.o(i.UARTgets), (100 bytes).
    Removing uartstdio.o(i.UARTprintf), (18 bytes).
    Removing uartstdio.o(i.UARTvprintf), (436 bytes).
    Removing delay.o(i.Delay_1ms), (28 bytes).
    Removing ustdlib.o(i.ucmptime), (82 bytes).
    Removing ustdlib.o(i.ulocaltime), (164 bytes).
    Removing ustdlib.o(i.umktime), (58 bytes).
    Removing ustdlib.o(i.urand), (28 bytes).
    Removing ustdlib.o(i.usnprintf), (18 bytes).
    Removing ustdlib.o(i.usprintf), (22 bytes).
    Removing ustdlib.o(i.usrand), (12 bytes).
    Removing ustdlib.o(i.ustrcasecmp), (8 bytes).
    Removing ustdlib.o(i.ustrcmp), (8 bytes).
    Removing ustdlib.o(i.ustrlen), (16 bytes).
    Removing ustdlib.o(i.ustrncasecmp), (70 bytes).
    Removing ustdlib.o(i.ustrncmp), (46 bytes).
    Removing ustdlib.o(i.ustrncpy), (36 bytes).
    Removing ustdlib.o(i.ustrstr), (42 bytes).
    Removing ustdlib.o(i.ustrtof), (316 bytes).
    Removing ustdlib.o(i.ustrtoul), (158 bytes).
    Removing ustdlib.o(i.uvsnprintf), (592 bytes).
    Removing ustdlib.o(.constdata), (76 bytes).
    Removing ustdlib.o(.conststring), (17 bytes).
    Removing ustdlib.o(.data), (4 bytes).
    Removing shiftregister.o(i.SetPin), (28 bytes).
    Removing shiftregister.o(i.ShiftRegister_Init), (92 bytes).
    Removing shiftregister.o(i.ShiftRegister_Output), (60 bytes).
    Removing shiftregister.o(.data), (4 bytes).
    Removing timer.o(i.Disable_Interrupts), (4 bytes).
    Removing timer.o(i.Enable_Interrupts), (4 bytes).
    Removing timer.o(i.Timer0A_Init), (60 bytes).
    Removing timer.o(i.Timer0A_Start), (16 bytes).
    Removing timer.o(i.Timer0A_Stop), (16 bytes).
    Removing nixie.o(i.NixieClock_Init), (96 bytes).
    Removing nixie.o(i.NixieDisplay), (144 bytes).
    Removing nixie.o(i.NixieDisplayDigitbyDigit), (388 bytes).
    Removing nixie.o(i.NixieDisplay_Date), (4 bytes).
    Removing nixie.o(i.NixieDisplay_Effects), (24 bytes).
    Removing nixie.o(i.NixieDisplay_Time), (4 bytes).
    Removing nixie.o(i.NixieDots_toggle), (36 bytes).
    Removing nixie.o(i.NixieEffects_1), (126 bytes).
    Removing nixie.o(i.NixieEffects_2), (274 bytes).
    Removing nixie.o(i.NixieEffects_3), (400 bytes).
    Removing rtc.o(i.GetRtcTimeDate), (244 bytes).
    Removing rtc.o(i.I2CReceive), (88 bytes).
    Removing rtc.o(i.I2CSend), (156 bytes).
    Removing rtc.o(i.RTCInit), (100 bytes).
    Removing rtc.o(i.SetRtcDate), (92 bytes).
    Removing rtc.o(i.SetRtcTime), (142 bytes).
    Removing nixiecommands.o(i.CMD_Help), (112 bytes).
    Removing nixiecommands.o(i.CMD_SetDate), (188 bytes).
    Removing nixiecommands.o(i.CMD_SetTime), (208 bytes).
    Removing nixiecommands.o(.conststring), (115 bytes).
    Removing nixiecommands.o(.data), (48 bytes).
    Removing commandline.o(i.CmdLineProcess), (100 bytes).
    Removing commandline.o(.bss), (36 bytes).
    Removing random.o(i.Random), (28 bytes).
    Removing random.o(i.RandomX), (20 bytes).
    Removing random.o(i.Random_Init), (12 bytes).
    Removing random.o(.data), (4 bytes).
    Removing interface.o(i.Buttons_Init), (172 bytes).
    Removing interface.o(i.Get_Switch_Action), (12 bytes).
    Removing interface.o(i.Sw_Ack), (12 bytes).
    Removing clock.o(i.Clock_Date_Blink_Dots_Left), (40 bytes).
    Removing clock.o(i.Clock_Date_Blink_Dots_Right), (18 bytes).
    Removing clock.o(i.Clock_Date_No_Blink_Dots), (18 bytes).
    Removing clock.o(i.Clock_Dec_Day), (48 bytes).
    Removing clock.o(i.Clock_Dec_Hour), (44 bytes).
    Removing clock.o(i.Clock_Dec_Min), (44 bytes).
    Removing clock.o(i.Clock_Dec_Month), (48 bytes).
    Removing clock.o(i.Clock_Dec_Year), (44 bytes).
    Removing clock.o(i.Clock_Hour_Blink_Dots_Left), (18 bytes).
    Removing clock.o(i.Clock_Hour_Blink_Dots_Right), (18 bytes).
    Removing clock.o(i.Clock_Inc_Day), (48 bytes).
    Removing clock.o(i.Clock_Inc_Hour), (44 bytes).
    Removing clock.o(i.Clock_Inc_Min), (44 bytes).
    Removing clock.o(i.Clock_Inc_Month), (48 bytes).
    Removing clock.o(i.Clock_Inc_Year), (48 bytes).
    Removing clock.o(i.Clock_Init), (40 bytes).
    Removing clock.o(i.Clock_SetDate), (44 bytes).
    Removing clock.o(i.Clock_SetTime), (56 bytes).
    Removing clock.o(i.Clock_Show_Date), (40 bytes).
    Removing clock.o(i.Clock_Show_Hour), (144 bytes).
    Removing clock.o(.bss), (44 bytes).
    Removing clock.o(.data), (2 bytes).
    Removing gpio.o(i.GPIOADCTriggerDisable), (14 bytes).
    Removing gpio.o(i.GPIOADCTriggerEnable), (14 bytes).
    Removing gpio.o(i.GPIODMATriggerDisable), (14 bytes).
    Removing gpio.o(i.GPIODMATriggerEnable), (14 bytes).
    Removing gpio.o(i.GPIODirModeGet), (34 bytes).
    Removing gpio.o(i.GPIODirModeSet), (40 bytes).
    Removing gpio.o(i.GPIOIntClear), (6 bytes).
    Removing gpio.o(i.GPIOIntDisable), (14 bytes).
    Removing gpio.o(i.GPIOIntEnable), (14 bytes).
    Removing gpio.o(i.GPIOIntRegister), (88 bytes).
    Removing gpio.o(i.GPIOIntStatus), (14 bytes).
    Removing gpio.o(i.GPIOIntTypeGet), (68 bytes).
    Removing gpio.o(i.GPIOIntTypeSet), (80 bytes).
    Removing gpio.o(i.GPIOIntUnregister), (88 bytes).
    Removing gpio.o(i.GPIOPadConfigGet), (204 bytes).
    Removing gpio.o(i.GPIOPadConfigSet), (314 bytes).
    Removing gpio.o(i.GPIOPinConfigure), (72 bytes).
    Removing gpio.o(i.GPIOPinRead), (6 bytes).
    Removing gpio.o(i.GPIOPinTypeADC), (28 bytes).
    Removing gpio.o(i.GPIOPinTypeCAN), (28 bytes).
    Removing gpio.o(i.GPIOPinTypeCIR), (28 bytes).
    Removing gpio.o(i.GPIOPinTypeComparator), (28 bytes).
    Removing gpio.o(i.GPIOPinTypeComparatorOutput), (28 bytes).
    Removing gpio.o(i.GPIOPinTypeEPI), (28 bytes).
    Removing gpio.o(i.GPIOPinTypeEthernetLED), (28 bytes).
    Removing gpio.o(i.GPIOPinTypeEthernetMII), (28 bytes).
    Removing gpio.o(i.GPIOPinTypeGPIOInput), (28 bytes).
    Removing gpio.o(i.GPIOPinTypeGPIOOutput), (28 bytes).
    Removing gpio.o(i.GPIOPinTypeGPIOOutputOD), (28 bytes).
    Removing gpio.o(i.GPIOPinTypeI2C), (28 bytes).
    Removing gpio.o(i.GPIOPinTypeI2CSCL), (28 bytes).
    Removing gpio.o(i.GPIOPinTypeKBColumn), (28 bytes).
    Removing gpio.o(i.GPIOPinTypeKBRow), (28 bytes).
    Removing gpio.o(i.GPIOPinTypeLCD), (28 bytes).
    Removing gpio.o(i.GPIOPinTypeLEDSeq), (28 bytes).
    Removing gpio.o(i.GPIOPinTypeLPC), (28 bytes).
    Removing gpio.o(i.GPIOPinTypePECIRx), (28 bytes).
    Removing gpio.o(i.GPIOPinTypePECITx), (28 bytes).
    Removing gpio.o(i.GPIOPinTypePWM), (28 bytes).
    Removing gpio.o(i.GPIOPinTypeQEI), (28 bytes).
    Removing gpio.o(i.GPIOPinTypeSSI), (28 bytes).
    Removing gpio.o(i.GPIOPinTypeTimer), (28 bytes).
    Removing gpio.o(i.GPIOPinTypeUART), (28 bytes).
    Removing gpio.o(i.GPIOPinTypeUSBAnalog), (28 bytes).
    Removing gpio.o(i.GPIOPinTypeUSBDigital), (28 bytes).
    Removing gpio.o(i.GPIOPinTypeWakeHigh), (30 bytes).
    Removing gpio.o(i.GPIOPinTypeWakeLow), (30 bytes).
    Removing gpio.o(i.GPIOPinWakeStatus), (6 bytes).
    Removing gpio.o(i.GPIOPinWrite), (6 bytes).
    Removing gpio.o(.constdata), (528 bytes).
    Removing i2c.o(i.I2CFIFODataGet), (16 bytes).
    Removing i2c.o(i.I2CFIFODataGetNonBlocking), (24 bytes).
    Removing i2c.o(i.I2CFIFODataPut), (16 bytes).
    Removing i2c.o(i.I2CFIFODataPutNonBlocking), (20 bytes).
    Removing i2c.o(i.I2CFIFOStatus), (6 bytes).
    Removing i2c.o(i.I2CIntRegister), (96 bytes).
    Removing i2c.o(i.I2CIntUnregister), (96 bytes).
    Removing i2c.o(i.I2CMasterBurstCountGet), (4 bytes).
    Removing i2c.o(i.I2CMasterBurstLengthSet), (4 bytes).
    Removing i2c.o(i.I2CMasterBusBusy), (12 bytes).
    Removing i2c.o(i.I2CMasterBusy), (12 bytes).
    Removing i2c.o(i.I2CMasterControl), (4 bytes).
    Removing i2c.o(i.I2CMasterDataGet), (4 bytes).
    Removing i2c.o(i.I2CMasterDataPut), (4 bytes).
    Removing i2c.o(i.I2CMasterDisable), (10 bytes).
    Removing i2c.o(i.I2CMasterEnable), (10 bytes).
    Removing i2c.o(i.I2CMasterErr), (24 bytes).
    Removing i2c.o(i.I2CMasterGlitchFilterConfigSet), (8 bytes).
    Removing i2c.o(i.I2CMasterInitExpClk), (84 bytes).
    Removing i2c.o(i.I2CMasterIntClear), (8 bytes).
    Removing i2c.o(i.I2CMasterIntClearEx), (4 bytes).
    Removing i2c.o(i.I2CMasterIntDisable), (6 bytes).
    Removing i2c.o(i.I2CMasterIntDisableEx), (10 bytes).
    Removing i2c.o(i.I2CMasterIntEnable), (6 bytes).
    Removing i2c.o(i.I2CMasterIntEnableEx), (8 bytes).
    Removing i2c.o(i.I2CMasterIntStatus), (24 bytes).
    Removing i2c.o(i.I2CMasterIntStatusEx), (10 bytes).
    Removing i2c.o(i.I2CMasterLineStateGet), (4 bytes).
    Removing i2c.o(i.I2CMasterSlaveAddrSet), (8 bytes).
    Removing i2c.o(i.I2CMasterTimeoutSet), (4 bytes).
    Removing i2c.o(i.I2CRxFIFOConfigSet), (20 bytes).
    Removing i2c.o(i.I2CRxFIFOFlush), (16 bytes).
    Removing i2c.o(i.I2CSlaveACKOverride), (24 bytes).
    Removing i2c.o(i.I2CSlaveACKValueSet), (24 bytes).
    Removing i2c.o(i.I2CSlaveAddressSet), (24 bytes).
    Removing i2c.o(i.I2CSlaveDataGet), (6 bytes).
    Removing i2c.o(i.I2CSlaveDataPut), (6 bytes).
    Removing i2c.o(i.I2CSlaveDisable), (16 bytes).
    Removing i2c.o(i.I2CSlaveEnable), (16 bytes).
    Removing i2c.o(i.I2CSlaveFIFODisable), (8 bytes).
    Removing i2c.o(i.I2CSlaveFIFOEnable), (10 bytes).
    Removing i2c.o(i.I2CSlaveInit), (20 bytes).
    Removing i2c.o(i.I2CSlaveIntClear), (8 bytes).
    Removing i2c.o(i.I2CSlaveIntClearEx), (6 bytes).
    Removing i2c.o(i.I2CSlaveIntDisable), (16 bytes).
    Removing i2c.o(i.I2CSlaveIntDisableEx), (14 bytes).
    Removing i2c.o(i.I2CSlaveIntEnable), (16 bytes).
    Removing i2c.o(i.I2CSlaveIntEnableEx), (14 bytes).
    Removing i2c.o(i.I2CSlaveIntStatus), (28 bytes).
    Removing i2c.o(i.I2CSlaveIntStatusEx), (14 bytes).
    Removing i2c.o(i.I2CSlaveStatus), (6 bytes).
    Removing i2c.o(i.I2CTxFIFOConfigSet), (22 bytes).
    Removing i2c.o(i.I2CTxFIFOFlush), (16 bytes).
    Removing i2c.o(.constdata), (128 bytes).
    Removing sysctl.o(.emb_text), (6 bytes).
    Removing sysctl.o(i.SysCtlAltClkConfig), (12 bytes).
    Removing sysctl.o(i.SysCtlClockFreqSet), (712 bytes).
    Removing sysctl.o(i.SysCtlClockGet), (340 bytes).
    Removing sysctl.o(i.SysCtlClockOutConfig), (16 bytes).
    Removing sysctl.o(i.SysCtlClockSet), (288 bytes).
    Removing sysctl.o(i.SysCtlDeepSleep), (32 bytes).
    Removing sysctl.o(i.SysCtlDeepSleepClockConfigSet), (112 bytes).
    Removing sysctl.o(i.SysCtlDeepSleepClockSet), (12 bytes).
    Removing sysctl.o(i.SysCtlDeepSleepPowerSet), (12 bytes).
    Removing sysctl.o(i.SysCtlFlashSectorSizeGet), (56 bytes).
    Removing sysctl.o(i.SysCtlFlashSizeGet), (56 bytes).
    Removing sysctl.o(i.SysCtlGPIOAHBDisable), (28 bytes).
    Removing sysctl.o(i.SysCtlGPIOAHBEnable), (24 bytes).
    Removing sysctl.o(i.SysCtlIntClear), (12 bytes).
    Removing sysctl.o(i.SysCtlIntDisable), (16 bytes).
    Removing sysctl.o(i.SysCtlIntEnable), (16 bytes).
    Removing sysctl.o(i.SysCtlIntRegister), (20 bytes).
    Removing sysctl.o(i.SysCtlIntStatus), (16 bytes).
    Removing sysctl.o(i.SysCtlIntUnregister), (18 bytes).
    Removing sysctl.o(i.SysCtlLDODeepSleepGet), (12 bytes).
    Removing sysctl.o(i.SysCtlLDODeepSleepSet), (12 bytes).
    Removing sysctl.o(i.SysCtlLDOSleepGet), (12 bytes).
    Removing sysctl.o(i.SysCtlLDOSleepSet), (12 bytes).
    Removing sysctl.o(i.SysCtlMOSCConfigSet), (12 bytes).
    Removing sysctl.o(i.SysCtlNMIClear), (16 bytes).
    Removing sysctl.o(i.SysCtlNMIStatus), (12 bytes).
    Removing sysctl.o(i.SysCtlPIOSCCalibrate), (76 bytes).
    Removing sysctl.o(i.SysCtlPWMClockGet), (24 bytes).
    Removing sysctl.o(i.SysCtlPWMClockSet), (20 bytes).
    Removing sysctl.o(i.SysCtlPeripheralClockGating), (68 bytes).
    Removing sysctl.o(i.SysCtlPeripheralDeepSleepDisable), (40 bytes).
    Removing sysctl.o(i.SysCtlPeripheralDeepSleepEnable), (40 bytes).
    Removing sysctl.o(i.SysCtlPeripheralDisable), (40 bytes).
    Removing sysctl.o(i.SysCtlPeripheralEnable), (40 bytes).
    Removing sysctl.o(i.SysCtlPeripheralPowerOff), (40 bytes).
    Removing sysctl.o(i.SysCtlPeripheralPowerOn), (40 bytes).
    Removing sysctl.o(i.SysCtlPeripheralPresent), (44 bytes).
    Removing sysctl.o(i.SysCtlPeripheralReady), (44 bytes).
    Removing sysctl.o(i.SysCtlPeripheralReset), (60 bytes).
    Removing sysctl.o(i.SysCtlPeripheralSleepDisable), (40 bytes).
    Removing sysctl.o(i.SysCtlPeripheralSleepEnable), (40 bytes).
    Removing sysctl.o(i.SysCtlReset), (16 bytes).
    Removing sysctl.o(i.SysCtlResetBehaviorGet), (12 bytes).
    Removing sysctl.o(i.SysCtlResetBehaviorSet), (12 bytes).
    Removing sysctl.o(i.SysCtlResetCauseClear), (16 bytes).
    Removing sysctl.o(i.SysCtlResetCauseGet), (12 bytes).
    Removing sysctl.o(i.SysCtlSRAMSizeGet), (16 bytes).
    Removing sysctl.o(i.SysCtlSleep), (4 bytes).
    Removing sysctl.o(i.SysCtlSleepPowerSet), (12 bytes).
    Removing sysctl.o(i.SysCtlUSBPLLDisable), (16 bytes).
    Removing sysctl.o(i.SysCtlUSBPLLEnable), (16 bytes).
    Removing sysctl.o(i.SysCtlVoltageEventClear), (16 bytes).
    Removing sysctl.o(i.SysCtlVoltageEventConfig), (12 bytes).
    Removing sysctl.o(i.SysCtlVoltageEventStatus), (12 bytes).
    Removing sysctl.o(.constdata), (452 bytes).
    Removing timer.o(i.TimerADCEventGet), (4 bytes).
    Removing timer.o(i.TimerADCEventSet), (4 bytes).
    Removing timer.o(i.TimerClockSourceGet), (6 bytes).
    Removing timer.o(i.TimerClockSourceSet), (6 bytes).
    Removing timer.o(i.TimerConfigure), (96 bytes).
    Removing timer.o(i.TimerControlEvent), (18 bytes).
    Removing timer.o(i.TimerControlLevel), (22 bytes).
    Removing timer.o(i.TimerControlStall), (22 bytes).
    Removing timer.o(i.TimerControlTrigger), (76 bytes).
    Removing timer.o(i.TimerControlWaitOnTrigger), (48 bytes).
    Removing timer.o(i.TimerDMAEventGet), (4 bytes).
    Removing timer.o(i.TimerDMAEventSet), (4 bytes).
    Removing timer.o(i.TimerDisable), (16 bytes).
    Removing timer.o(i.TimerEnable), (14 bytes).
    Removing timer.o(i.TimerIntClear), (4 bytes).
    Removing timer.o(i.TimerIntDisable), (10 bytes).
    Removing timer.o(i.TimerIntEnable), (8 bytes).
    Removing timer.o(i.TimerIntRegister), (104 bytes).
    Removing timer.o(i.TimerIntStatus), (10 bytes).
    Removing timer.o(i.TimerIntUnregister), (104 bytes).
    Removing timer.o(i.TimerLoadGet), (10 bytes).
    Removing timer.o(i.TimerLoadGet64), (14 bytes).
    Removing timer.o(i.TimerLoadSet), (18 bytes).
    Removing timer.o(i.TimerLoadSet64), (6 bytes).
    Removing timer.o(i.TimerMatchGet), (10 bytes).
    Removing timer.o(i.TimerMatchGet64), (14 bytes).
    Removing timer.o(i.TimerMatchSet), (18 bytes).
    Removing timer.o(i.TimerMatchSet64), (6 bytes).
    Removing timer.o(i.TimerPrescaleGet), (10 bytes).
    Removing timer.o(i.TimerPrescaleMatchGet), (10 bytes).
    Removing timer.o(i.TimerPrescaleMatchSet), (18 bytes).
    Removing timer.o(i.TimerPrescaleSet), (18 bytes).
    Removing timer.o(i.TimerRTCDisable), (10 bytes).
    Removing timer.o(i.TimerRTCEnable), (10 bytes).
    Removing timer.o(i.TimerSynchronize), (4 bytes).
    Removing timer.o(i.TimerUpdateMode), (42 bytes).
    Removing timer.o(i.TimerValueGet64), (14 bytes).
    Removing timer.o(.constdata), (160 bytes).
    Removing cpu.o(.emb_text), (38 bytes).
    Removing interrupt.o(i.IntDisable), (100 bytes).
    Removing interrupt.o(i.IntEnable), (100 bytes).
    Removing interrupt.o(i.IntIsEnabled), (96 bytes).
    Removing interrupt.o(i.IntMasterDisable), (14 bytes).
    Removing interrupt.o(i.IntMasterEnable), (14 bytes).
    Removing interrupt.o(i.IntPendClear), (68 bytes).
    Removing interrupt.o(i.IntPendSet), (84 bytes).
    Removing interrupt.o(i.IntPriorityGet), (28 bytes).
    Removing interrupt.o(i.IntPriorityGroupingGet), (36 bytes).
    Removing interrupt.o(i.IntPriorityGroupingSet), (28 bytes).
    Removing interrupt.o(i.IntPriorityMaskGet), (4 bytes).
    Removing interrupt.o(i.IntPriorityMaskSet), (4 bytes).
    Removing interrupt.o(i.IntPrioritySet), (40 bytes).
    Removing interrupt.o(i.IntRegister), (52 bytes).
    Removing interrupt.o(i.IntTrigger), (12 bytes).
    Removing interrupt.o(i.IntUnregister), (20 bytes).
    Removing interrupt.o(i._IntDefaultHandler), (2 bytes).
    Removing interrupt.o(.constdata), (268 bytes).
    Removing interrupt.o(vtable), (620 bytes).
    Removing cdcmple.o(.text), (48 bytes).

319 unused section(s) (total 17377 bytes) removed from the image.

==============================================================================

Image Symbol Table

    Local Symbols

    Symbol Name                              Value     Ov Type        Size  Object(Section)

    RESET                                    0x00000000   Section      648  startup_rvmdk.o(RESET)
    ../clib/microlib/init/entry.s            0x00000000   Number         0  entry9b.o ABSOLUTE
    ../clib/microlib/init/entry.s            0x00000000   Number         0  entry2.o ABSOLUTE
    ../clib/microlib/init/entry.s            0x00000000   Number         0  entry9a.o ABSOLUTE
    ../clib/microlib/init/entry.s            0x00000000   Number         0  entry8b.o ABSOLUTE
    ../clib/microlib/init/entry.s            0x00000000   Number         0  entry.o ABSOLUTE
    ../clib/microlib/init/entry.s            0x00000000   Number         0  entry8a.o ABSOLUTE
    ../clib/microlib/init/entry.s            0x00000000   Number         0  entry7b.o ABSOLUTE
    ../clib/microlib/init/entry.s            0x00000000   Number         0  entry11b.o ABSOLUTE
    ../clib/microlib/init/entry.s            0x00000000   Number         0  entry7a.o ABSOLUTE
    ../clib/microlib/init/entry.s            0x00000000   Number         0  entry11a.o ABSOLUTE
    ../clib/microlib/init/entry.s            0x00000000   Number         0  entry10b.o ABSOLUTE
    ../clib/microlib/init/entry.s            0x00000000   Number         0  entry10a.o ABSOLUTE
    ../clib/microlib/init/entry.s            0x00000000   Number         0  entry5.o ABSOLUTE
    ../clib/microlib/longlong.c              0x00000000   Number         0  llsshr.o ABSOLUTE
    ../clib/microlib/longlong.c              0x00000000   Number         0  llushr.o ABSOLUTE
    ../clib/microlib/longlong.c              0x00000000   Number         0  llshl.o ABSOLUTE
    ../clib/microlib/string/memcpy.c         0x00000000   Number         0  memcpya.o ABSOLUTE
    ../clib/microlib/string/memcpy.c         0x00000000   Number         0  memcpyb.o ABSOLUTE
    ../clib/microlib/string/strcmp.c         0x00000000   Number         0  strcmp.o ABSOLUTE
    ../clib/microlib/stubs.s                 0x00000000   Number         0  iusefp.o ABSOLUTE
    ../fplib/microlib/d2f.c                  0x00000000   Number         0  d2f.o ABSOLUTE
    ../fplib/microlib/fpadd.c                0x00000000   Number         0  dadd.o ABSOLUTE
    ../fplib/microlib/fpepilogue.c           0x00000000   Number         0  depilogue.o ABSOLUTE
    ../fplib/microlib/fpepilogue.c           0x00000000   Number         0  fepilogue.o ABSOLUTE
    ../fplib/microlib/fpfix.c                0x00000000   Number         0  dfixui.o ABSOLUTE
    ../fplib/microlib/fpflt.c                0x00000000   Number         0  dfltui.o ABSOLUTE
    ../fplib/microlib/fpmul.c                0x00000000   Number         0  dmul.o ABSOLUTE
    ../fplib/microlib/fprnd.c                0x00000000   Number         0  frnd.o ABSOLUTE
    ../mathlib/difftime.c                    0x00000000   Number         0  difftime.o ABSOLUTE
    ../mathlib/round.c                       0x00000000   Number         0  roundf.o ABSOLUTE
    ..\cc3100\platform\ek-tm4c123gxl\uart.c  0x00000000   Number         0  uart.o ABSOLUTE
    ..\utils\uartstdio.c                     0x00000000   Number         0  uartstdio.o ABSOLUTE
    ..\utils\ustdlib.c                       0x00000000   Number         0  ustdlib.o ABSOLUTE
    Clock.c                                  0x00000000   Number         0  clock.o ABSOLUTE
    Delay.c                                  0x00000000   Number         0  delay.o ABSOLUTE
    Interface.c                              0x00000000   Number         0  interface.o ABSOLUTE
    Nixie.c                                  0x00000000   Number         0  nixie.o ABSOLUTE
    NixieCommands.c                          0x00000000   Number         0  nixiecommands.o ABSOLUTE
    Random.c                                 0x00000000   Number         0  random.o ABSOLUTE
    Rtc.c                                    0x00000000   Number         0  rtc.o ABSOLUTE
    ShiftRegister.c                          0x00000000   Number         0  shiftregister.o ABSOLUTE
    Timer.c                                  0x00000000   Number         0  timer.o ABSOLUTE
    cdcmple.s                                0x00000000   Number         0  cdcmple.o ABSOLUTE
    commandline.c                            0x00000000   Number         0  commandline.o ABSOLUTE
    cpu.c                                    0x00000000   Number         0  cpu.o ABSOLUTE
    cpu.c                                    0x00000000   Number         0  cpu.o ABSOLUTE
    dc.s                                     0x00000000   Number         0  dc.o ABSOLUTE
    gpio.c                                   0x00000000   Number         0  gpio.o ABSOLUTE
    handlers.s                               0x00000000   Number         0  handlers.o ABSOLUTE
    i2c.c                                    0x00000000   Number         0  i2c.o ABSOLUTE
    init.s                                   0x00000000   Number         0  init.o ABSOLUTE
    interrupt.c                              0x00000000   Number         0  interrupt.o ABSOLUTE
    main.c                                   0x00000000   Number         0  main.o ABSOLUTE
    startup_rvmdk.S                          0x00000000   Number         0  startup_rvmdk.o ABSOLUTE
    sysctl.c                                 0x00000000   Number         0  sysctl.o ABSOLUTE
    sysctl.c                                 0x00000000   Number         0  sysctl.o ABSOLUTE
    timer.c                                  0x00000000   Number         0  timer.o ABSOLUTE
    $v0                                      0x0000026c   Number         0  startup_rvmdk.o(RESET)
    NmiSR                                    0x00000281   Thumb Code     0  startup_rvmdk.o(RESET)
    FaultISR                                 0x00000283   Thumb Code     0  startup_rvmdk.o(RESET)
    IntDefaultHandler                        0x00000285   Thumb Code     0  startup_rvmdk.o(RESET)
    .ARM.Collect$$$$00000000                 0x00000288   Section        0  entry.o(.ARM.Collect$$$$00000000)
    .ARM.Collect$$$$00000001                 0x00000288   Section        4  entry2.o(.ARM.Collect$$$$00000001)
    .ARM.Collect$$$$00000004                 0x0000028c   Section        4  entry5.o(.ARM.Collect$$$$00000004)
    .ARM.Collect$$$$00000008                 0x00000290   Section        0  entry7b.o(.ARM.Collect$$$$00000008)
    .ARM.Collect$$$$0000000A                 0x00000290   Section        0  entry8b.o(.ARM.Collect$$$$0000000A)
    .ARM.Collect$$$$0000000B                 0x00000290   Section        8  entry9a.o(.ARM.Collect$$$$0000000B)
    .ARM.Collect$$$$0000000D                 0x00000298   Section        0  entry10a.o(.ARM.Collect$$$$0000000D)
    .ARM.Collect$$$$0000000F                 0x00000298   Section        0  entry11a.o(.ARM.Collect$$$$0000000F)
    .ARM.Collect$$$$00002712                 0x00000298   Section        4  entry2.o(.ARM.Collect$$$$00002712)
    __lit__00000000                          0x00000298   Data           4  entry2.o(.ARM.Collect$$$$00002712)
    .text                                    0x0000029c   Section        0  dadd.o(.text)
    .text                                    0x000003ea   Section        0  dmul.o(.text)
    .text                                    0x000004ce   Section        0  dfltui.o(.text)
    .text                                    0x000004e8   Section        0  dfixui.o(.text)
    .text                                    0x0000051a   Section        0  d2f.o(.text)
    .text                                    0x00000552   Section        0  llshl.o(.text)
    .text                                    0x00000570   Section        0  llushr.o(.text)
    .text                                    0x00000590   Section        0  llsshr.o(.text)
    .text                                    0x000005b4   Section        0  fepilogue.o(.text)
    .text                                    0x000005b4   Section        0  iusefp.o(.text)
    .text                                    0x00000622   Section        0  frnd.o(.text)
    .text                                    0x0000065e   Section        0  depilogue.o(.text)
    .text                                    0x00000718   Section       36  init.o(.text)
    i.Delay_100ms                            0x0000073c   Section        0  delay.o(i.Delay_100ms)
    i.Delay_12ns                             0x00000758   Section        0  delay.o(i.Delay_12ns)
    i.GPIOA_intHandler                       0x00000764   Section        0  interface.o(i.GPIOA_intHandler)
    i.IsBufferEmpty                          0x00000914   Section        0  uartstdio.o(i.IsBufferEmpty)
    IsBufferEmpty                            0x00000915   Thumb Code    16  uartstdio.o(i.IsBufferEmpty)
    i.IsBufferFull                           0x00000924   Section        0  uartstdio.o(i.IsBufferFull)
    IsBufferFull                             0x00000925   Thumb Code    26  uartstdio.o(i.IsBufferFull)
    i.PLL_Init                               0x00000940   Section        0  main.o(i.PLL_Init)
    i.TimerValueGet                          0x000009a0   Section        0  timer.o(i.TimerValueGet)
    i.UARTPrimeTransmit                      0x000009ac   Section        0  uartstdio.o(i.UARTPrimeTransmit)
    UARTPrimeTransmit                        0x000009ad   Thumb Code   108  uartstdio.o(i.UARTPrimeTransmit)
    i.UARTStdioIntHandler                    0x00000a24   Section        0  uartstdio.o(i.UARTStdioIntHandler)
    i.UARTwrite                              0x00000b2c   Section        0  uartstdio.o(i.UARTwrite)
    i.__hardfp_roundf                        0x00000bbc   Section        0  roundf.o(i.__hardfp_roundf)
    i.__scatterload_copy                     0x00000c56   Section       14  handlers.o(i.__scatterload_copy)
    i.__scatterload_null                     0x00000c64   Section        2  handlers.o(i.__scatterload_null)
    i.__scatterload_zeroinit                 0x00000c66   Section       14  handlers.o(i.__scatterload_zeroinit)
    i.main                                   0x00000c74   Section        0  main.o(i.main)
    .constdata                               0x00000d8c   Section       40  uartstdio.o(.constdata)
    g_pcHex                                  0x00000d8c   Data           4  uartstdio.o(.constdata)
    g_ui32UARTBase                           0x00000d90   Data          12  uartstdio.o(.constdata)
    g_ui32UARTInt                            0x00000d9c   Data          12  uartstdio.o(.constdata)
    g_ui32UARTPeriph                         0x00000da8   Data          12  uartstdio.o(.constdata)
    .conststring                             0x00000db4   Section       17  uartstdio.o(.conststring)
    .data                                    0x20000000   Section       28  uartstdio.o(.data)
    bLastWasCR                               0x20000000   Data           1  uartstdio.o(.data)
    g_bDisableEcho                           0x20000001   Data           1  uartstdio.o(.data)
    g_ui32UARTTxWriteIndex                   0x20000004   Data           4  uartstdio.o(.data)
    g_ui32UARTTxReadIndex                    0x20000008   Data           4  uartstdio.o(.data)
    g_ui32UARTRxWriteIndex                   0x2000000c   Data           4  uartstdio.o(.data)
    g_ui32UARTRxReadIndex                    0x20000010   Data           4  uartstdio.o(.data)
    g_ui32Base                               0x20000014   Data           4  uartstdio.o(.data)
    g_ui32PortNum                            0x20000018   Data           4  uartstdio.o(.data)
    .data                                    0x2000001c   Section       12  interface.o(.data)
    .bss                                     0x20000028   Section     1152  uartstdio.o(.bss)
    g_pcUARTTxBuffer                         0x20000028   Data        1024  uartstdio.o(.bss)
    g_pcUARTRxBuffer                         0x20000428   Data         128  uartstdio.o(.bss)
    .bss                                     0x200004a8   Section       16  interface.o(.bss)
    STACK                                    0x200004b8   Section    16384  startup_rvmdk.o(STACK)
    StackMem                                 0x200004b8   Data           0  startup_rvmdk.o(STACK)

    Global Symbols

    Symbol Name                              Value     Ov Type        Size  Object(Section)

    BuildAttributes$$THM_ISAv4$E$P$D$K$B$S$7EM$VFPi3$EXTD16$VFPS$VFMA$PE$A:L22UL41UL21$X:L11$S22US41US21$IEEE1$IW$USESV6$~STKCKD$USESV7$~SHL$OTIME$ROPI$IEEEJ$EBA8$MICROLIB$REQ8$PRES8$EABIv2 0x00000000   Number         0  anon$$obj.o ABSOLUTE
    __ARM_use_no_argv                        0x00000000   Number         0  main.o ABSOLUTE
    __Vectors                                0x00000000   Data           0  startup_rvmdk.o(RESET)
    __cpp_initialize__aeabi_                  - Undefined Weak Reference
    __cxa_finalize                            - Undefined Weak Reference
    __decompress                              - Undefined Weak Reference
    _clock_init                               - Undefined Weak Reference
    _microlib_exit                            - Undefined Weak Reference
    Reset_Handler                            0x0000026d   Thumb Code     0  startup_rvmdk.o(RESET)
    __main                                   0x00000289   Thumb Code     0  entry.o(.ARM.Collect$$$$00000000)
    _main_stk                                0x00000289   Thumb Code     0  entry2.o(.ARM.Collect$$$$00000001)
    _main_scatterload                        0x0000028d   Thumb Code     0  entry5.o(.ARM.Collect$$$$00000004)
    __main_after_scatterload                 0x00000291   Thumb Code     0  entry5.o(.ARM.Collect$$$$00000004)
    _main_clock                              0x00000291   Thumb Code     0  entry7b.o(.ARM.Collect$$$$00000008)
    _main_cpp_init                           0x00000291   Thumb Code     0  entry8b.o(.ARM.Collect$$$$0000000A)
    _main_init                               0x00000291   Thumb Code     0  entry9a.o(.ARM.Collect$$$$0000000B)
    __rt_final_cpp                           0x00000299   Thumb Code     0  entry10a.o(.ARM.Collect$$$$0000000D)
    __rt_final_exit                          0x00000299   Thumb Code     0  entry11a.o(.ARM.Collect$$$$0000000F)
    __aeabi_dadd                             0x0000029d   Thumb Code   322  dadd.o(.text)
    __aeabi_dsub                             0x000003df   Thumb Code     6  dadd.o(.text)
    __aeabi_drsub                            0x000003e5   Thumb Code     6  dadd.o(.text)
    __aeabi_dmul                             0x000003eb   Thumb Code   228  dmul.o(.text)
    __aeabi_ui2d                             0x000004cf   Thumb Code    26  dfltui.o(.text)
    __aeabi_d2uiz                            0x000004e9   Thumb Code    50  dfixui.o(.text)
    __aeabi_d2f                              0x0000051b   Thumb Code    56  d2f.o(.text)
    __aeabi_llsl                             0x00000553   Thumb Code    30  llshl.o(.text)
    _ll_shift_l                              0x00000553   Thumb Code     0  llshl.o(.text)
    __aeabi_llsr                             0x00000571   Thumb Code    32  llushr.o(.text)
    _ll_ushift_r                             0x00000571   Thumb Code     0  llushr.o(.text)
    __aeabi_lasr                             0x00000591   Thumb Code    36  llsshr.o(.text)
    _ll_sshift_r                             0x00000591   Thumb Code     0  llsshr.o(.text)
    __I$use$fp                               0x000005b5   Thumb Code     0  iusefp.o(.text)
    _float_round                             0x000005b5   Thumb Code    18  fepilogue.o(.text)
    _float_epilogue                          0x000005c7   Thumb Code    92  fepilogue.o(.text)
    _frnd                                    0x00000623   Thumb Code    60  frnd.o(.text)
    _double_round                            0x0000065f   Thumb Code    30  depilogue.o(.text)
    _double_epilogue                         0x0000067d   Thumb Code   156  depilogue.o(.text)
    __scatterload                            0x00000719   Thumb Code    28  init.o(.text)
    __scatterload_rt2                        0x00000719   Thumb Code     0  init.o(.text)
    Delay_100ms                              0x0000073d   Thumb Code    24  delay.o(i.Delay_100ms)
    Delay_12ns                               0x00000759   Thumb Code    10  delay.o(i.Delay_12ns)
    GPIOA_intHandler                         0x00000765   Thumb Code   392  interface.o(i.GPIOA_intHandler)
    PLL_Init                                 0x00000941   Thumb Code    90  main.o(i.PLL_Init)
    TimerValueGet                            0x000009a1   Thumb Code    10  timer.o(i.TimerValueGet)
    UARTStdioIntHandler                      0x00000a25   Thumb Code   248  uartstdio.o(i.UARTStdioIntHandler)
    UARTwrite                                0x00000b2d   Thumb Code   134  uartstdio.o(i.UARTwrite)
    __hardfp_roundf                          0x00000bbd   Thumb Code   154  roundf.o(i.__hardfp_roundf)
    __scatterload_copy                       0x00000c57   Thumb Code    14  handlers.o(i.__scatterload_copy)
    __scatterload_null                       0x00000c65   Thumb Code     2  handlers.o(i.__scatterload_null)
    __scatterload_zeroinit                   0x00000c67   Thumb Code    14  handlers.o(i.__scatterload_zeroinit)
    main                                     0x00000c75   Thumb Code   264  main.o(i.main)
    Region$$Table$$Base                      0x00000dc8   Number         0  anon$$obj.o(Region$$Table)
    Region$$Table$$Limit                     0x00000de8   Number         0  anon$$obj.o(Region$$Table)
    New_Count                                0x2000001c   Data           4  interface.o(.data)
    Last_Count                               0x20000020   Data           4  interface.o(.data)
    Diff_Count                               0x20000024   Data           4  interface.o(.data)
    Switch                                   0x200004a8   Data          16  interface.o(.bss)
    __initial_sp                             0x200044b8   Data           0  startup_rvmdk.o(STACK)



==============================================================================

Memory Map of the image

  Image Entry point : 0x0000026d

  Load Region LR_IROM (Base: 0x00000000, Size: 0x00000e10, Max: 0x00040000, ABSOLUTE)

    Execution Region ER_IROM (Base: 0x00000000, Size: 0x00000de8, Max: 0x00040000, ABSOLUTE)

    Base Addr    Size         Type   Attr      Idx    E Section Name        Object

    0x00000000   0x00000288   Code   RO          134  * RESET               startup_rvmdk.o
    0x00000288   0x00000000   Code   RO         2298  * .ARM.Collect$$$$00000000  mc_w.l(entry.o)
    0x00000288   0x00000004   Code   RO         2319    .ARM.Collect$$$$00000001  mc_w.l(entry2.o)
    0x0000028c   0x00000004   Code   RO         2322    .ARM.Collect$$$$00000004  mc_w.l(entry5.o)
    0x00000290   0x00000000   Code   RO         2324    .ARM.Collect$$$$00000008  mc_w.l(entry7b.o)
    0x00000290   0x00000000   Code   RO         2326    .ARM.Collect$$$$0000000A  mc_w.l(entry8b.o)
    0x00000290   0x00000008   Code   RO         2327    .ARM.Collect$$$$0000000B  mc_w.l(entry9a.o)
    0x00000298   0x00000000   Code   RO         2329    .ARM.Collect$$$$0000000D  mc_w.l(entry10a.o)
    0x00000298   0x00000000   Code   RO         2331    .ARM.Collect$$$$0000000F  mc_w.l(entry11a.o)
    0x00000298   0x00000004   Code   RO         2320    .ARM.Collect$$$$00002712  mc_w.l(entry2.o)
    0x0000029c   0x0000014e   Code   RO         2307    .text               mf_w.l(dadd.o)
    0x000003ea   0x000000e4   Code   RO         2309    .text               mf_w.l(dmul.o)
    0x000004ce   0x0000001a   Code   RO         2311    .text               mf_w.l(dfltui.o)
    0x000004e8   0x00000032   Code   RO         2313    .text               mf_w.l(dfixui.o)
    0x0000051a   0x00000038   Code   RO         2317    .text               mf_w.l(d2f.o)
    0x00000552   0x0000001e   Code   RO         2333    .text               mc_w.l(llshl.o)
    0x00000570   0x00000020   Code   RO         2335    .text               mc_w.l(llushr.o)
    0x00000590   0x00000024   Code   RO         2337    .text               mc_w.l(llsshr.o)
    0x000005b4   0x00000000   Code   RO         2339    .text               mc_w.l(iusefp.o)
    0x000005b4   0x0000006e   Code   RO         2340    .text               mf_w.l(fepilogue.o)
    0x00000622   0x0000003c   Code   RO         2342    .text               mf_w.l(frnd.o)
    0x0000065e   0x000000ba   Code   RO         2344    .text               mf_w.l(depilogue.o)
    0x00000718   0x00000024   Code   RO         2346    .text               mc_w.l(init.o)
    0x0000073c   0x0000001c   Code   RO          278    i.Delay_100ms       delay.o
    0x00000758   0x0000000a   Code   RO          279    i.Delay_12ns        delay.o
    0x00000762   0x00000002   PAD
    0x00000764   0x000001b0   Code   RO          735    i.GPIOA_intHandler  interface.o
    0x00000914   0x00000010   Code   RO          143    i.IsBufferEmpty     uartstdio.o
    0x00000924   0x0000001a   Code   RO          144    i.IsBufferFull      uartstdio.o
    0x0000093e   0x00000002   PAD
    0x00000940   0x00000060   Code   RO            1    i.PLL_Init          main.o
    0x000009a0   0x0000000a   Code   RO         1962    i.TimerValueGet     driverlib.lib(timer.o)
    0x000009aa   0x00000002   PAD
    0x000009ac   0x00000078   Code   RO          150    i.UARTPrimeTransmit  uartstdio.o
    0x00000a24   0x00000108   Code   RO          153    i.UARTStdioIntHandler  uartstdio.o
    0x00000b2c   0x00000090   Code   RO          159    i.UARTwrite         uartstdio.o
    0x00000bbc   0x0000009a   Code   RO         2294    i.__hardfp_roundf   m_wm.l(roundf.o)
    0x00000c56   0x0000000e   Code   RO         2350    i.__scatterload_copy  mc_w.l(handlers.o)
    0x00000c64   0x00000002   Code   RO         2351    i.__scatterload_null  mc_w.l(handlers.o)
    0x00000c66   0x0000000e   Code   RO         2352    i.__scatterload_zeroinit  mc_w.l(handlers.o)
    0x00000c74   0x00000118   Code   RO            3    i.main              main.o
    0x00000d8c   0x00000028   Data   RO          161    .constdata          uartstdio.o
    0x00000db4   0x00000011   Data   RO          162    .conststring        uartstdio.o
    0x00000dc5   0x00000003   PAD
    0x00000dc8   0x00000020   Data   RO         2348    Region$$Table       anon$$obj.o


    Execution Region RW_IRAM (Base: 0x20000000, Size: 0x000044b8, Max: 0x00008000, ABSOLUTE)

    Base Addr    Size         Type   Attr      Idx    E Section Name        Object

    0x20000000   0x0000001c   Data   RW          163    .data               uartstdio.o
    0x2000001c   0x0000000c   Data   RW          739    .data               interface.o
    0x20000028   0x00000480   Zero   RW          160    .bss                uartstdio.o
    0x200004a8   0x00000010   Zero   RW          738    .bss                interface.o
    0x200004b8   0x00004000   Zero   RW          132    STACK               startup_rvmdk.o


==============================================================================

Image component sizes


      Code (inc. data)   RO Data    RW Data    ZI Data      Debug   Object Name

        38          4          0          0          0       1003   delay.o
       432         40          0         12         16       1788   interface.o
       376         22          0          0          0       3490   main.o
       648        622          0          0      16384        264   startup_rvmdk.o
       570         38         57         28       1152       8904   uartstdio.o

    ----------------------------------------------------------------------
      2068        726         92         40      17552      15449   Object Totals
         0          0         32          0          0          0   (incl. Generated)
         4          0          3          0          0          0   (incl. Padding)

    ----------------------------------------------------------------------

      Code (inc. data)   RO Data    RW Data    ZI Data      Debug   Library Member Name

         0          0          0          0          0       2780   gpio.o
        10          0          0          0          0        492   timer.o
       154          0          0          0          0        140   roundf.o
         0          0          0          0          0          0   entry.o
         0          0          0          0          0          0   entry10a.o
         0          0          0          0          0          0   entry11a.o
         8          4          0          0          0          0   entry2.o
         4          0          0          0          0          0   entry5.o
         0          0          0          0          0          0   entry7b.o
         0          0          0          0          0          0   entry8b.o
         8          4          0          0          0          0   entry9a.o
        30          0          0          0          0          0   handlers.o
        36          8          0          0          0         68   init.o
         0          0          0          0          0          0   iusefp.o
        30          0          0          0          0         68   llshl.o
        36          0          0          0          0         68   llsshr.o
        32          0          0          0          0         68   llushr.o
        56          0          0          0          0         88   d2f.o
       334          0          0          0          0        148   dadd.o
       186          0          0          0          0        176   depilogue.o
        50          0          0          0          0         76   dfixui.o
        26          0          0          0          0         76   dfltui.o
       228          0          0          0          0         96   dmul.o
       110          0          0          0          0        168   fepilogue.o
        60          0          0          0          0         76   frnd.o

    ----------------------------------------------------------------------
      1400         16          0          0          0       4588   Library Totals
         2          0          0          0          0          0   (incl. Padding)

    ----------------------------------------------------------------------

      Code (inc. data)   RO Data    RW Data    ZI Data      Debug   Library Name

        10          0          0          0          0       3272   driverlib.lib
       154          0          0          0          0        140   m_wm.l
       184         16          0          0          0        272   mc_w.l
      1050          0          0          0          0        904   mf_w.l

    ----------------------------------------------------------------------
      1400         16          0          0          0       4588   Library Totals

    ----------------------------------------------------------------------

==============================================================================


      Code (inc. data)   RO Data    RW Data    ZI Data      Debug   

      3468        742         92         40      17552      18921   Grand Totals
      3468        742         92         40      17552      18921   ELF Image Totals
      3468        742         92         40          0          0   ROM Totals

==============================================================================

    Total RO  Size (Code + RO Data)                 3560 (   3.48kB)
    Total RW  Size (RW Data + ZI Data)             17592 (  17.18kB)
    Total ROM Size (Code + RO Data + RW Data)       3600 (   3.52kB)

==============================================================================

